D:\study\T\MachineLearn\venv\Scripts\python.exe D:/study/T/MachineLearn/keras/recommend/test2.py
Using TensorFlow backend.
训练集样本长度为：800167,测试集样本长度为200042
[1 3 1 ... 2 6 2]
Tensor("embedding_5/embedding_lookup/Identity:0", shape=(?, 1, 32), dtype=float32)
Tensor("reshape_6/Reshape:0", shape=(?, 32), dtype=float32)
Tensor("embedding_6/embedding_lookup/Identity:0", shape=(?, 18, 32), dtype=float32)
Tensor("flatten_1/Reshape:0", shape=(?, ?), dtype=float32)
Tensor("dense_3/BiasAdd:0", shape=(?, 32), dtype=float32)
Train on 800167 samples, validate on 200042 samples
Epoch 1/6
2019-02-16 17:29:05.536999: I tensorflow/core/platform/cpu_feature_guard.cc:141] Your CPU supports instructions that this TensorFlow binary was not compiled to use: AVX2

  1000/800167 [..............................] - ETA: 10:42 - loss: 13.8284 - mean_absolute_error: 3.5346
  3000/800167 [..............................] - ETA: 3:55 - loss: 14.0686 - mean_absolute_error: 3.5789 
  5000/800167 [..............................] - ETA: 2:34 - loss: 13.9208 - mean_absolute_error: 3.5585
  7000/800167 [..............................] - ETA: 1:59 - loss: 13.6651 - mean_absolute_error: 3.5246
  8000/800167 [..............................] - ETA: 1:49 - loss: 13.5687 - mean_absolute_error: 3.5101
 10000/800167 [..............................] - ETA: 1:34 - loss: 13.1274 - mean_absolute_error: 3.4439
 12000/800167 [..............................] - ETA: 1:24 - loss: 12.4897 - mean_absolute_error: 3.3409
 14000/800167 [..............................] - ETA: 1:17 - loss: 11.5117 - mean_absolute_error: 3.1647
 16000/800167 [..............................] - ETA: 1:11 - loss: 10.3301 - mean_absolute_error: 2.9154
 18000/800167 [..............................] - ETA: 1:07 - loss: 9.6473 - mean_absolute_error: 2.7749 
 20000/800167 [..............................] - ETA: 1:03 - loss: 8.9396 - mean_absolute_error: 2.6230
 22000/800167 [..............................] - ETA: 1:00 - loss: 8.2781 - mean_absolute_error: 2.4809
 24000/800167 [..............................] - ETA: 58s - loss: 7.7772 - mean_absolute_error: 2.3814 
 26000/800167 [..............................] - ETA: 56s - loss: 7.3813 - mean_absolute_error: 2.3049
 28000/800167 [>.............................] - ETA: 54s - loss: 7.0126 - mean_absolute_error: 2.2305
 30000/800167 [>.............................] - ETA: 52s - loss: 6.6539 - mean_absolute_error: 2.1523
 32000/800167 [>.............................] - ETA: 51s - loss: 6.3302 - mean_absolute_error: 2.0781
 34000/800167 [>.............................] - ETA: 50s - loss: 6.0607 - mean_absolute_error: 2.0159
 36000/800167 [>.............................] - ETA: 49s - loss: 5.8185 - mean_absolute_error: 1.9606
 38000/800167 [>.............................] - ETA: 48s - loss: 5.5872 - mean_absolute_error: 1.9077
 40000/800167 [>.............................] - ETA: 47s - loss: 5.3789 - mean_absolute_error: 1.8614
 42000/800167 [>.............................] - ETA: 46s - loss: 5.1943 - mean_absolute_error: 1.8214
 44000/800167 [>.............................] - ETA: 45s - loss: 5.0261 - mean_absolute_error: 1.7848
 46000/800167 [>.............................] - ETA: 44s - loss: 4.8620 - mean_absolute_error: 1.7466
 48000/800167 [>.............................] - ETA: 44s - loss: 4.7145 - mean_absolute_error: 1.7123
 50000/800167 [>.............................] - ETA: 43s - loss: 4.5811 - mean_absolute_error: 1.6806
 52000/800167 [>.............................] - ETA: 42s - loss: 4.4542 - mean_absolute_error: 1.6505
 54000/800167 [=>............................] - ETA: 42s - loss: 4.3360 - mean_absolute_error: 1.6234
 56000/800167 [=>............................] - ETA: 41s - loss: 4.2280 - mean_absolute_error: 1.5992
 58000/800167 [=>............................] - ETA: 41s - loss: 4.1263 - mean_absolute_error: 1.5761
 60000/800167 [=>............................] - ETA: 40s - loss: 4.0302 - mean_absolute_error: 1.5541
 62000/800167 [=>............................] - ETA: 40s - loss: 3.9389 - mean_absolute_error: 1.5326
 64000/800167 [=>............................] - ETA: 40s - loss: 3.8526 - mean_absolute_error: 1.5120
 66000/800167 [=>............................] - ETA: 39s - loss: 3.7696 - mean_absolute_error: 1.4916
 68000/800167 [=>............................] - ETA: 39s - loss: 3.6929 - mean_absolute_error: 1.4734
 70000/800167 [=>............................] - ETA: 38s - loss: 3.6212 - mean_absolute_error: 1.4567
 72000/800167 [=>............................] - ETA: 38s - loss: 3.5535 - mean_absolute_error: 1.4408
 74000/800167 [=>............................] - ETA: 38s - loss: 3.4889 - mean_absolute_error: 1.4252
 76000/800167 [=>............................] - ETA: 37s - loss: 3.4270 - mean_absolute_error: 1.4102
 78000/800167 [=>............................] - ETA: 37s - loss: 3.3674 - mean_absolute_error: 1.3956
 80000/800167 [=>............................] - ETA: 37s - loss: 3.3117 - mean_absolute_error: 1.3819
 82000/800167 [==>...........................] - ETA: 37s - loss: 3.2567 - mean_absolute_error: 1.3682
 84000/800167 [==>...........................] - ETA: 36s - loss: 3.2063 - mean_absolute_error: 1.3559
 86000/800167 [==>...........................] - ETA: 36s - loss: 3.1591 - mean_absolute_error: 1.3445
 88000/800167 [==>...........................] - ETA: 36s - loss: 3.1119 - mean_absolute_error: 1.3329
 90000/800167 [==>...........................] - ETA: 36s - loss: 3.0672 - mean_absolute_error: 1.3221
 91000/800167 [==>...........................] - ETA: 36s - loss: 3.0450 - mean_absolute_error: 1.3165
 93000/800167 [==>...........................] - ETA: 35s - loss: 3.0024 - mean_absolute_error: 1.3060
 95000/800167 [==>...........................] - ETA: 35s - loss: 2.9609 - mean_absolute_error: 1.2955
 97000/800167 [==>...........................] - ETA: 35s - loss: 2.9205 - mean_absolute_error: 1.2853
 99000/800167 [==>...........................] - ETA: 35s - loss: 2.8824 - mean_absolute_error: 1.2756
101000/800167 [==>...........................] - ETA: 35s - loss: 2.8460 - mean_absolute_error: 1.2666
103000/800167 [==>...........................] - ETA: 34s - loss: 2.8109 - mean_absolute_error: 1.2580
105000/800167 [==>...........................] - ETA: 34s - loss: 2.7774 - mean_absolute_error: 1.2495
107000/800167 [===>..........................] - ETA: 34s - loss: 2.7450 - mean_absolute_error: 1.2412
109000/800167 [===>..........................] - ETA: 34s - loss: 2.7143 - mean_absolute_error: 1.2335
111000/800167 [===>..........................] - ETA: 34s - loss: 2.6844 - mean_absolute_error: 1.2260
112000/800167 [===>..........................] - ETA: 34s - loss: 2.6698 - mean_absolute_error: 1.2225
113000/800167 [===>..........................] - ETA: 33s - loss: 2.6552 - mean_absolute_error: 1.2188
115000/800167 [===>..........................] - ETA: 33s - loss: 2.6270 - mean_absolute_error: 1.2118
117000/800167 [===>..........................] - ETA: 33s - loss: 2.6005 - mean_absolute_error: 1.2054
119000/800167 [===>..........................] - ETA: 33s - loss: 2.5736 - mean_absolute_error: 1.1987
121000/800167 [===>..........................] - ETA: 33s - loss: 2.5484 - mean_absolute_error: 1.1925
123000/800167 [===>..........................] - ETA: 33s - loss: 2.5237 - mean_absolute_error: 1.1862
125000/800167 [===>..........................] - ETA: 33s - loss: 2.5000 - mean_absolute_error: 1.1802
126000/800167 [===>..........................] - ETA: 33s - loss: 2.4889 - mean_absolute_error: 1.1775
127000/800167 [===>..........................] - ETA: 33s - loss: 2.4774 - mean_absolute_error: 1.1746
128000/800167 [===>..........................] - ETA: 33s - loss: 2.4658 - mean_absolute_error: 1.1717
130000/800167 [===>..........................] - ETA: 33s - loss: 2.4433 - mean_absolute_error: 1.1659
132000/800167 [===>..........................] - ETA: 33s - loss: 2.4219 - mean_absolute_error: 1.1606
134000/800167 [====>.........................] - ETA: 32s - loss: 2.4018 - mean_absolute_error: 1.1557
136000/800167 [====>.........................] - ETA: 32s - loss: 2.3810 - mean_absolute_error: 1.1505
138000/800167 [====>.........................] - ETA: 32s - loss: 2.3609 - mean_absolute_error: 1.1453
140000/800167 [====>.........................] - ETA: 32s - loss: 2.3418 - mean_absolute_error: 1.1405
142000/800167 [====>.........................] - ETA: 32s - loss: 2.3231 - mean_absolute_error: 1.1358
144000/800167 [====>.........................] - ETA: 32s - loss: 2.3048 - mean_absolute_error: 1.1311
146000/800167 [====>.........................] - ETA: 31s - loss: 2.2878 - mean_absolute_error: 1.1270
148000/800167 [====>.........................] - ETA: 31s - loss: 2.2708 - mean_absolute_error: 1.1228
150000/800167 [====>.........................] - ETA: 31s - loss: 2.2534 - mean_absolute_error: 1.1183
152000/800167 [====>.........................] - ETA: 31s - loss: 2.2367 - mean_absolute_error: 1.1141
154000/800167 [====>.........................] - ETA: 31s - loss: 2.2202 - mean_absolute_error: 1.1097
156000/800167 [====>.........................] - ETA: 31s - loss: 2.2048 - mean_absolute_error: 1.1058
158000/800167 [====>.........................] - ETA: 30s - loss: 2.1895 - mean_absolute_error: 1.1019
160000/800167 [====>.........................] - ETA: 30s - loss: 2.1751 - mean_absolute_error: 1.0983
162000/800167 [=====>........................] - ETA: 30s - loss: 2.1606 - mean_absolute_error: 1.0947
164000/800167 [=====>........................] - ETA: 30s - loss: 2.1465 - mean_absolute_error: 1.0911
166000/800167 [=====>........................] - ETA: 30s - loss: 2.1329 - mean_absolute_error: 1.0876
168000/800167 [=====>........................] - ETA: 30s - loss: 2.1197 - mean_absolute_error: 1.0843
170000/800167 [=====>........................] - ETA: 30s - loss: 2.1058 - mean_absolute_error: 1.0807
172000/800167 [=====>........................] - ETA: 29s - loss: 2.0933 - mean_absolute_error: 1.0777
174000/800167 [=====>........................] - ETA: 29s - loss: 2.0810 - mean_absolute_error: 1.0745
176000/800167 [=====>........................] - ETA: 29s - loss: 2.0683 - mean_absolute_error: 1.0712
178000/800167 [=====>........................] - ETA: 29s - loss: 2.0565 - mean_absolute_error: 1.0683
180000/800167 [=====>........................] - ETA: 29s - loss: 2.0453 - mean_absolute_error: 1.0656
182000/800167 [=====>........................] - ETA: 29s - loss: 2.0344 - mean_absolute_error: 1.0630
184000/800167 [=====>........................] - ETA: 28s - loss: 2.0229 - mean_absolute_error: 1.0599
186000/800167 [=====>........................] - ETA: 28s - loss: 2.0114 - mean_absolute_error: 1.0569
188000/800167 [======>.......................] - ETA: 28s - loss: 2.0001 - mean_absolute_error: 1.0539
190000/800167 [======>.......................] - ETA: 28s - loss: 1.9897 - mean_absolute_error: 1.0514
192000/800167 [======>.......................] - ETA: 28s - loss: 1.9792 - mean_absolute_error: 1.0487
194000/800167 [======>.......................] - ETA: 28s - loss: 1.9687 - mean_absolute_error: 1.0460
196000/800167 [======>.......................] - ETA: 28s - loss: 1.9587 - mean_absolute_error: 1.0434
198000/800167 [======>.......................] - ETA: 27s - loss: 1.9486 - mean_absolute_error: 1.0408
200000/800167 [======>.......................] - ETA: 27s - loss: 1.9395 - mean_absolute_error: 1.0386
202000/800167 [======>.......................] - ETA: 27s - loss: 1.9302 - mean_absolute_error: 1.0363
204000/800167 [======>.......................] - ETA: 27s - loss: 1.9209 - mean_absolute_error: 1.0338
206000/800167 [======>.......................] - ETA: 27s - loss: 1.9120 - mean_absolute_error: 1.0315
208000/800167 [======>.......................] - ETA: 27s - loss: 1.9031 - mean_absolute_error: 1.0292
210000/800167 [======>.......................] - ETA: 27s - loss: 1.8946 - mean_absolute_error: 1.0271
212000/800167 [======>.......................] - ETA: 27s - loss: 1.8858 - mean_absolute_error: 1.0248
214000/800167 [=======>......................] - ETA: 26s - loss: 1.8776 - mean_absolute_error: 1.0227
215000/800167 [=======>......................] - ETA: 26s - loss: 1.8732 - mean_absolute_error: 1.0215
217000/800167 [=======>......................] - ETA: 26s - loss: 1.8655 - mean_absolute_error: 1.0195
219000/800167 [=======>......................] - ETA: 26s - loss: 1.8574 - mean_absolute_error: 1.0175
220000/800167 [=======>......................] - ETA: 26s - loss: 1.8532 - mean_absolute_error: 1.0164
221000/800167 [=======>......................] - ETA: 26s - loss: 1.8495 - mean_absolute_error: 1.0155
223000/800167 [=======>......................] - ETA: 26s - loss: 1.8421 - mean_absolute_error: 1.0137
225000/800167 [=======>......................] - ETA: 26s - loss: 1.8340 - mean_absolute_error: 1.0116
227000/800167 [=======>......................] - ETA: 26s - loss: 1.8269 - mean_absolute_error: 1.0097
229000/800167 [=======>......................] - ETA: 26s - loss: 1.8196 - mean_absolute_error: 1.0079
230000/800167 [=======>......................] - ETA: 26s - loss: 1.8162 - mean_absolute_error: 1.0070
232000/800167 [=======>......................] - ETA: 26s - loss: 1.8092 - mean_absolute_error: 1.0054
234000/800167 [=======>......................] - ETA: 26s - loss: 1.8021 - mean_absolute_error: 1.0036
236000/800167 [=======>......................] - ETA: 25s - loss: 1.7953 - mean_absolute_error: 1.0018
238000/800167 [=======>......................] - ETA: 25s - loss: 1.7883 - mean_absolute_error: 0.9999
240000/800167 [=======>......................] - ETA: 25s - loss: 1.7820 - mean_absolute_error: 0.9984
242000/800167 [========>.....................] - ETA: 25s - loss: 1.7757 - mean_absolute_error: 0.9969
244000/800167 [========>.....................] - ETA: 25s - loss: 1.7691 - mean_absolute_error: 0.9952
246000/800167 [========>.....................] - ETA: 25s - loss: 1.7624 - mean_absolute_error: 0.9933
248000/800167 [========>.....................] - ETA: 25s - loss: 1.7559 - mean_absolute_error: 0.9916
250000/800167 [========>.....................] - ETA: 25s - loss: 1.7495 - mean_absolute_error: 0.9899
252000/800167 [========>.....................] - ETA: 25s - loss: 1.7435 - mean_absolute_error: 0.9884
254000/800167 [========>.....................] - ETA: 24s - loss: 1.7373 - mean_absolute_error: 0.9867
256000/800167 [========>.....................] - ETA: 24s - loss: 1.7310 - mean_absolute_error: 0.9850
258000/800167 [========>.....................] - ETA: 24s - loss: 1.7255 - mean_absolute_error: 0.9836
260000/800167 [========>.....................] - ETA: 24s - loss: 1.7195 - mean_absolute_error: 0.9820
262000/800167 [========>.....................] - ETA: 24s - loss: 1.7135 - mean_absolute_error: 0.9804
263000/800167 [========>.....................] - ETA: 24s - loss: 1.7105 - mean_absolute_error: 0.9796
264000/800167 [========>.....................] - ETA: 24s - loss: 1.7076 - mean_absolute_error: 0.9788
265000/800167 [========>.....................] - ETA: 24s - loss: 1.7046 - mean_absolute_error: 0.9780
267000/800167 [=========>....................] - ETA: 24s - loss: 1.6992 - mean_absolute_error: 0.9766
269000/800167 [=========>....................] - ETA: 24s - loss: 1.6941 - mean_absolute_error: 0.9753
271000/800167 [=========>....................] - ETA: 24s - loss: 1.6886 - mean_absolute_error: 0.9738
273000/800167 [=========>....................] - ETA: 24s - loss: 1.6831 - mean_absolute_error: 0.9723
275000/800167 [=========>....................] - ETA: 23s - loss: 1.6777 - mean_absolute_error: 0.9708
277000/800167 [=========>....................] - ETA: 23s - loss: 1.6727 - mean_absolute_error: 0.9695
279000/800167 [=========>....................] - ETA: 23s - loss: 1.6675 - mean_absolute_error: 0.9682
281000/800167 [=========>....................] - ETA: 23s - loss: 1.6632 - mean_absolute_error: 0.9672
283000/800167 [=========>....................] - ETA: 23s - loss: 1.6588 - mean_absolute_error: 0.9660
285000/800167 [=========>....................] - ETA: 23s - loss: 1.6539 - mean_absolute_error: 0.9648
287000/800167 [=========>....................] - ETA: 23s - loss: 1.6489 - mean_absolute_error: 0.9635
289000/800167 [=========>....................] - ETA: 23s - loss: 1.6441 - mean_absolute_error: 0.9622
291000/800167 [=========>....................] - ETA: 23s - loss: 1.6392 - mean_absolute_error: 0.9609
293000/800167 [=========>....................] - ETA: 22s - loss: 1.6346 - mean_absolute_error: 0.9597
295000/800167 [==========>...................] - ETA: 22s - loss: 1.6298 - mean_absolute_error: 0.9584
297000/800167 [==========>...................] - ETA: 22s - loss: 1.6250 - mean_absolute_error: 0.9571
299000/800167 [==========>...................] - ETA: 22s - loss: 1.6205 - mean_absolute_error: 0.9560
301000/800167 [==========>...................] - ETA: 22s - loss: 1.6161 - mean_absolute_error: 0.9548
303000/800167 [==========>...................] - ETA: 22s - loss: 1.6112 - mean_absolute_error: 0.9534
305000/800167 [==========>...................] - ETA: 22s - loss: 1.6072 - mean_absolute_error: 0.9524
307000/800167 [==========>...................] - ETA: 22s - loss: 1.6028 - mean_absolute_error: 0.9512
309000/800167 [==========>...................] - ETA: 22s - loss: 1.5985 - mean_absolute_error: 0.9500
311000/800167 [==========>...................] - ETA: 21s - loss: 1.5944 - mean_absolute_error: 0.9489
313000/800167 [==========>...................] - ETA: 21s - loss: 1.5903 - mean_absolute_error: 0.9478
315000/800167 [==========>...................] - ETA: 21s - loss: 1.5865 - mean_absolute_error: 0.9469
317000/800167 [==========>...................] - ETA: 21s - loss: 1.5826 - mean_absolute_error: 0.9458
319000/800167 [==========>...................] - ETA: 21s - loss: 1.5790 - mean_absolute_error: 0.9449
321000/800167 [===========>..................] - ETA: 21s - loss: 1.5751 - mean_absolute_error: 0.9438
323000/800167 [===========>..................] - ETA: 21s - loss: 1.5711 - mean_absolute_error: 0.9427
325000/800167 [===========>..................] - ETA: 21s - loss: 1.5674 - mean_absolute_error: 0.9417
327000/800167 [===========>..................] - ETA: 21s - loss: 1.5637 - mean_absolute_error: 0.9408
329000/800167 [===========>..................] - ETA: 21s - loss: 1.5604 - mean_absolute_error: 0.9399
331000/800167 [===========>..................] - ETA: 20s - loss: 1.5566 - mean_absolute_error: 0.9389
333000/800167 [===========>..................] - ETA: 20s - loss: 1.5530 - mean_absolute_error: 0.9380
335000/800167 [===========>..................] - ETA: 20s - loss: 1.5493 - mean_absolute_error: 0.9370
337000/800167 [===========>..................] - ETA: 20s - loss: 1.5460 - mean_absolute_error: 0.9361
339000/800167 [===========>..................] - ETA: 20s - loss: 1.5425 - mean_absolute_error: 0.9352
341000/800167 [===========>..................] - ETA: 20s - loss: 1.5388 - mean_absolute_error: 0.9343
343000/800167 [===========>..................] - ETA: 20s - loss: 1.5357 - mean_absolute_error: 0.9336
345000/800167 [===========>..................] - ETA: 20s - loss: 1.5323 - mean_absolute_error: 0.9326
347000/800167 [============>.................] - ETA: 20s - loss: 1.5291 - mean_absolute_error: 0.9318
349000/800167 [============>.................] - ETA: 20s - loss: 1.5260 - mean_absolute_error: 0.9310
350000/800167 [============>.................] - ETA: 19s - loss: 1.5247 - mean_absolute_error: 0.9307
351000/800167 [============>.................] - ETA: 19s - loss: 1.5229 - mean_absolute_error: 0.9301
353000/800167 [============>.................] - ETA: 19s - loss: 1.5198 - mean_absolute_error: 0.9293
355000/800167 [============>.................] - ETA: 19s - loss: 1.5168 - mean_absolute_error: 0.9285
357000/800167 [============>.................] - ETA: 19s - loss: 1.5138 - mean_absolute_error: 0.9277
359000/800167 [============>.................] - ETA: 19s - loss: 1.5107 - mean_absolute_error: 0.9269
361000/800167 [============>.................] - ETA: 19s - loss: 1.5073 - mean_absolute_error: 0.9259
363000/800167 [============>.................] - ETA: 19s - loss: 1.5047 - mean_absolute_error: 0.9252
364000/800167 [============>.................] - ETA: 19s - loss: 1.5033 - mean_absolute_error: 0.9249
366000/800167 [============>.................] - ETA: 19s - loss: 1.5005 - mean_absolute_error: 0.9242
367000/800167 [============>.................] - ETA: 19s - loss: 1.4991 - mean_absolute_error: 0.9238
368000/800167 [============>.................] - ETA: 19s - loss: 1.4977 - mean_absolute_error: 0.9235
369000/800167 [============>.................] - ETA: 19s - loss: 1.4964 - mean_absolute_error: 0.9232
371000/800167 [============>.................] - ETA: 19s - loss: 1.4935 - mean_absolute_error: 0.9224
373000/800167 [============>.................] - ETA: 18s - loss: 1.4904 - mean_absolute_error: 0.9216
375000/800167 [=============>................] - ETA: 18s - loss: 1.4877 - mean_absolute_error: 0.9210
377000/800167 [=============>................] - ETA: 18s - loss: 1.4852 - mean_absolute_error: 0.9203
379000/800167 [=============>................] - ETA: 18s - loss: 1.4825 - mean_absolute_error: 0.9196
381000/800167 [=============>................] - ETA: 18s - loss: 1.4796 - mean_absolute_error: 0.9188
382000/800167 [=============>................] - ETA: 18s - loss: 1.4786 - mean_absolute_error: 0.9185
384000/800167 [=============>................] - ETA: 18s - loss: 1.4759 - mean_absolute_error: 0.9179
386000/800167 [=============>................] - ETA: 18s - loss: 1.4733 - mean_absolute_error: 0.9172
388000/800167 [=============>................] - ETA: 18s - loss: 1.4707 - mean_absolute_error: 0.9166
390000/800167 [=============>................] - ETA: 18s - loss: 1.4682 - mean_absolute_error: 0.9159
392000/800167 [=============>................] - ETA: 18s - loss: 1.4657 - mean_absolute_error: 0.9152
394000/800167 [=============>................] - ETA: 17s - loss: 1.4632 - mean_absolute_error: 0.9146
396000/800167 [=============>................] - ETA: 17s - loss: 1.4605 - mean_absolute_error: 0.9139
398000/800167 [=============>................] - ETA: 17s - loss: 1.4579 - mean_absolute_error: 0.9131
400000/800167 [=============>................] - ETA: 17s - loss: 1.4553 - mean_absolute_error: 0.9124
402000/800167 [==============>...............] - ETA: 17s - loss: 1.4528 - mean_absolute_error: 0.9117
404000/800167 [==============>...............] - ETA: 17s - loss: 1.4503 - mean_absolute_error: 0.9111
406000/800167 [==============>...............] - ETA: 17s - loss: 1.4480 - mean_absolute_error: 0.9105
408000/800167 [==============>...............] - ETA: 17s - loss: 1.4456 - mean_absolute_error: 0.9098
410000/800167 [==============>...............] - ETA: 17s - loss: 1.4435 - mean_absolute_error: 0.9094
412000/800167 [==============>...............] - ETA: 17s - loss: 1.4411 - mean_absolute_error: 0.9087
414000/800167 [==============>...............] - ETA: 17s - loss: 1.4388 - mean_absolute_error: 0.9082
416000/800167 [==============>...............] - ETA: 16s - loss: 1.4365 - mean_absolute_error: 0.9075
418000/800167 [==============>...............] - ETA: 16s - loss: 1.4342 - mean_absolute_error: 0.9069
420000/800167 [==============>...............] - ETA: 16s - loss: 1.4321 - mean_absolute_error: 0.9064
422000/800167 [==============>...............] - ETA: 16s - loss: 1.4300 - mean_absolute_error: 0.9059
424000/800167 [==============>...............] - ETA: 16s - loss: 1.4280 - mean_absolute_error: 0.9054
426000/800167 [==============>...............] - ETA: 16s - loss: 1.4258 - mean_absolute_error: 0.9048
428000/800167 [===============>..............] - ETA: 16s - loss: 1.4237 - mean_absolute_error: 0.9042
430000/800167 [===============>..............] - ETA: 16s - loss: 1.4214 - mean_absolute_error: 0.9036
432000/800167 [===============>..............] - ETA: 16s - loss: 1.4195 - mean_absolute_error: 0.9031
434000/800167 [===============>..............] - ETA: 16s - loss: 1.4175 - mean_absolute_error: 0.9026
436000/800167 [===============>..............] - ETA: 15s - loss: 1.4154 - mean_absolute_error: 0.9021
438000/800167 [===============>..............] - ETA: 15s - loss: 1.4137 - mean_absolute_error: 0.9017
440000/800167 [===============>..............] - ETA: 15s - loss: 1.4118 - mean_absolute_error: 0.9012
442000/800167 [===============>..............] - ETA: 15s - loss: 1.4098 - mean_absolute_error: 0.9007
444000/800167 [===============>..............] - ETA: 15s - loss: 1.4078 - mean_absolute_error: 0.9002
446000/800167 [===============>..............] - ETA: 15s - loss: 1.4057 - mean_absolute_error: 0.8996
448000/800167 [===============>..............] - ETA: 15s - loss: 1.4036 - mean_absolute_error: 0.8990
450000/800167 [===============>..............] - ETA: 15s - loss: 1.4019 - mean_absolute_error: 0.8986
452000/800167 [===============>..............] - ETA: 15s - loss: 1.4000 - mean_absolute_error: 0.8981
454000/800167 [================>.............] - ETA: 15s - loss: 1.3980 - mean_absolute_error: 0.8976
456000/800167 [================>.............] - ETA: 14s - loss: 1.3962 - mean_absolute_error: 0.8971
458000/800167 [================>.............] - ETA: 14s - loss: 1.3942 - mean_absolute_error: 0.8966
460000/800167 [================>.............] - ETA: 14s - loss: 1.3921 - mean_absolute_error: 0.8960
462000/800167 [================>.............] - ETA: 14s - loss: 1.3902 - mean_absolute_error: 0.8955
464000/800167 [================>.............] - ETA: 14s - loss: 1.3885 - mean_absolute_error: 0.8950
466000/800167 [================>.............] - ETA: 14s - loss: 1.3865 - mean_absolute_error: 0.8945
468000/800167 [================>.............] - ETA: 14s - loss: 1.3847 - mean_absolute_error: 0.8940
470000/800167 [================>.............] - ETA: 14s - loss: 1.3829 - mean_absolute_error: 0.8935
472000/800167 [================>.............] - ETA: 14s - loss: 1.3814 - mean_absolute_error: 0.8931
474000/800167 [================>.............] - ETA: 14s - loss: 1.3794 - mean_absolute_error: 0.8926
476000/800167 [================>.............] - ETA: 14s - loss: 1.3775 - mean_absolute_error: 0.8922
478000/800167 [================>.............] - ETA: 14s - loss: 1.3756 - mean_absolute_error: 0.8917
480000/800167 [================>.............] - ETA: 13s - loss: 1.3738 - mean_absolute_error: 0.8911
482000/800167 [=================>............] - ETA: 13s - loss: 1.3720 - mean_absolute_error: 0.8906
484000/800167 [=================>............] - ETA: 13s - loss: 1.3705 - mean_absolute_error: 0.8902
486000/800167 [=================>............] - ETA: 13s - loss: 1.3690 - mean_absolute_error: 0.8899
488000/800167 [=================>............] - ETA: 13s - loss: 1.3674 - mean_absolute_error: 0.8894
490000/800167 [=================>............] - ETA: 13s - loss: 1.3658 - mean_absolute_error: 0.8890
492000/800167 [=================>............] - ETA: 13s - loss: 1.3641 - mean_absolute_error: 0.8885
494000/800167 [=================>............] - ETA: 13s - loss: 1.3626 - mean_absolute_error: 0.8881
496000/800167 [=================>............] - ETA: 13s - loss: 1.3607 - mean_absolute_error: 0.8876
498000/800167 [=================>............] - ETA: 13s - loss: 1.3589 - mean_absolute_error: 0.8871
500000/800167 [=================>............] - ETA: 12s - loss: 1.3572 - mean_absolute_error: 0.8867
502000/800167 [=================>............] - ETA: 12s - loss: 1.3555 - mean_absolute_error: 0.8862
504000/800167 [=================>............] - ETA: 12s - loss: 1.3541 - mean_absolute_error: 0.8858
506000/800167 [=================>............] - ETA: 12s - loss: 1.3525 - mean_absolute_error: 0.8854
508000/800167 [==================>...........] - ETA: 12s - loss: 1.3509 - mean_absolute_error: 0.8850
510000/800167 [==================>...........] - ETA: 12s - loss: 1.3495 - mean_absolute_error: 0.8846
512000/800167 [==================>...........] - ETA: 12s - loss: 1.3478 - mean_absolute_error: 0.8841
514000/800167 [==================>...........] - ETA: 12s - loss: 1.3462 - mean_absolute_error: 0.8837
516000/800167 [==================>...........] - ETA: 12s - loss: 1.3446 - mean_absolute_error: 0.8832
518000/800167 [==================>...........] - ETA: 12s - loss: 1.3430 - mean_absolute_error: 0.8828
520000/800167 [==================>...........] - ETA: 12s - loss: 1.3415 - mean_absolute_error: 0.8823
522000/800167 [==================>...........] - ETA: 11s - loss: 1.3400 - mean_absolute_error: 0.8820
524000/800167 [==================>...........] - ETA: 11s - loss: 1.3387 - mean_absolute_error: 0.8816
526000/800167 [==================>...........] - ETA: 11s - loss: 1.3374 - mean_absolute_error: 0.8813
528000/800167 [==================>...........] - ETA: 11s - loss: 1.3359 - mean_absolute_error: 0.8809
530000/800167 [==================>...........] - ETA: 11s - loss: 1.3346 - mean_absolute_error: 0.8806
532000/800167 [==================>...........] - ETA: 11s - loss: 1.3330 - mean_absolute_error: 0.8802
534000/800167 [===================>..........] - ETA: 11s - loss: 1.3314 - mean_absolute_error: 0.8797
536000/800167 [===================>..........] - ETA: 11s - loss: 1.3303 - mean_absolute_error: 0.8794
538000/800167 [===================>..........] - ETA: 11s - loss: 1.3289 - mean_absolute_error: 0.8790
540000/800167 [===================>..........] - ETA: 11s - loss: 1.3276 - mean_absolute_error: 0.8787
542000/800167 [===================>..........] - ETA: 11s - loss: 1.3261 - mean_absolute_error: 0.8783
544000/800167 [===================>..........] - ETA: 11s - loss: 1.3248 - mean_absolute_error: 0.8780
546000/800167 [===================>..........] - ETA: 10s - loss: 1.3235 - mean_absolute_error: 0.8776
548000/800167 [===================>..........] - ETA: 10s - loss: 1.3223 - mean_absolute_error: 0.8773
550000/800167 [===================>..........] - ETA: 10s - loss: 1.3209 - mean_absolute_error: 0.8769
552000/800167 [===================>..........] - ETA: 10s - loss: 1.3194 - mean_absolute_error: 0.8765
554000/800167 [===================>..........] - ETA: 10s - loss: 1.3179 - mean_absolute_error: 0.8761
556000/800167 [===================>..........] - ETA: 10s - loss: 1.3167 - mean_absolute_error: 0.8757
558000/800167 [===================>..........] - ETA: 10s - loss: 1.3154 - mean_absolute_error: 0.8754
560000/800167 [===================>..........] - ETA: 10s - loss: 1.3140 - mean_absolute_error: 0.8751
562000/800167 [====================>.........] - ETA: 10s - loss: 1.3128 - mean_absolute_error: 0.8747
564000/800167 [====================>.........] - ETA: 10s - loss: 1.3114 - mean_absolute_error: 0.8743
566000/800167 [====================>.........] - ETA: 10s - loss: 1.3101 - mean_absolute_error: 0.8740
568000/800167 [====================>.........] - ETA: 9s - loss: 1.3088 - mean_absolute_error: 0.8736 
570000/800167 [====================>.........] - ETA: 9s - loss: 1.3074 - mean_absolute_error: 0.8732
572000/800167 [====================>.........] - ETA: 9s - loss: 1.3059 - mean_absolute_error: 0.8728
574000/800167 [====================>.........] - ETA: 9s - loss: 1.3048 - mean_absolute_error: 0.8725
576000/800167 [====================>.........] - ETA: 9s - loss: 1.3037 - mean_absolute_error: 0.8722
578000/800167 [====================>.........] - ETA: 9s - loss: 1.3026 - mean_absolute_error: 0.8720
580000/800167 [====================>.........] - ETA: 9s - loss: 1.3015 - mean_absolute_error: 0.8716
582000/800167 [====================>.........] - ETA: 9s - loss: 1.3002 - mean_absolute_error: 0.8712
584000/800167 [====================>.........] - ETA: 9s - loss: 1.2989 - mean_absolute_error: 0.8709
586000/800167 [====================>.........] - ETA: 9s - loss: 1.2978 - mean_absolute_error: 0.8706
588000/800167 [=====================>........] - ETA: 9s - loss: 1.2965 - mean_absolute_error: 0.8702
590000/800167 [=====================>........] - ETA: 8s - loss: 1.2953 - mean_absolute_error: 0.8698
592000/800167 [=====================>........] - ETA: 8s - loss: 1.2941 - mean_absolute_error: 0.8695
594000/800167 [=====================>........] - ETA: 8s - loss: 1.2929 - mean_absolute_error: 0.8692
596000/800167 [=====================>........] - ETA: 8s - loss: 1.2920 - mean_absolute_error: 0.8690
598000/800167 [=====================>........] - ETA: 8s - loss: 1.2909 - mean_absolute_error: 0.8687
600000/800167 [=====================>........] - ETA: 8s - loss: 1.2896 - mean_absolute_error: 0.8683
602000/800167 [=====================>........] - ETA: 8s - loss: 1.2885 - mean_absolute_error: 0.8680
604000/800167 [=====================>........] - ETA: 8s - loss: 1.2872 - mean_absolute_error: 0.8676
606000/800167 [=====================>........] - ETA: 8s - loss: 1.2864 - mean_absolute_error: 0.8674
608000/800167 [=====================>........] - ETA: 8s - loss: 1.2852 - mean_absolute_error: 0.8671
610000/800167 [=====================>........] - ETA: 8s - loss: 1.2839 - mean_absolute_error: 0.8667
612000/800167 [=====================>........] - ETA: 8s - loss: 1.2826 - mean_absolute_error: 0.8663
614000/800167 [======================>.......] - ETA: 7s - loss: 1.2815 - mean_absolute_error: 0.8660
616000/800167 [======================>.......] - ETA: 7s - loss: 1.2804 - mean_absolute_error: 0.8657
618000/800167 [======================>.......] - ETA: 7s - loss: 1.2795 - mean_absolute_error: 0.8655
620000/800167 [======================>.......] - ETA: 7s - loss: 1.2785 - mean_absolute_error: 0.8652
622000/800167 [======================>.......] - ETA: 7s - loss: 1.2775 - mean_absolute_error: 0.8650
624000/800167 [======================>.......] - ETA: 7s - loss: 1.2765 - mean_absolute_error: 0.8647
626000/800167 [======================>.......] - ETA: 7s - loss: 1.2753 - mean_absolute_error: 0.8644
628000/800167 [======================>.......] - ETA: 7s - loss: 1.2743 - mean_absolute_error: 0.8641
630000/800167 [======================>.......] - ETA: 7s - loss: 1.2731 - mean_absolute_error: 0.8638
632000/800167 [======================>.......] - ETA: 7s - loss: 1.2720 - mean_absolute_error: 0.8635
634000/800167 [======================>.......] - ETA: 7s - loss: 1.2711 - mean_absolute_error: 0.8632
636000/800167 [======================>.......] - ETA: 6s - loss: 1.2702 - mean_absolute_error: 0.8630
638000/800167 [======================>.......] - ETA: 6s - loss: 1.2691 - mean_absolute_error: 0.8627
640000/800167 [======================>.......] - ETA: 6s - loss: 1.2682 - mean_absolute_error: 0.8625
642000/800167 [=======================>......] - ETA: 6s - loss: 1.2671 - mean_absolute_error: 0.8622
644000/800167 [=======================>......] - ETA: 6s - loss: 1.2661 - mean_absolute_error: 0.8619
646000/800167 [=======================>......] - ETA: 6s - loss: 1.2653 - mean_absolute_error: 0.8617
648000/800167 [=======================>......] - ETA: 6s - loss: 1.2642 - mean_absolute_error: 0.8614
650000/800167 [=======================>......] - ETA: 6s - loss: 1.2634 - mean_absolute_error: 0.8612
652000/800167 [=======================>......] - ETA: 6s - loss: 1.2625 - mean_absolute_error: 0.8609
654000/800167 [=======================>......] - ETA: 6s - loss: 1.2615 - mean_absolute_error: 0.8607
656000/800167 [=======================>......] - ETA: 6s - loss: 1.2605 - mean_absolute_error: 0.8604
658000/800167 [=======================>......] - ETA: 6s - loss: 1.2597 - mean_absolute_error: 0.8602
660000/800167 [=======================>......] - ETA: 5s - loss: 1.2586 - mean_absolute_error: 0.8599
662000/800167 [=======================>......] - ETA: 5s - loss: 1.2576 - mean_absolute_error: 0.8596
664000/800167 [=======================>......] - ETA: 5s - loss: 1.2568 - mean_absolute_error: 0.8594
666000/800167 [=======================>......] - ETA: 5s - loss: 1.2558 - mean_absolute_error: 0.8591
668000/800167 [========================>.....] - ETA: 5s - loss: 1.2549 - mean_absolute_error: 0.8589
670000/800167 [========================>.....] - ETA: 5s - loss: 1.2542 - mean_absolute_error: 0.8587
672000/800167 [========================>.....] - ETA: 5s - loss: 1.2532 - mean_absolute_error: 0.8585
674000/800167 [========================>.....] - ETA: 5s - loss: 1.2523 - mean_absolute_error: 0.8582
676000/800167 [========================>.....] - ETA: 5s - loss: 1.2514 - mean_absolute_error: 0.8580
678000/800167 [========================>.....] - ETA: 5s - loss: 1.2505 - mean_absolute_error: 0.8577
680000/800167 [========================>.....] - ETA: 5s - loss: 1.2496 - mean_absolute_error: 0.8575
682000/800167 [========================>.....] - ETA: 4s - loss: 1.2486 - mean_absolute_error: 0.8572
684000/800167 [========================>.....] - ETA: 4s - loss: 1.2476 - mean_absolute_error: 0.8569
686000/800167 [========================>.....] - ETA: 4s - loss: 1.2467 - mean_absolute_error: 0.8566
688000/800167 [========================>.....] - ETA: 4s - loss: 1.2457 - mean_absolute_error: 0.8563
690000/800167 [========================>.....] - ETA: 4s - loss: 1.2448 - mean_absolute_error: 0.8561
692000/800167 [========================>.....] - ETA: 4s - loss: 1.2438 - mean_absolute_error: 0.8558
694000/800167 [=========================>....] - ETA: 4s - loss: 1.2429 - mean_absolute_error: 0.8555
696000/800167 [=========================>....] - ETA: 4s - loss: 1.2421 - mean_absolute_error: 0.8553
698000/800167 [=========================>....] - ETA: 4s - loss: 1.2411 - mean_absolute_error: 0.8550
700000/800167 [=========================>....] - ETA: 4s - loss: 1.2402 - mean_absolute_error: 0.8547
702000/800167 [=========================>....] - ETA: 4s - loss: 1.2393 - mean_absolute_error: 0.8545
704000/800167 [=========================>....] - ETA: 4s - loss: 1.2385 - mean_absolute_error: 0.8542
706000/800167 [=========================>....] - ETA: 3s - loss: 1.2378 - mean_absolute_error: 0.8540
708000/800167 [=========================>....] - ETA: 3s - loss: 1.2371 - mean_absolute_error: 0.8538
710000/800167 [=========================>....] - ETA: 3s - loss: 1.2361 - mean_absolute_error: 0.8535
712000/800167 [=========================>....] - ETA: 3s - loss: 1.2353 - mean_absolute_error: 0.8533
714000/800167 [=========================>....] - ETA: 3s - loss: 1.2345 - mean_absolute_error: 0.8531
716000/800167 [=========================>....] - ETA: 3s - loss: 1.2337 - mean_absolute_error: 0.8528
718000/800167 [=========================>....] - ETA: 3s - loss: 1.2330 - mean_absolute_error: 0.8527
720000/800167 [=========================>....] - ETA: 3s - loss: 1.2321 - mean_absolute_error: 0.8524
722000/800167 [==========================>...] - ETA: 3s - loss: 1.2314 - mean_absolute_error: 0.8522
724000/800167 [==========================>...] - ETA: 3s - loss: 1.2307 - mean_absolute_error: 0.8521
726000/800167 [==========================>...] - ETA: 3s - loss: 1.2299 - mean_absolute_error: 0.8518
728000/800167 [==========================>...] - ETA: 3s - loss: 1.2291 - mean_absolute_error: 0.8516
730000/800167 [==========================>...] - ETA: 2s - loss: 1.2282 - mean_absolute_error: 0.8514
732000/800167 [==========================>...] - ETA: 2s - loss: 1.2273 - mean_absolute_error: 0.8511
734000/800167 [==========================>...] - ETA: 2s - loss: 1.2265 - mean_absolute_error: 0.8509
736000/800167 [==========================>...] - ETA: 2s - loss: 1.2257 - mean_absolute_error: 0.8506
738000/800167 [==========================>...] - ETA: 2s - loss: 1.2249 - mean_absolute_error: 0.8504
740000/800167 [==========================>...] - ETA: 2s - loss: 1.2240 - mean_absolute_error: 0.8501
742000/800167 [==========================>...] - ETA: 2s - loss: 1.2233 - mean_absolute_error: 0.8499
744000/800167 [==========================>...] - ETA: 2s - loss: 1.2224 - mean_absolute_error: 0.8497
746000/800167 [==========================>...] - ETA: 2s - loss: 1.2216 - mean_absolute_error: 0.8495
748000/800167 [===========================>..] - ETA: 2s - loss: 1.2207 - mean_absolute_error: 0.8492
750000/800167 [===========================>..] - ETA: 2s - loss: 1.2199 - mean_absolute_error: 0.8490
752000/800167 [===========================>..] - ETA: 2s - loss: 1.2192 - mean_absolute_error: 0.8488
754000/800167 [===========================>..] - ETA: 1s - loss: 1.2184 - mean_absolute_error: 0.8485
756000/800167 [===========================>..] - ETA: 1s - loss: 1.2177 - mean_absolute_error: 0.8484
758000/800167 [===========================>..] - ETA: 1s - loss: 1.2168 - mean_absolute_error: 0.8481
760000/800167 [===========================>..] - ETA: 1s - loss: 1.2159 - mean_absolute_error: 0.8478
762000/800167 [===========================>..] - ETA: 1s - loss: 1.2152 - mean_absolute_error: 0.8476
764000/800167 [===========================>..] - ETA: 1s - loss: 1.2146 - mean_absolute_error: 0.8475
766000/800167 [===========================>..] - ETA: 1s - loss: 1.2137 - mean_absolute_error: 0.8472
768000/800167 [===========================>..] - ETA: 1s - loss: 1.2130 - mean_absolute_error: 0.8470
770000/800167 [===========================>..] - ETA: 1s - loss: 1.2121 - mean_absolute_error: 0.8468
772000/800167 [===========================>..] - ETA: 1s - loss: 1.2115 - mean_absolute_error: 0.8466
774000/800167 [============================>.] - ETA: 1s - loss: 1.2107 - mean_absolute_error: 0.8464
776000/800167 [============================>.] - ETA: 1s - loss: 1.2100 - mean_absolute_error: 0.8462
778000/800167 [============================>.] - ETA: 0s - loss: 1.2092 - mean_absolute_error: 0.8460
780000/800167 [============================>.] - ETA: 0s - loss: 1.2085 - mean_absolute_error: 0.8458
782000/800167 [============================>.] - ETA: 0s - loss: 1.2078 - mean_absolute_error: 0.8456
784000/800167 [============================>.] - ETA: 0s - loss: 1.2070 - mean_absolute_error: 0.8453
786000/800167 [============================>.] - ETA: 0s - loss: 1.2063 - mean_absolute_error: 0.8451
788000/800167 [============================>.] - ETA: 0s - loss: 1.2055 - mean_absolute_error: 0.8449
790000/800167 [============================>.] - ETA: 0s - loss: 1.2050 - mean_absolute_error: 0.8448
792000/800167 [============================>.] - ETA: 0s - loss: 1.2044 - mean_absolute_error: 0.8446
794000/800167 [============================>.] - ETA: 0s - loss: 1.2037 - mean_absolute_error: 0.8444
796000/800167 [============================>.] - ETA: 0s - loss: 1.2029 - mean_absolute_error: 0.8442
798000/800167 [============================>.] - ETA: 0s - loss: 1.2023 - mean_absolute_error: 0.8440
800000/800167 [============================>.] - ETA: 0s - loss: 1.2015 - mean_absolute_error: 0.8438
800167/800167 [==============================] - 36s 45us/step - loss: 1.2015 - mean_absolute_error: 0.8438 - val_loss: 0.8324 - val_mean_absolute_error: 0.7200
Epoch 2/6

  1000/800167 [..............................] - ETA: 31s - loss: 0.9935 - mean_absolute_error: 0.7901
  3000/800167 [..............................] - ETA: 30s - loss: 0.9366 - mean_absolute_error: 0.7765
  5000/800167 [..............................] - ETA: 30s - loss: 0.9411 - mean_absolute_error: 0.7767
  7000/800167 [..............................] - ETA: 31s - loss: 0.9367 - mean_absolute_error: 0.7726
  9000/800167 [..............................] - ETA: 31s - loss: 0.9396 - mean_absolute_error: 0.7724
 11000/800167 [..............................] - ETA: 30s - loss: 0.9440 - mean_absolute_error: 0.7741
 13000/800167 [..............................] - ETA: 31s - loss: 0.9490 - mean_absolute_error: 0.7768
 15000/800167 [..............................] - ETA: 30s - loss: 0.9493 - mean_absolute_error: 0.7753
 17000/800167 [..............................] - ETA: 30s - loss: 0.9452 - mean_absolute_error: 0.7747
 19000/800167 [..............................] - ETA: 30s - loss: 0.9423 - mean_absolute_error: 0.7735
 20000/800167 [..............................] - ETA: 31s - loss: 0.9443 - mean_absolute_error: 0.7738
 22000/800167 [..............................] - ETA: 30s - loss: 0.9436 - mean_absolute_error: 0.7726
 24000/800167 [..............................] - ETA: 30s - loss: 0.9412 - mean_absolute_error: 0.7714
 26000/800167 [..............................] - ETA: 30s - loss: 0.9417 - mean_absolute_error: 0.7709
 28000/800167 [>.............................] - ETA: 30s - loss: 0.9405 - mean_absolute_error: 0.7702
 30000/800167 [>.............................] - ETA: 30s - loss: 0.9410 - mean_absolute_error: 0.7703
 32000/800167 [>.............................] - ETA: 30s - loss: 0.9413 - mean_absolute_error: 0.7706
 34000/800167 [>.............................] - ETA: 30s - loss: 0.9426 - mean_absolute_error: 0.7714
 36000/800167 [>.............................] - ETA: 30s - loss: 0.9418 - mean_absolute_error: 0.7709
 38000/800167 [>.............................] - ETA: 30s - loss: 0.9401 - mean_absolute_error: 0.7698
 40000/800167 [>.............................] - ETA: 29s - loss: 0.9389 - mean_absolute_error: 0.7695
 42000/800167 [>.............................] - ETA: 29s - loss: 0.9381 - mean_absolute_error: 0.7693
 44000/800167 [>.............................] - ETA: 29s - loss: 0.9355 - mean_absolute_error: 0.7682
 46000/800167 [>.............................] - ETA: 29s - loss: 0.9327 - mean_absolute_error: 0.7671
 48000/800167 [>.............................] - ETA: 29s - loss: 0.9347 - mean_absolute_error: 0.7682
 50000/800167 [>.............................] - ETA: 29s - loss: 0.9342 - mean_absolute_error: 0.7676
 52000/800167 [>.............................] - ETA: 29s - loss: 0.9339 - mean_absolute_error: 0.7676
 54000/800167 [=>............................] - ETA: 29s - loss: 0.9328 - mean_absolute_error: 0.7674
 56000/800167 [=>............................] - ETA: 29s - loss: 0.9332 - mean_absolute_error: 0.7674
 58000/800167 [=>............................] - ETA: 29s - loss: 0.9313 - mean_absolute_error: 0.7665
 60000/800167 [=>............................] - ETA: 28s - loss: 0.9311 - mean_absolute_error: 0.7664
 62000/800167 [=>............................] - ETA: 28s - loss: 0.9300 - mean_absolute_error: 0.7660
 64000/800167 [=>............................] - ETA: 28s - loss: 0.9300 - mean_absolute_error: 0.7662
 66000/800167 [=>............................] - ETA: 28s - loss: 0.9282 - mean_absolute_error: 0.7652
 68000/800167 [=>............................] - ETA: 28s - loss: 0.9275 - mean_absolute_error: 0.7649
 69000/800167 [=>............................] - ETA: 28s - loss: 0.9279 - mean_absolute_error: 0.7653
 70000/800167 [=>............................] - ETA: 29s - loss: 0.9283 - mean_absolute_error: 0.7656
 71000/800167 [=>............................] - ETA: 29s - loss: 0.9287 - mean_absolute_error: 0.7658
 72000/800167 [=>............................] - ETA: 29s - loss: 0.9280 - mean_absolute_error: 0.7655
 74000/800167 [=>............................] - ETA: 29s - loss: 0.9280 - mean_absolute_error: 0.7654
 76000/800167 [=>............................] - ETA: 29s - loss: 0.9274 - mean_absolute_error: 0.7651
 78000/800167 [=>............................] - ETA: 29s - loss: 0.9276 - mean_absolute_error: 0.7653
 80000/800167 [=>............................] - ETA: 29s - loss: 0.9285 - mean_absolute_error: 0.7656
 82000/800167 [==>...........................] - ETA: 29s - loss: 0.9278 - mean_absolute_error: 0.7652
 84000/800167 [==>...........................] - ETA: 29s - loss: 0.9270 - mean_absolute_error: 0.7650
 85000/800167 [==>...........................] - ETA: 29s - loss: 0.9278 - mean_absolute_error: 0.7653
 86000/800167 [==>...........................] - ETA: 29s - loss: 0.9282 - mean_absolute_error: 0.7655
 87000/800167 [==>...........................] - ETA: 29s - loss: 0.9282 - mean_absolute_error: 0.7655
 88000/800167 [==>...........................] - ETA: 29s - loss: 0.9286 - mean_absolute_error: 0.7657
 89000/800167 [==>...........................] - ETA: 29s - loss: 0.9288 - mean_absolute_error: 0.7660
 90000/800167 [==>...........................] - ETA: 29s - loss: 0.9287 - mean_absolute_error: 0.7659
 92000/800167 [==>...........................] - ETA: 29s - loss: 0.9278 - mean_absolute_error: 0.7654
 94000/800167 [==>...........................] - ETA: 29s - loss: 0.9268 - mean_absolute_error: 0.7649
 96000/800167 [==>...........................] - ETA: 29s - loss: 0.9265 - mean_absolute_error: 0.7648
 98000/800167 [==>...........................] - ETA: 29s - loss: 0.9257 - mean_absolute_error: 0.7644
100000/800167 [==>...........................] - ETA: 29s - loss: 0.9266 - mean_absolute_error: 0.7647
101000/800167 [==>...........................] - ETA: 29s - loss: 0.9266 - mean_absolute_error: 0.7646
103000/800167 [==>...........................] - ETA: 29s - loss: 0.9260 - mean_absolute_error: 0.7644
105000/800167 [==>...........................] - ETA: 29s - loss: 0.9261 - mean_absolute_error: 0.7642
107000/800167 [===>..........................] - ETA: 29s - loss: 0.9255 - mean_absolute_error: 0.7638
109000/800167 [===>..........................] - ETA: 29s - loss: 0.9247 - mean_absolute_error: 0.7635
110000/800167 [===>..........................] - ETA: 29s - loss: 0.9249 - mean_absolute_error: 0.7637
111000/800167 [===>..........................] - ETA: 29s - loss: 0.9249 - mean_absolute_error: 0.7638
112000/800167 [===>..........................] - ETA: 29s - loss: 0.9249 - mean_absolute_error: 0.7638
113000/800167 [===>..........................] - ETA: 29s - loss: 0.9247 - mean_absolute_error: 0.7637
115000/800167 [===>..........................] - ETA: 29s - loss: 0.9238 - mean_absolute_error: 0.7632
117000/800167 [===>..........................] - ETA: 29s - loss: 0.9244 - mean_absolute_error: 0.7636
119000/800167 [===>..........................] - ETA: 29s - loss: 0.9240 - mean_absolute_error: 0.7634
121000/800167 [===>..........................] - ETA: 29s - loss: 0.9237 - mean_absolute_error: 0.7633
123000/800167 [===>..........................] - ETA: 29s - loss: 0.9232 - mean_absolute_error: 0.7631
125000/800167 [===>..........................] - ETA: 29s - loss: 0.9227 - mean_absolute_error: 0.7630
127000/800167 [===>..........................] - ETA: 29s - loss: 0.9229 - mean_absolute_error: 0.7630
129000/800167 [===>..........................] - ETA: 28s - loss: 0.9229 - mean_absolute_error: 0.7631
131000/800167 [===>..........................] - ETA: 28s - loss: 0.9226 - mean_absolute_error: 0.7630
132000/800167 [===>..........................] - ETA: 28s - loss: 0.9227 - mean_absolute_error: 0.7631
133000/800167 [===>..........................] - ETA: 29s - loss: 0.9231 - mean_absolute_error: 0.7632
134000/800167 [====>.........................] - ETA: 29s - loss: 0.9236 - mean_absolute_error: 0.7634
135000/800167 [====>.........................] - ETA: 29s - loss: 0.9234 - mean_absolute_error: 0.7634
137000/800167 [====>.........................] - ETA: 29s - loss: 0.9236 - mean_absolute_error: 0.7636
138000/800167 [====>.........................] - ETA: 29s - loss: 0.9233 - mean_absolute_error: 0.7635
140000/800167 [====>.........................] - ETA: 29s - loss: 0.9232 - mean_absolute_error: 0.7634
142000/800167 [====>.........................] - ETA: 29s - loss: 0.9234 - mean_absolute_error: 0.7636
144000/800167 [====>.........................] - ETA: 28s - loss: 0.9231 - mean_absolute_error: 0.7635
146000/800167 [====>.........................] - ETA: 28s - loss: 0.9241 - mean_absolute_error: 0.7638
148000/800167 [====>.........................] - ETA: 28s - loss: 0.9245 - mean_absolute_error: 0.7639
150000/800167 [====>.........................] - ETA: 28s - loss: 0.9237 - mean_absolute_error: 0.7637
152000/800167 [====>.........................] - ETA: 28s - loss: 0.9234 - mean_absolute_error: 0.7635
154000/800167 [====>.........................] - ETA: 28s - loss: 0.9230 - mean_absolute_error: 0.7632
156000/800167 [====>.........................] - ETA: 28s - loss: 0.9231 - mean_absolute_error: 0.7633
158000/800167 [====>.........................] - ETA: 27s - loss: 0.9229 - mean_absolute_error: 0.7633
160000/800167 [====>.........................] - ETA: 27s - loss: 0.9232 - mean_absolute_error: 0.7633
162000/800167 [=====>........................] - ETA: 27s - loss: 0.9228 - mean_absolute_error: 0.7632
164000/800167 [=====>........................] - ETA: 27s - loss: 0.9226 - mean_absolute_error: 0.7631
166000/800167 [=====>........................] - ETA: 27s - loss: 0.9233 - mean_absolute_error: 0.7633
167000/800167 [=====>........................] - ETA: 27s - loss: 0.9234 - mean_absolute_error: 0.7634
168000/800167 [=====>........................] - ETA: 27s - loss: 0.9233 - mean_absolute_error: 0.7633
169000/800167 [=====>........................] - ETA: 27s - loss: 0.9230 - mean_absolute_error: 0.7632
170000/800167 [=====>........................] - ETA: 27s - loss: 0.9226 - mean_absolute_error: 0.7631
171000/800167 [=====>........................] - ETA: 27s - loss: 0.9225 - mean_absolute_error: 0.7630
173000/800167 [=====>........................] - ETA: 27s - loss: 0.9225 - mean_absolute_error: 0.7630
175000/800167 [=====>........................] - ETA: 27s - loss: 0.9222 - mean_absolute_error: 0.7628
176000/800167 [=====>........................] - ETA: 27s - loss: 0.9219 - mean_absolute_error: 0.7629
178000/800167 [=====>........................] - ETA: 27s - loss: 0.9220 - mean_absolute_error: 0.7628
179000/800167 [=====>........................] - ETA: 27s - loss: 0.9225 - mean_absolute_error: 0.7630
180000/800167 [=====>........................] - ETA: 27s - loss: 0.9225 - mean_absolute_error: 0.7630
182000/800167 [=====>........................] - ETA: 27s - loss: 0.9227 - mean_absolute_error: 0.7632
184000/800167 [=====>........................] - ETA: 27s - loss: 0.9225 - mean_absolute_error: 0.7632
186000/800167 [=====>........................] - ETA: 27s - loss: 0.9221 - mean_absolute_error: 0.7629
188000/800167 [======>.......................] - ETA: 27s - loss: 0.9212 - mean_absolute_error: 0.7626
190000/800167 [======>.......................] - ETA: 27s - loss: 0.9212 - mean_absolute_error: 0.7627
192000/800167 [======>.......................] - ETA: 27s - loss: 0.9213 - mean_absolute_error: 0.7627
194000/800167 [======>.......................] - ETA: 26s - loss: 0.9211 - mean_absolute_error: 0.7626
196000/800167 [======>.......................] - ETA: 26s - loss: 0.9209 - mean_absolute_error: 0.7625
198000/800167 [======>.......................] - ETA: 26s - loss: 0.9207 - mean_absolute_error: 0.7625
199000/800167 [======>.......................] - ETA: 26s - loss: 0.9212 - mean_absolute_error: 0.7627
201000/800167 [======>.......................] - ETA: 26s - loss: 0.9215 - mean_absolute_error: 0.7629
203000/800167 [======>.......................] - ETA: 26s - loss: 0.9216 - mean_absolute_error: 0.7629
205000/800167 [======>.......................] - ETA: 26s - loss: 0.9214 - mean_absolute_error: 0.7629
207000/800167 [======>.......................] - ETA: 26s - loss: 0.9212 - mean_absolute_error: 0.7628
209000/800167 [======>.......................] - ETA: 26s - loss: 0.9214 - mean_absolute_error: 0.7628
211000/800167 [======>.......................] - ETA: 26s - loss: 0.9216 - mean_absolute_error: 0.7629
213000/800167 [======>.......................] - ETA: 26s - loss: 0.9213 - mean_absolute_error: 0.7628
215000/800167 [=======>......................] - ETA: 25s - loss: 0.9215 - mean_absolute_error: 0.7629
217000/800167 [=======>......................] - ETA: 25s - loss: 0.9218 - mean_absolute_error: 0.7630
219000/800167 [=======>......................] - ETA: 25s - loss: 0.9217 - mean_absolute_error: 0.7630
220000/800167 [=======>......................] - ETA: 25s - loss: 0.9216 - mean_absolute_error: 0.7630
221000/800167 [=======>......................] - ETA: 25s - loss: 0.9216 - mean_absolute_error: 0.7630
223000/800167 [=======>......................] - ETA: 25s - loss: 0.9220 - mean_absolute_error: 0.7632
224000/800167 [=======>......................] - ETA: 25s - loss: 0.9217 - mean_absolute_error: 0.7631
225000/800167 [=======>......................] - ETA: 25s - loss: 0.9214 - mean_absolute_error: 0.7629
226000/800167 [=======>......................] - ETA: 25s - loss: 0.9215 - mean_absolute_error: 0.7629
228000/800167 [=======>......................] - ETA: 25s - loss: 0.9214 - mean_absolute_error: 0.7629
229000/800167 [=======>......................] - ETA: 25s - loss: 0.9215 - mean_absolute_error: 0.7629
231000/800167 [=======>......................] - ETA: 25s - loss: 0.9216 - mean_absolute_error: 0.7630
233000/800167 [=======>......................] - ETA: 25s - loss: 0.9216 - mean_absolute_error: 0.7630
235000/800167 [=======>......................] - ETA: 25s - loss: 0.9214 - mean_absolute_error: 0.7630
237000/800167 [=======>......................] - ETA: 25s - loss: 0.9210 - mean_absolute_error: 0.7628
239000/800167 [=======>......................] - ETA: 24s - loss: 0.9209 - mean_absolute_error: 0.7628
241000/800167 [========>.....................] - ETA: 24s - loss: 0.9211 - mean_absolute_error: 0.7629
243000/800167 [========>.....................] - ETA: 24s - loss: 0.9213 - mean_absolute_error: 0.7629
245000/800167 [========>.....................] - ETA: 24s - loss: 0.9210 - mean_absolute_error: 0.7627
247000/800167 [========>.....................] - ETA: 24s - loss: 0.9209 - mean_absolute_error: 0.7627
249000/800167 [========>.....................] - ETA: 24s - loss: 0.9205 - mean_absolute_error: 0.7624
251000/800167 [========>.....................] - ETA: 24s - loss: 0.9205 - mean_absolute_error: 0.7624
253000/800167 [========>.....................] - ETA: 24s - loss: 0.9203 - mean_absolute_error: 0.7623
255000/800167 [========>.....................] - ETA: 24s - loss: 0.9202 - mean_absolute_error: 0.7623
257000/800167 [========>.....................] - ETA: 23s - loss: 0.9198 - mean_absolute_error: 0.7622
259000/800167 [========>.....................] - ETA: 23s - loss: 0.9200 - mean_absolute_error: 0.7622
261000/800167 [========>.....................] - ETA: 23s - loss: 0.9197 - mean_absolute_error: 0.7620
263000/800167 [========>.....................] - ETA: 23s - loss: 0.9194 - mean_absolute_error: 0.7619
265000/800167 [========>.....................] - ETA: 23s - loss: 0.9193 - mean_absolute_error: 0.7620
267000/800167 [=========>....................] - ETA: 23s - loss: 0.9193 - mean_absolute_error: 0.7619
269000/800167 [=========>....................] - ETA: 23s - loss: 0.9193 - mean_absolute_error: 0.7618
271000/800167 [=========>....................] - ETA: 23s - loss: 0.9192 - mean_absolute_error: 0.7619
273000/800167 [=========>....................] - ETA: 23s - loss: 0.9190 - mean_absolute_error: 0.7617
275000/800167 [=========>....................] - ETA: 22s - loss: 0.9188 - mean_absolute_error: 0.7616
276000/800167 [=========>....................] - ETA: 22s - loss: 0.9187 - mean_absolute_error: 0.7616
277000/800167 [=========>....................] - ETA: 22s - loss: 0.9190 - mean_absolute_error: 0.7617
279000/800167 [=========>....................] - ETA: 22s - loss: 0.9191 - mean_absolute_error: 0.7618
280000/800167 [=========>....................] - ETA: 22s - loss: 0.9194 - mean_absolute_error: 0.7618
282000/800167 [=========>....................] - ETA: 22s - loss: 0.9197 - mean_absolute_error: 0.7619
284000/800167 [=========>....................] - ETA: 22s - loss: 0.9201 - mean_absolute_error: 0.7621
286000/800167 [=========>....................] - ETA: 22s - loss: 0.9197 - mean_absolute_error: 0.7620
288000/800167 [=========>....................] - ETA: 22s - loss: 0.9197 - mean_absolute_error: 0.7620
290000/800167 [=========>....................] - ETA: 22s - loss: 0.9193 - mean_absolute_error: 0.7618
292000/800167 [=========>....................] - ETA: 22s - loss: 0.9189 - mean_absolute_error: 0.7616
294000/800167 [==========>...................] - ETA: 22s - loss: 0.9193 - mean_absolute_error: 0.7617
296000/800167 [==========>...................] - ETA: 21s - loss: 0.9190 - mean_absolute_error: 0.7616
298000/800167 [==========>...................] - ETA: 21s - loss: 0.9186 - mean_absolute_error: 0.7615
300000/800167 [==========>...................] - ETA: 21s - loss: 0.9185 - mean_absolute_error: 0.7615
302000/800167 [==========>...................] - ETA: 21s - loss: 0.9187 - mean_absolute_error: 0.7615
304000/800167 [==========>...................] - ETA: 21s - loss: 0.9184 - mean_absolute_error: 0.7615
305000/800167 [==========>...................] - ETA: 21s - loss: 0.9185 - mean_absolute_error: 0.7615
307000/800167 [==========>...................] - ETA: 21s - loss: 0.9182 - mean_absolute_error: 0.7614
309000/800167 [==========>...................] - ETA: 21s - loss: 0.9182 - mean_absolute_error: 0.7614
311000/800167 [==========>...................] - ETA: 21s - loss: 0.9181 - mean_absolute_error: 0.7613
313000/800167 [==========>...................] - ETA: 21s - loss: 0.9180 - mean_absolute_error: 0.7612
315000/800167 [==========>...................] - ETA: 21s - loss: 0.9182 - mean_absolute_error: 0.7613
316000/800167 [==========>...................] - ETA: 21s - loss: 0.9183 - mean_absolute_error: 0.7613
317000/800167 [==========>...................] - ETA: 21s - loss: 0.9182 - mean_absolute_error: 0.7613
318000/800167 [==========>...................] - ETA: 21s - loss: 0.9185 - mean_absolute_error: 0.7614
320000/800167 [==========>...................] - ETA: 20s - loss: 0.9184 - mean_absolute_error: 0.7614
322000/800167 [===========>..................] - ETA: 20s - loss: 0.9181 - mean_absolute_error: 0.7613
324000/800167 [===========>..................] - ETA: 20s - loss: 0.9180 - mean_absolute_error: 0.7612
325000/800167 [===========>..................] - ETA: 20s - loss: 0.9180 - mean_absolute_error: 0.7612
326000/800167 [===========>..................] - ETA: 20s - loss: 0.9179 - mean_absolute_error: 0.7611
328000/800167 [===========>..................] - ETA: 20s - loss: 0.9181 - mean_absolute_error: 0.7612
330000/800167 [===========>..................] - ETA: 20s - loss: 0.9179 - mean_absolute_error: 0.7611
332000/800167 [===========>..................] - ETA: 20s - loss: 0.9177 - mean_absolute_error: 0.7609
333000/800167 [===========>..................] - ETA: 20s - loss: 0.9177 - mean_absolute_error: 0.7610
334000/800167 [===========>..................] - ETA: 20s - loss: 0.9177 - mean_absolute_error: 0.7610
335000/800167 [===========>..................] - ETA: 20s - loss: 0.9177 - mean_absolute_error: 0.7611
337000/800167 [===========>..................] - ETA: 20s - loss: 0.9178 - mean_absolute_error: 0.7610
339000/800167 [===========>..................] - ETA: 20s - loss: 0.9180 - mean_absolute_error: 0.7610
341000/800167 [===========>..................] - ETA: 20s - loss: 0.9178 - mean_absolute_error: 0.7611
342000/800167 [===========>..................] - ETA: 20s - loss: 0.9180 - mean_absolute_error: 0.7611
344000/800167 [===========>..................] - ETA: 20s - loss: 0.9180 - mean_absolute_error: 0.7611
345000/800167 [===========>..................] - ETA: 20s - loss: 0.9179 - mean_absolute_error: 0.7611
347000/800167 [============>.................] - ETA: 20s - loss: 0.9179 - mean_absolute_error: 0.7611
349000/800167 [============>.................] - ETA: 19s - loss: 0.9178 - mean_absolute_error: 0.7611
351000/800167 [============>.................] - ETA: 19s - loss: 0.9179 - mean_absolute_error: 0.7610
353000/800167 [============>.................] - ETA: 19s - loss: 0.9181 - mean_absolute_error: 0.7612
355000/800167 [============>.................] - ETA: 19s - loss: 0.9184 - mean_absolute_error: 0.7612
357000/800167 [============>.................] - ETA: 19s - loss: 0.9183 - mean_absolute_error: 0.7612
358000/800167 [============>.................] - ETA: 19s - loss: 0.9184 - mean_absolute_error: 0.7612
360000/800167 [============>.................] - ETA: 19s - loss: 0.9180 - mean_absolute_error: 0.7610
362000/800167 [============>.................] - ETA: 19s - loss: 0.9183 - mean_absolute_error: 0.7611
364000/800167 [============>.................] - ETA: 19s - loss: 0.9186 - mean_absolute_error: 0.7612
366000/800167 [============>.................] - ETA: 19s - loss: 0.9189 - mean_absolute_error: 0.7614
368000/800167 [============>.................] - ETA: 19s - loss: 0.9191 - mean_absolute_error: 0.7614
370000/800167 [============>.................] - ETA: 19s - loss: 0.9192 - mean_absolute_error: 0.7615
371000/800167 [============>.................] - ETA: 19s - loss: 0.9191 - mean_absolute_error: 0.7615
372000/800167 [============>.................] - ETA: 19s - loss: 0.9189 - mean_absolute_error: 0.7614
373000/800167 [============>.................] - ETA: 18s - loss: 0.9188 - mean_absolute_error: 0.7613
375000/800167 [=============>................] - ETA: 18s - loss: 0.9188 - mean_absolute_error: 0.7613
377000/800167 [=============>................] - ETA: 18s - loss: 0.9190 - mean_absolute_error: 0.7614
379000/800167 [=============>................] - ETA: 18s - loss: 0.9189 - mean_absolute_error: 0.7614
381000/800167 [=============>................] - ETA: 18s - loss: 0.9187 - mean_absolute_error: 0.7613
383000/800167 [=============>................] - ETA: 18s - loss: 0.9190 - mean_absolute_error: 0.7614
385000/800167 [=============>................] - ETA: 18s - loss: 0.9193 - mean_absolute_error: 0.7616
387000/800167 [=============>................] - ETA: 18s - loss: 0.9193 - mean_absolute_error: 0.7616
389000/800167 [=============>................] - ETA: 18s - loss: 0.9192 - mean_absolute_error: 0.7615
391000/800167 [=============>................] - ETA: 18s - loss: 0.9192 - mean_absolute_error: 0.7616
393000/800167 [=============>................] - ETA: 18s - loss: 0.9192 - mean_absolute_error: 0.7615
395000/800167 [=============>................] - ETA: 17s - loss: 0.9193 - mean_absolute_error: 0.7615
396000/800167 [=============>................] - ETA: 17s - loss: 0.9192 - mean_absolute_error: 0.7615
398000/800167 [=============>................] - ETA: 17s - loss: 0.9191 - mean_absolute_error: 0.7615
400000/800167 [=============>................] - ETA: 17s - loss: 0.9190 - mean_absolute_error: 0.7614
402000/800167 [==============>...............] - ETA: 17s - loss: 0.9188 - mean_absolute_error: 0.7614
404000/800167 [==============>...............] - ETA: 17s - loss: 0.9186 - mean_absolute_error: 0.7612
406000/800167 [==============>...............] - ETA: 17s - loss: 0.9186 - mean_absolute_error: 0.7613
408000/800167 [==============>...............] - ETA: 17s - loss: 0.9185 - mean_absolute_error: 0.7612
410000/800167 [==============>...............] - ETA: 17s - loss: 0.9186 - mean_absolute_error: 0.7612
411000/800167 [==============>...............] - ETA: 17s - loss: 0.9186 - mean_absolute_error: 0.7612
412000/800167 [==============>...............] - ETA: 17s - loss: 0.9185 - mean_absolute_error: 0.7612
414000/800167 [==============>...............] - ETA: 17s - loss: 0.9184 - mean_absolute_error: 0.7611
415000/800167 [==============>...............] - ETA: 17s - loss: 0.9184 - mean_absolute_error: 0.7611
416000/800167 [==============>...............] - ETA: 17s - loss: 0.9184 - mean_absolute_error: 0.7612
417000/800167 [==============>...............] - ETA: 16s - loss: 0.9183 - mean_absolute_error: 0.7611
419000/800167 [==============>...............] - ETA: 16s - loss: 0.9181 - mean_absolute_error: 0.7610
421000/800167 [==============>...............] - ETA: 16s - loss: 0.9183 - mean_absolute_error: 0.7611
423000/800167 [==============>...............] - ETA: 16s - loss: 0.9185 - mean_absolute_error: 0.7613
425000/800167 [==============>...............] - ETA: 16s - loss: 0.9185 - mean_absolute_error: 0.7613
427000/800167 [===============>..............] - ETA: 16s - loss: 0.9185 - mean_absolute_error: 0.7612
429000/800167 [===============>..............] - ETA: 16s - loss: 0.9186 - mean_absolute_error: 0.7612
431000/800167 [===============>..............] - ETA: 16s - loss: 0.9186 - mean_absolute_error: 0.7613
433000/800167 [===============>..............] - ETA: 16s - loss: 0.9187 - mean_absolute_error: 0.7613
435000/800167 [===============>..............] - ETA: 16s - loss: 0.9187 - mean_absolute_error: 0.7613
436000/800167 [===============>..............] - ETA: 16s - loss: 0.9186 - mean_absolute_error: 0.7613
438000/800167 [===============>..............] - ETA: 16s - loss: 0.9186 - mean_absolute_error: 0.7612
440000/800167 [===============>..............] - ETA: 15s - loss: 0.9188 - mean_absolute_error: 0.7614
441000/800167 [===============>..............] - ETA: 15s - loss: 0.9187 - mean_absolute_error: 0.7613
443000/800167 [===============>..............] - ETA: 15s - loss: 0.9186 - mean_absolute_error: 0.7613
444000/800167 [===============>..............] - ETA: 15s - loss: 0.9187 - mean_absolute_error: 0.7613
445000/800167 [===============>..............] - ETA: 15s - loss: 0.9186 - mean_absolute_error: 0.7613
447000/800167 [===============>..............] - ETA: 15s - loss: 0.9187 - mean_absolute_error: 0.7613
449000/800167 [===============>..............] - ETA: 15s - loss: 0.9184 - mean_absolute_error: 0.7611
451000/800167 [===============>..............] - ETA: 15s - loss: 0.9181 - mean_absolute_error: 0.7610
453000/800167 [===============>..............] - ETA: 15s - loss: 0.9180 - mean_absolute_error: 0.7609
455000/800167 [================>.............] - ETA: 15s - loss: 0.9180 - mean_absolute_error: 0.7609
457000/800167 [================>.............] - ETA: 15s - loss: 0.9177 - mean_absolute_error: 0.7608
459000/800167 [================>.............] - ETA: 15s - loss: 0.9177 - mean_absolute_error: 0.7607
461000/800167 [================>.............] - ETA: 14s - loss: 0.9174 - mean_absolute_error: 0.7607
463000/800167 [================>.............] - ETA: 14s - loss: 0.9174 - mean_absolute_error: 0.7606
465000/800167 [================>.............] - ETA: 14s - loss: 0.9173 - mean_absolute_error: 0.7606
467000/800167 [================>.............] - ETA: 14s - loss: 0.9171 - mean_absolute_error: 0.7605
469000/800167 [================>.............] - ETA: 14s - loss: 0.9171 - mean_absolute_error: 0.7605
471000/800167 [================>.............] - ETA: 14s - loss: 0.9170 - mean_absolute_error: 0.7605
473000/800167 [================>.............] - ETA: 14s - loss: 0.9170 - mean_absolute_error: 0.7605
475000/800167 [================>.............] - ETA: 14s - loss: 0.9169 - mean_absolute_error: 0.7605
477000/800167 [================>.............] - ETA: 14s - loss: 0.9168 - mean_absolute_error: 0.7604
479000/800167 [================>.............] - ETA: 14s - loss: 0.9168 - mean_absolute_error: 0.7604
481000/800167 [=================>............] - ETA: 14s - loss: 0.9168 - mean_absolute_error: 0.7604
483000/800167 [=================>............] - ETA: 13s - loss: 0.9169 - mean_absolute_error: 0.7604
485000/800167 [=================>............] - ETA: 13s - loss: 0.9171 - mean_absolute_error: 0.7605
487000/800167 [=================>............] - ETA: 13s - loss: 0.9172 - mean_absolute_error: 0.7605
489000/800167 [=================>............] - ETA: 13s - loss: 0.9172 - mean_absolute_error: 0.7605
491000/800167 [=================>............] - ETA: 13s - loss: 0.9172 - mean_absolute_error: 0.7605
493000/800167 [=================>............] - ETA: 13s - loss: 0.9171 - mean_absolute_error: 0.7605
495000/800167 [=================>............] - ETA: 13s - loss: 0.9170 - mean_absolute_error: 0.7604
497000/800167 [=================>............] - ETA: 13s - loss: 0.9167 - mean_absolute_error: 0.7603
499000/800167 [=================>............] - ETA: 13s - loss: 0.9166 - mean_absolute_error: 0.7603
501000/800167 [=================>............] - ETA: 13s - loss: 0.9165 - mean_absolute_error: 0.7602
503000/800167 [=================>............] - ETA: 12s - loss: 0.9166 - mean_absolute_error: 0.7602
505000/800167 [=================>............] - ETA: 12s - loss: 0.9167 - mean_absolute_error: 0.7603
507000/800167 [==================>...........] - ETA: 12s - loss: 0.9166 - mean_absolute_error: 0.7603
509000/800167 [==================>...........] - ETA: 12s - loss: 0.9166 - mean_absolute_error: 0.7603
511000/800167 [==================>...........] - ETA: 12s - loss: 0.9166 - mean_absolute_error: 0.7602
513000/800167 [==================>...........] - ETA: 12s - loss: 0.9164 - mean_absolute_error: 0.7601
515000/800167 [==================>...........] - ETA: 12s - loss: 0.9163 - mean_absolute_error: 0.7601
517000/800167 [==================>...........] - ETA: 12s - loss: 0.9162 - mean_absolute_error: 0.7601
519000/800167 [==================>...........] - ETA: 12s - loss: 0.9161 - mean_absolute_error: 0.7600
521000/800167 [==================>...........] - ETA: 12s - loss: 0.9161 - mean_absolute_error: 0.7600
523000/800167 [==================>...........] - ETA: 12s - loss: 0.9160 - mean_absolute_error: 0.7600
525000/800167 [==================>...........] - ETA: 11s - loss: 0.9163 - mean_absolute_error: 0.7601
527000/800167 [==================>...........] - ETA: 11s - loss: 0.9163 - mean_absolute_error: 0.7601
529000/800167 [==================>...........] - ETA: 11s - loss: 0.9161 - mean_absolute_error: 0.7600
531000/800167 [==================>...........] - ETA: 11s - loss: 0.9161 - mean_absolute_error: 0.7600
533000/800167 [==================>...........] - ETA: 11s - loss: 0.9159 - mean_absolute_error: 0.7599
535000/800167 [===================>..........] - ETA: 11s - loss: 0.9158 - mean_absolute_error: 0.7599
537000/800167 [===================>..........] - ETA: 11s - loss: 0.9158 - mean_absolute_error: 0.7599
539000/800167 [===================>..........] - ETA: 11s - loss: 0.9157 - mean_absolute_error: 0.7599
541000/800167 [===================>..........] - ETA: 11s - loss: 0.9157 - mean_absolute_error: 0.7598
543000/800167 [===================>..........] - ETA: 11s - loss: 0.9157 - mean_absolute_error: 0.7598
545000/800167 [===================>..........] - ETA: 11s - loss: 0.9156 - mean_absolute_error: 0.7598
547000/800167 [===================>..........] - ETA: 10s - loss: 0.9156 - mean_absolute_error: 0.7598
549000/800167 [===================>..........] - ETA: 10s - loss: 0.9158 - mean_absolute_error: 0.7599
551000/800167 [===================>..........] - ETA: 10s - loss: 0.9156 - mean_absolute_error: 0.7598
553000/800167 [===================>..........] - ETA: 10s - loss: 0.9154 - mean_absolute_error: 0.7598
555000/800167 [===================>..........] - ETA: 10s - loss: 0.9152 - mean_absolute_error: 0.7597
557000/800167 [===================>..........] - ETA: 10s - loss: 0.9154 - mean_absolute_error: 0.7598
559000/800167 [===================>..........] - ETA: 10s - loss: 0.9153 - mean_absolute_error: 0.7597
561000/800167 [====================>.........] - ETA: 10s - loss: 0.9151 - mean_absolute_error: 0.7596
563000/800167 [====================>.........] - ETA: 10s - loss: 0.9151 - mean_absolute_error: 0.7596
565000/800167 [====================>.........] - ETA: 10s - loss: 0.9151 - mean_absolute_error: 0.7596
567000/800167 [====================>.........] - ETA: 10s - loss: 0.9149 - mean_absolute_error: 0.7595
569000/800167 [====================>.........] - ETA: 9s - loss: 0.9150 - mean_absolute_error: 0.7596 
571000/800167 [====================>.........] - ETA: 9s - loss: 0.9147 - mean_absolute_error: 0.7595
572000/800167 [====================>.........] - ETA: 9s - loss: 0.9147 - mean_absolute_error: 0.7595
573000/800167 [====================>.........] - ETA: 9s - loss: 0.9147 - mean_absolute_error: 0.7595
575000/800167 [====================>.........] - ETA: 9s - loss: 0.9148 - mean_absolute_error: 0.7595
577000/800167 [====================>.........] - ETA: 9s - loss: 0.9148 - mean_absolute_error: 0.7596
579000/800167 [====================>.........] - ETA: 9s - loss: 0.9148 - mean_absolute_error: 0.7595
581000/800167 [====================>.........] - ETA: 9s - loss: 0.9147 - mean_absolute_error: 0.7594
583000/800167 [====================>.........] - ETA: 9s - loss: 0.9146 - mean_absolute_error: 0.7594
585000/800167 [====================>.........] - ETA: 9s - loss: 0.9144 - mean_absolute_error: 0.7593
587000/800167 [=====================>........] - ETA: 9s - loss: 0.9144 - mean_absolute_error: 0.7592
589000/800167 [=====================>........] - ETA: 9s - loss: 0.9143 - mean_absolute_error: 0.7592
591000/800167 [=====================>........] - ETA: 8s - loss: 0.9141 - mean_absolute_error: 0.7591
593000/800167 [=====================>........] - ETA: 8s - loss: 0.9140 - mean_absolute_error: 0.7591
595000/800167 [=====================>........] - ETA: 8s - loss: 0.9141 - mean_absolute_error: 0.7591
597000/800167 [=====================>........] - ETA: 8s - loss: 0.9143 - mean_absolute_error: 0.7592
599000/800167 [=====================>........] - ETA: 8s - loss: 0.9141 - mean_absolute_error: 0.7591
601000/800167 [=====================>........] - ETA: 8s - loss: 0.9140 - mean_absolute_error: 0.7591
603000/800167 [=====================>........] - ETA: 8s - loss: 0.9139 - mean_absolute_error: 0.7591
605000/800167 [=====================>........] - ETA: 8s - loss: 0.9141 - mean_absolute_error: 0.7591
607000/800167 [=====================>........] - ETA: 8s - loss: 0.9140 - mean_absolute_error: 0.7591
609000/800167 [=====================>........] - ETA: 8s - loss: 0.9138 - mean_absolute_error: 0.7590
611000/800167 [=====================>........] - ETA: 8s - loss: 0.9135 - mean_absolute_error: 0.7589
613000/800167 [=====================>........] - ETA: 8s - loss: 0.9134 - mean_absolute_error: 0.7588
615000/800167 [======================>.......] - ETA: 7s - loss: 0.9134 - mean_absolute_error: 0.7588
617000/800167 [======================>.......] - ETA: 7s - loss: 0.9134 - mean_absolute_error: 0.7588
619000/800167 [======================>.......] - ETA: 7s - loss: 0.9136 - mean_absolute_error: 0.7589
621000/800167 [======================>.......] - ETA: 7s - loss: 0.9136 - mean_absolute_error: 0.7589
623000/800167 [======================>.......] - ETA: 7s - loss: 0.9135 - mean_absolute_error: 0.7590
625000/800167 [======================>.......] - ETA: 7s - loss: 0.9134 - mean_absolute_error: 0.7589
627000/800167 [======================>.......] - ETA: 7s - loss: 0.9134 - mean_absolute_error: 0.7589
629000/800167 [======================>.......] - ETA: 7s - loss: 0.9133 - mean_absolute_error: 0.7589
631000/800167 [======================>.......] - ETA: 7s - loss: 0.9133 - mean_absolute_error: 0.7588
633000/800167 [======================>.......] - ETA: 7s - loss: 0.9132 - mean_absolute_error: 0.7588
635000/800167 [======================>.......] - ETA: 7s - loss: 0.9132 - mean_absolute_error: 0.7588
637000/800167 [======================>.......] - ETA: 6s - loss: 0.9131 - mean_absolute_error: 0.7588
639000/800167 [======================>.......] - ETA: 6s - loss: 0.9130 - mean_absolute_error: 0.7587
641000/800167 [=======================>......] - ETA: 6s - loss: 0.9132 - mean_absolute_error: 0.7588
643000/800167 [=======================>......] - ETA: 6s - loss: 0.9131 - mean_absolute_error: 0.7588
645000/800167 [=======================>......] - ETA: 6s - loss: 0.9133 - mean_absolute_error: 0.7589
647000/800167 [=======================>......] - ETA: 6s - loss: 0.9132 - mean_absolute_error: 0.7589
649000/800167 [=======================>......] - ETA: 6s - loss: 0.9133 - mean_absolute_error: 0.7589
651000/800167 [=======================>......] - ETA: 6s - loss: 0.9132 - mean_absolute_error: 0.7589
653000/800167 [=======================>......] - ETA: 6s - loss: 0.9133 - mean_absolute_error: 0.7589
655000/800167 [=======================>......] - ETA: 6s - loss: 0.9131 - mean_absolute_error: 0.7588
657000/800167 [=======================>......] - ETA: 6s - loss: 0.9131 - mean_absolute_error: 0.7588
659000/800167 [=======================>......] - ETA: 6s - loss: 0.9130 - mean_absolute_error: 0.7588
661000/800167 [=======================>......] - ETA: 5s - loss: 0.9128 - mean_absolute_error: 0.7587
663000/800167 [=======================>......] - ETA: 5s - loss: 0.9128 - mean_absolute_error: 0.7587
665000/800167 [=======================>......] - ETA: 5s - loss: 0.9128 - mean_absolute_error: 0.7587
667000/800167 [========================>.....] - ETA: 5s - loss: 0.9128 - mean_absolute_error: 0.7587
669000/800167 [========================>.....] - ETA: 5s - loss: 0.9127 - mean_absolute_error: 0.7587
671000/800167 [========================>.....] - ETA: 5s - loss: 0.9128 - mean_absolute_error: 0.7587
673000/800167 [========================>.....] - ETA: 5s - loss: 0.9127 - mean_absolute_error: 0.7587
675000/800167 [========================>.....] - ETA: 5s - loss: 0.9127 - mean_absolute_error: 0.7587
677000/800167 [========================>.....] - ETA: 5s - loss: 0.9127 - mean_absolute_error: 0.7587
679000/800167 [========================>.....] - ETA: 5s - loss: 0.9127 - mean_absolute_error: 0.7587
681000/800167 [========================>.....] - ETA: 5s - loss: 0.9125 - mean_absolute_error: 0.7586
683000/800167 [========================>.....] - ETA: 4s - loss: 0.9125 - mean_absolute_error: 0.7586
685000/800167 [========================>.....] - ETA: 4s - loss: 0.9124 - mean_absolute_error: 0.7586
687000/800167 [========================>.....] - ETA: 4s - loss: 0.9123 - mean_absolute_error: 0.7585
689000/800167 [========================>.....] - ETA: 4s - loss: 0.9122 - mean_absolute_error: 0.7584
691000/800167 [========================>.....] - ETA: 4s - loss: 0.9121 - mean_absolute_error: 0.7584
693000/800167 [========================>.....] - ETA: 4s - loss: 0.9121 - mean_absolute_error: 0.7584
695000/800167 [=========================>....] - ETA: 4s - loss: 0.9120 - mean_absolute_error: 0.7584
697000/800167 [=========================>....] - ETA: 4s - loss: 0.9119 - mean_absolute_error: 0.7583
699000/800167 [=========================>....] - ETA: 4s - loss: 0.9119 - mean_absolute_error: 0.7583
701000/800167 [=========================>....] - ETA: 4s - loss: 0.9118 - mean_absolute_error: 0.7583
703000/800167 [=========================>....] - ETA: 4s - loss: 0.9118 - mean_absolute_error: 0.7583
705000/800167 [=========================>....] - ETA: 4s - loss: 0.9118 - mean_absolute_error: 0.7583
707000/800167 [=========================>....] - ETA: 3s - loss: 0.9119 - mean_absolute_error: 0.7583
709000/800167 [=========================>....] - ETA: 3s - loss: 0.9118 - mean_absolute_error: 0.7582
711000/800167 [=========================>....] - ETA: 3s - loss: 0.9118 - mean_absolute_error: 0.7582
713000/800167 [=========================>....] - ETA: 3s - loss: 0.9117 - mean_absolute_error: 0.7582
715000/800167 [=========================>....] - ETA: 3s - loss: 0.9118 - mean_absolute_error: 0.7582
717000/800167 [=========================>....] - ETA: 3s - loss: 0.9118 - mean_absolute_error: 0.7582
719000/800167 [=========================>....] - ETA: 3s - loss: 0.9117 - mean_absolute_error: 0.7582
721000/800167 [==========================>...] - ETA: 3s - loss: 0.9118 - mean_absolute_error: 0.7582
723000/800167 [==========================>...] - ETA: 3s - loss: 0.9117 - mean_absolute_error: 0.7582
725000/800167 [==========================>...] - ETA: 3s - loss: 0.9117 - mean_absolute_error: 0.7582
727000/800167 [==========================>...] - ETA: 3s - loss: 0.9117 - mean_absolute_error: 0.7582
729000/800167 [==========================>...] - ETA: 3s - loss: 0.9115 - mean_absolute_error: 0.7582
731000/800167 [==========================>...] - ETA: 2s - loss: 0.9114 - mean_absolute_error: 0.7581
733000/800167 [==========================>...] - ETA: 2s - loss: 0.9113 - mean_absolute_error: 0.7581
735000/800167 [==========================>...] - ETA: 2s - loss: 0.9113 - mean_absolute_error: 0.7581
737000/800167 [==========================>...] - ETA: 2s - loss: 0.9112 - mean_absolute_error: 0.7580
739000/800167 [==========================>...] - ETA: 2s - loss: 0.9111 - mean_absolute_error: 0.7580
741000/800167 [==========================>...] - ETA: 2s - loss: 0.9109 - mean_absolute_error: 0.7580
743000/800167 [==========================>...] - ETA: 2s - loss: 0.9110 - mean_absolute_error: 0.7580
745000/800167 [==========================>...] - ETA: 2s - loss: 0.9108 - mean_absolute_error: 0.7579
747000/800167 [===========================>..] - ETA: 2s - loss: 0.9107 - mean_absolute_error: 0.7579
749000/800167 [===========================>..] - ETA: 2s - loss: 0.9107 - mean_absolute_error: 0.7579
751000/800167 [===========================>..] - ETA: 2s - loss: 0.9107 - mean_absolute_error: 0.7579
753000/800167 [===========================>..] - ETA: 1s - loss: 0.9107 - mean_absolute_error: 0.7579
755000/800167 [===========================>..] - ETA: 1s - loss: 0.9106 - mean_absolute_error: 0.7579
757000/800167 [===========================>..] - ETA: 1s - loss: 0.9105 - mean_absolute_error: 0.7578
759000/800167 [===========================>..] - ETA: 1s - loss: 0.9104 - mean_absolute_error: 0.7578
761000/800167 [===========================>..] - ETA: 1s - loss: 0.9104 - mean_absolute_error: 0.7578
763000/800167 [===========================>..] - ETA: 1s - loss: 0.9103 - mean_absolute_error: 0.7577
765000/800167 [===========================>..] - ETA: 1s - loss: 0.9102 - mean_absolute_error: 0.7577
767000/800167 [===========================>..] - ETA: 1s - loss: 0.9102 - mean_absolute_error: 0.7577
769000/800167 [===========================>..] - ETA: 1s - loss: 0.9100 - mean_absolute_error: 0.7576
771000/800167 [===========================>..] - ETA: 1s - loss: 0.9099 - mean_absolute_error: 0.7576
773000/800167 [===========================>..] - ETA: 1s - loss: 0.9099 - mean_absolute_error: 0.7576
775000/800167 [============================>.] - ETA: 1s - loss: 0.9097 - mean_absolute_error: 0.7575
777000/800167 [============================>.] - ETA: 0s - loss: 0.9097 - mean_absolute_error: 0.7575
779000/800167 [============================>.] - ETA: 0s - loss: 0.9097 - mean_absolute_error: 0.7575
781000/800167 [============================>.] - ETA: 0s - loss: 0.9096 - mean_absolute_error: 0.7574
783000/800167 [============================>.] - ETA: 0s - loss: 0.9095 - mean_absolute_error: 0.7574
785000/800167 [============================>.] - ETA: 0s - loss: 0.9094 - mean_absolute_error: 0.7573
787000/800167 [============================>.] - ETA: 0s - loss: 0.9093 - mean_absolute_error: 0.7573
789000/800167 [============================>.] - ETA: 0s - loss: 0.9092 - mean_absolute_error: 0.7572
791000/800167 [============================>.] - ETA: 0s - loss: 0.9091 - mean_absolute_error: 0.7572
793000/800167 [============================>.] - ETA: 0s - loss: 0.9091 - mean_absolute_error: 0.7572
795000/800167 [============================>.] - ETA: 0s - loss: 0.9091 - mean_absolute_error: 0.7572
797000/800167 [============================>.] - ETA: 0s - loss: 0.9090 - mean_absolute_error: 0.7572
799000/800167 [============================>.] - ETA: 0s - loss: 0.9089 - mean_absolute_error: 0.7571
800167/800167 [==============================] - 36s 44us/step - loss: 0.9088 - mean_absolute_error: 0.7571 - val_loss: 0.8072 - val_mean_absolute_error: 0.7094
Epoch 3/6

  1000/800167 [..............................] - ETA: 27s - loss: 0.9289 - mean_absolute_error: 0.7614
  3000/800167 [..............................] - ETA: 28s - loss: 0.8871 - mean_absolute_error: 0.7546
  5000/800167 [..............................] - ETA: 28s - loss: 0.8851 - mean_absolute_error: 0.7512
  7000/800167 [..............................] - ETA: 29s - loss: 0.8718 - mean_absolute_error: 0.7456
  9000/800167 [..............................] - ETA: 29s - loss: 0.8777 - mean_absolute_error: 0.7466
 11000/800167 [..............................] - ETA: 29s - loss: 0.8805 - mean_absolute_error: 0.7473
 13000/800167 [..............................] - ETA: 29s - loss: 0.8864 - mean_absolute_error: 0.7498
 15000/800167 [..............................] - ETA: 29s - loss: 0.8878 - mean_absolute_error: 0.7495
 17000/800167 [..............................] - ETA: 29s - loss: 0.8839 - mean_absolute_error: 0.7478
 19000/800167 [..............................] - ETA: 29s - loss: 0.8815 - mean_absolute_error: 0.7466
 21000/800167 [..............................] - ETA: 29s - loss: 0.8834 - mean_absolute_error: 0.7471
 23000/800167 [..............................] - ETA: 29s - loss: 0.8845 - mean_absolute_error: 0.7473
 25000/800167 [..............................] - ETA: 29s - loss: 0.8878 - mean_absolute_error: 0.7484
 27000/800167 [>.............................] - ETA: 29s - loss: 0.8878 - mean_absolute_error: 0.7476
 29000/800167 [>.............................] - ETA: 28s - loss: 0.8890 - mean_absolute_error: 0.7487
 31000/800167 [>.............................] - ETA: 28s - loss: 0.8894 - mean_absolute_error: 0.7485
 33000/800167 [>.............................] - ETA: 29s - loss: 0.8928 - mean_absolute_error: 0.7494
 35000/800167 [>.............................] - ETA: 28s - loss: 0.8920 - mean_absolute_error: 0.7489
 37000/800167 [>.............................] - ETA: 28s - loss: 0.8911 - mean_absolute_error: 0.7486
 39000/800167 [>.............................] - ETA: 28s - loss: 0.8901 - mean_absolute_error: 0.7476
 41000/800167 [>.............................] - ETA: 28s - loss: 0.8890 - mean_absolute_error: 0.7475
 43000/800167 [>.............................] - ETA: 28s - loss: 0.8880 - mean_absolute_error: 0.7471
 45000/800167 [>.............................] - ETA: 28s - loss: 0.8883 - mean_absolute_error: 0.7470
 47000/800167 [>.............................] - ETA: 28s - loss: 0.8863 - mean_absolute_error: 0.7466
 48000/800167 [>.............................] - ETA: 28s - loss: 0.8881 - mean_absolute_error: 0.7474
 49000/800167 [>.............................] - ETA: 29s - loss: 0.8893 - mean_absolute_error: 0.7479
 50000/800167 [>.............................] - ETA: 29s - loss: 0.8885 - mean_absolute_error: 0.7475
 51000/800167 [>.............................] - ETA: 29s - loss: 0.8887 - mean_absolute_error: 0.7477
 53000/800167 [>.............................] - ETA: 29s - loss: 0.8863 - mean_absolute_error: 0.7470
 55000/800167 [=>............................] - ETA: 29s - loss: 0.8885 - mean_absolute_error: 0.7479
 57000/800167 [=>............................] - ETA: 29s - loss: 0.8871 - mean_absolute_error: 0.7478
 59000/800167 [=>............................] - ETA: 29s - loss: 0.8871 - mean_absolute_error: 0.7475
 61000/800167 [=>............................] - ETA: 29s - loss: 0.8886 - mean_absolute_error: 0.7483
 63000/800167 [=>............................] - ETA: 29s - loss: 0.8883 - mean_absolute_error: 0.7484
 65000/800167 [=>............................] - ETA: 29s - loss: 0.8860 - mean_absolute_error: 0.7473
 67000/800167 [=>............................] - ETA: 29s - loss: 0.8867 - mean_absolute_error: 0.7473
 69000/800167 [=>............................] - ETA: 29s - loss: 0.8864 - mean_absolute_error: 0.7474
 71000/800167 [=>............................] - ETA: 29s - loss: 0.8877 - mean_absolute_error: 0.7478
 73000/800167 [=>............................] - ETA: 28s - loss: 0.8871 - mean_absolute_error: 0.7475
 75000/800167 [=>............................] - ETA: 28s - loss: 0.8871 - mean_absolute_error: 0.7476
 77000/800167 [=>............................] - ETA: 28s - loss: 0.8867 - mean_absolute_error: 0.7475
 79000/800167 [=>............................] - ETA: 28s - loss: 0.8877 - mean_absolute_error: 0.7477
 81000/800167 [==>...........................] - ETA: 28s - loss: 0.8863 - mean_absolute_error: 0.7472
 83000/800167 [==>...........................] - ETA: 28s - loss: 0.8864 - mean_absolute_error: 0.7473
 85000/800167 [==>...........................] - ETA: 28s - loss: 0.8865 - mean_absolute_error: 0.7473
 87000/800167 [==>...........................] - ETA: 28s - loss: 0.8862 - mean_absolute_error: 0.7473
 89000/800167 [==>...........................] - ETA: 28s - loss: 0.8867 - mean_absolute_error: 0.7476
 91000/800167 [==>...........................] - ETA: 28s - loss: 0.8863 - mean_absolute_error: 0.7474
 93000/800167 [==>...........................] - ETA: 27s - loss: 0.8868 - mean_absolute_error: 0.7474
 95000/800167 [==>...........................] - ETA: 27s - loss: 0.8859 - mean_absolute_error: 0.7471
 97000/800167 [==>...........................] - ETA: 27s - loss: 0.8851 - mean_absolute_error: 0.7469
 99000/800167 [==>...........................] - ETA: 27s - loss: 0.8849 - mean_absolute_error: 0.7467
101000/800167 [==>...........................] - ETA: 27s - loss: 0.8849 - mean_absolute_error: 0.7466
102000/800167 [==>...........................] - ETA: 27s - loss: 0.8836 - mean_absolute_error: 0.7460
103000/800167 [==>...........................] - ETA: 28s - loss: 0.8840 - mean_absolute_error: 0.7461
104000/800167 [==>...........................] - ETA: 28s - loss: 0.8845 - mean_absolute_error: 0.7464
106000/800167 [==>...........................] - ETA: 27s - loss: 0.8841 - mean_absolute_error: 0.7461
108000/800167 [===>..........................] - ETA: 27s - loss: 0.8845 - mean_absolute_error: 0.7463
110000/800167 [===>..........................] - ETA: 27s - loss: 0.8841 - mean_absolute_error: 0.7461
112000/800167 [===>..........................] - ETA: 27s - loss: 0.8844 - mean_absolute_error: 0.7463
114000/800167 [===>..........................] - ETA: 27s - loss: 0.8837 - mean_absolute_error: 0.7459
116000/800167 [===>..........................] - ETA: 27s - loss: 0.8838 - mean_absolute_error: 0.7462
118000/800167 [===>..........................] - ETA: 27s - loss: 0.8838 - mean_absolute_error: 0.7461
120000/800167 [===>..........................] - ETA: 27s - loss: 0.8828 - mean_absolute_error: 0.7455
122000/800167 [===>..........................] - ETA: 27s - loss: 0.8828 - mean_absolute_error: 0.7455
124000/800167 [===>..........................] - ETA: 27s - loss: 0.8828 - mean_absolute_error: 0.7454
126000/800167 [===>..........................] - ETA: 26s - loss: 0.8826 - mean_absolute_error: 0.7454
128000/800167 [===>..........................] - ETA: 26s - loss: 0.8827 - mean_absolute_error: 0.7454
130000/800167 [===>..........................] - ETA: 26s - loss: 0.8824 - mean_absolute_error: 0.7452
132000/800167 [===>..........................] - ETA: 26s - loss: 0.8828 - mean_absolute_error: 0.7453
134000/800167 [====>.........................] - ETA: 26s - loss: 0.8833 - mean_absolute_error: 0.7455
136000/800167 [====>.........................] - ETA: 26s - loss: 0.8834 - mean_absolute_error: 0.7457
138000/800167 [====>.........................] - ETA: 26s - loss: 0.8831 - mean_absolute_error: 0.7455
140000/800167 [====>.........................] - ETA: 26s - loss: 0.8832 - mean_absolute_error: 0.7456
142000/800167 [====>.........................] - ETA: 26s - loss: 0.8838 - mean_absolute_error: 0.7460
144000/800167 [====>.........................] - ETA: 26s - loss: 0.8840 - mean_absolute_error: 0.7461
146000/800167 [====>.........................] - ETA: 25s - loss: 0.8845 - mean_absolute_error: 0.7463
148000/800167 [====>.........................] - ETA: 25s - loss: 0.8846 - mean_absolute_error: 0.7465
150000/800167 [====>.........................] - ETA: 25s - loss: 0.8841 - mean_absolute_error: 0.7463
152000/800167 [====>.........................] - ETA: 25s - loss: 0.8840 - mean_absolute_error: 0.7462
154000/800167 [====>.........................] - ETA: 25s - loss: 0.8838 - mean_absolute_error: 0.7460
156000/800167 [====>.........................] - ETA: 25s - loss: 0.8839 - mean_absolute_error: 0.7459
158000/800167 [====>.........................] - ETA: 25s - loss: 0.8836 - mean_absolute_error: 0.7458
160000/800167 [====>.........................] - ETA: 25s - loss: 0.8836 - mean_absolute_error: 0.7457
162000/800167 [=====>........................] - ETA: 25s - loss: 0.8833 - mean_absolute_error: 0.7456
164000/800167 [=====>........................] - ETA: 25s - loss: 0.8831 - mean_absolute_error: 0.7455
166000/800167 [=====>........................] - ETA: 25s - loss: 0.8834 - mean_absolute_error: 0.7455
168000/800167 [=====>........................] - ETA: 24s - loss: 0.8832 - mean_absolute_error: 0.7456
170000/800167 [=====>........................] - ETA: 24s - loss: 0.8830 - mean_absolute_error: 0.7456
172000/800167 [=====>........................] - ETA: 24s - loss: 0.8833 - mean_absolute_error: 0.7457
174000/800167 [=====>........................] - ETA: 24s - loss: 0.8831 - mean_absolute_error: 0.7457
176000/800167 [=====>........................] - ETA: 24s - loss: 0.8824 - mean_absolute_error: 0.7454
178000/800167 [=====>........................] - ETA: 24s - loss: 0.8823 - mean_absolute_error: 0.7454
180000/800167 [=====>........................] - ETA: 24s - loss: 0.8826 - mean_absolute_error: 0.7455
182000/800167 [=====>........................] - ETA: 24s - loss: 0.8827 - mean_absolute_error: 0.7456
184000/800167 [=====>........................] - ETA: 24s - loss: 0.8825 - mean_absolute_error: 0.7454
186000/800167 [=====>........................] - ETA: 24s - loss: 0.8820 - mean_absolute_error: 0.7452
188000/800167 [======>.......................] - ETA: 24s - loss: 0.8815 - mean_absolute_error: 0.7450
190000/800167 [======>.......................] - ETA: 23s - loss: 0.8815 - mean_absolute_error: 0.7451
192000/800167 [======>.......................] - ETA: 23s - loss: 0.8815 - mean_absolute_error: 0.7450
194000/800167 [======>.......................] - ETA: 23s - loss: 0.8809 - mean_absolute_error: 0.7448
196000/800167 [======>.......................] - ETA: 23s - loss: 0.8806 - mean_absolute_error: 0.7447
198000/800167 [======>.......................] - ETA: 23s - loss: 0.8803 - mean_absolute_error: 0.7445
200000/800167 [======>.......................] - ETA: 23s - loss: 0.8806 - mean_absolute_error: 0.7447
202000/800167 [======>.......................] - ETA: 23s - loss: 0.8809 - mean_absolute_error: 0.7449
204000/800167 [======>.......................] - ETA: 23s - loss: 0.8809 - mean_absolute_error: 0.7448
206000/800167 [======>.......................] - ETA: 23s - loss: 0.8808 - mean_absolute_error: 0.7447
208000/800167 [======>.......................] - ETA: 23s - loss: 0.8809 - mean_absolute_error: 0.7449
210000/800167 [======>.......................] - ETA: 23s - loss: 0.8809 - mean_absolute_error: 0.7449
212000/800167 [======>.......................] - ETA: 23s - loss: 0.8809 - mean_absolute_error: 0.7448
214000/800167 [=======>......................] - ETA: 23s - loss: 0.8812 - mean_absolute_error: 0.7449
216000/800167 [=======>......................] - ETA: 23s - loss: 0.8813 - mean_absolute_error: 0.7449
218000/800167 [=======>......................] - ETA: 22s - loss: 0.8815 - mean_absolute_error: 0.7450
220000/800167 [=======>......................] - ETA: 22s - loss: 0.8811 - mean_absolute_error: 0.7449
222000/800167 [=======>......................] - ETA: 22s - loss: 0.8813 - mean_absolute_error: 0.7450
224000/800167 [=======>......................] - ETA: 22s - loss: 0.8813 - mean_absolute_error: 0.7450
226000/800167 [=======>......................] - ETA: 22s - loss: 0.8814 - mean_absolute_error: 0.7451
228000/800167 [=======>......................] - ETA: 22s - loss: 0.8813 - mean_absolute_error: 0.7451
230000/800167 [=======>......................] - ETA: 22s - loss: 0.8812 - mean_absolute_error: 0.7451
231000/800167 [=======>......................] - ETA: 22s - loss: 0.8813 - mean_absolute_error: 0.7451
232000/800167 [=======>......................] - ETA: 22s - loss: 0.8813 - mean_absolute_error: 0.7452
234000/800167 [=======>......................] - ETA: 22s - loss: 0.8812 - mean_absolute_error: 0.7452
236000/800167 [=======>......................] - ETA: 22s - loss: 0.8812 - mean_absolute_error: 0.7452
238000/800167 [=======>......................] - ETA: 22s - loss: 0.8810 - mean_absolute_error: 0.7451
240000/800167 [=======>......................] - ETA: 22s - loss: 0.8810 - mean_absolute_error: 0.7451
242000/800167 [========>.....................] - ETA: 22s - loss: 0.8811 - mean_absolute_error: 0.7451
244000/800167 [========>.....................] - ETA: 22s - loss: 0.8811 - mean_absolute_error: 0.7451
246000/800167 [========>.....................] - ETA: 21s - loss: 0.8812 - mean_absolute_error: 0.7452
248000/800167 [========>.....................] - ETA: 21s - loss: 0.8810 - mean_absolute_error: 0.7450
250000/800167 [========>.....................] - ETA: 21s - loss: 0.8808 - mean_absolute_error: 0.7449
252000/800167 [========>.....................] - ETA: 21s - loss: 0.8806 - mean_absolute_error: 0.7448
254000/800167 [========>.....................] - ETA: 21s - loss: 0.8805 - mean_absolute_error: 0.7447
255000/800167 [========>.....................] - ETA: 21s - loss: 0.8807 - mean_absolute_error: 0.7448
256000/800167 [========>.....................] - ETA: 21s - loss: 0.8803 - mean_absolute_error: 0.7446
258000/800167 [========>.....................] - ETA: 21s - loss: 0.8803 - mean_absolute_error: 0.7447
260000/800167 [========>.....................] - ETA: 21s - loss: 0.8801 - mean_absolute_error: 0.7446
262000/800167 [========>.....................] - ETA: 21s - loss: 0.8798 - mean_absolute_error: 0.7444
264000/800167 [========>.....................] - ETA: 21s - loss: 0.8796 - mean_absolute_error: 0.7444
266000/800167 [========>.....................] - ETA: 21s - loss: 0.8794 - mean_absolute_error: 0.7443
268000/800167 [=========>....................] - ETA: 21s - loss: 0.8796 - mean_absolute_error: 0.7443
270000/800167 [=========>....................] - ETA: 21s - loss: 0.8794 - mean_absolute_error: 0.7443
272000/800167 [=========>....................] - ETA: 21s - loss: 0.8793 - mean_absolute_error: 0.7442
274000/800167 [=========>....................] - ETA: 21s - loss: 0.8791 - mean_absolute_error: 0.7441
276000/800167 [=========>....................] - ETA: 21s - loss: 0.8789 - mean_absolute_error: 0.7439
278000/800167 [=========>....................] - ETA: 21s - loss: 0.8791 - mean_absolute_error: 0.7441
280000/800167 [=========>....................] - ETA: 21s - loss: 0.8797 - mean_absolute_error: 0.7443
282000/800167 [=========>....................] - ETA: 20s - loss: 0.8799 - mean_absolute_error: 0.7444
284000/800167 [=========>....................] - ETA: 20s - loss: 0.8804 - mean_absolute_error: 0.7446
286000/800167 [=========>....................] - ETA: 20s - loss: 0.8801 - mean_absolute_error: 0.7445
287000/800167 [=========>....................] - ETA: 20s - loss: 0.8802 - mean_absolute_error: 0.7446
288000/800167 [=========>....................] - ETA: 20s - loss: 0.8801 - mean_absolute_error: 0.7446
289000/800167 [=========>....................] - ETA: 20s - loss: 0.8801 - mean_absolute_error: 0.7446
291000/800167 [=========>....................] - ETA: 20s - loss: 0.8801 - mean_absolute_error: 0.7446
293000/800167 [=========>....................] - ETA: 20s - loss: 0.8803 - mean_absolute_error: 0.7446
294000/800167 [==========>...................] - ETA: 20s - loss: 0.8803 - mean_absolute_error: 0.7446
296000/800167 [==========>...................] - ETA: 20s - loss: 0.8801 - mean_absolute_error: 0.7446
298000/800167 [==========>...................] - ETA: 20s - loss: 0.8799 - mean_absolute_error: 0.7445
300000/800167 [==========>...................] - ETA: 20s - loss: 0.8799 - mean_absolute_error: 0.7446
302000/800167 [==========>...................] - ETA: 20s - loss: 0.8801 - mean_absolute_error: 0.7446
304000/800167 [==========>...................] - ETA: 20s - loss: 0.8798 - mean_absolute_error: 0.7446
306000/800167 [==========>...................] - ETA: 20s - loss: 0.8796 - mean_absolute_error: 0.7444
308000/800167 [==========>...................] - ETA: 20s - loss: 0.8795 - mean_absolute_error: 0.7444
310000/800167 [==========>...................] - ETA: 20s - loss: 0.8797 - mean_absolute_error: 0.7445
312000/800167 [==========>...................] - ETA: 20s - loss: 0.8796 - mean_absolute_error: 0.7443
314000/800167 [==========>...................] - ETA: 19s - loss: 0.8800 - mean_absolute_error: 0.7446
316000/800167 [==========>...................] - ETA: 19s - loss: 0.8800 - mean_absolute_error: 0.7446
318000/800167 [==========>...................] - ETA: 19s - loss: 0.8802 - mean_absolute_error: 0.7446
320000/800167 [==========>...................] - ETA: 19s - loss: 0.8802 - mean_absolute_error: 0.7447
322000/800167 [===========>..................] - ETA: 19s - loss: 0.8800 - mean_absolute_error: 0.7446
324000/800167 [===========>..................] - ETA: 19s - loss: 0.8799 - mean_absolute_error: 0.7445
326000/800167 [===========>..................] - ETA: 19s - loss: 0.8797 - mean_absolute_error: 0.7444
328000/800167 [===========>..................] - ETA: 19s - loss: 0.8800 - mean_absolute_error: 0.7446
330000/800167 [===========>..................] - ETA: 19s - loss: 0.8798 - mean_absolute_error: 0.7445
332000/800167 [===========>..................] - ETA: 19s - loss: 0.8797 - mean_absolute_error: 0.7444
334000/800167 [===========>..................] - ETA: 19s - loss: 0.8798 - mean_absolute_error: 0.7445
336000/800167 [===========>..................] - ETA: 18s - loss: 0.8795 - mean_absolute_error: 0.7444
338000/800167 [===========>..................] - ETA: 18s - loss: 0.8796 - mean_absolute_error: 0.7444
340000/800167 [===========>..................] - ETA: 18s - loss: 0.8796 - mean_absolute_error: 0.7444
342000/800167 [===========>..................] - ETA: 18s - loss: 0.8797 - mean_absolute_error: 0.7445
344000/800167 [===========>..................] - ETA: 18s - loss: 0.8798 - mean_absolute_error: 0.7445
346000/800167 [===========>..................] - ETA: 18s - loss: 0.8796 - mean_absolute_error: 0.7445
348000/800167 [============>.................] - ETA: 18s - loss: 0.8795 - mean_absolute_error: 0.7444
350000/800167 [============>.................] - ETA: 18s - loss: 0.8801 - mean_absolute_error: 0.7445
352000/800167 [============>.................] - ETA: 18s - loss: 0.8798 - mean_absolute_error: 0.7444
354000/800167 [============>.................] - ETA: 18s - loss: 0.8801 - mean_absolute_error: 0.7445
356000/800167 [============>.................] - ETA: 18s - loss: 0.8803 - mean_absolute_error: 0.7445
358000/800167 [============>.................] - ETA: 18s - loss: 0.8802 - mean_absolute_error: 0.7445
360000/800167 [============>.................] - ETA: 17s - loss: 0.8799 - mean_absolute_error: 0.7444
362000/800167 [============>.................] - ETA: 17s - loss: 0.8804 - mean_absolute_error: 0.7446
364000/800167 [============>.................] - ETA: 17s - loss: 0.8806 - mean_absolute_error: 0.7446
366000/800167 [============>.................] - ETA: 17s - loss: 0.8808 - mean_absolute_error: 0.7447
368000/800167 [============>.................] - ETA: 17s - loss: 0.8809 - mean_absolute_error: 0.7447
370000/800167 [============>.................] - ETA: 17s - loss: 0.8809 - mean_absolute_error: 0.7448
372000/800167 [============>.................] - ETA: 17s - loss: 0.8807 - mean_absolute_error: 0.7447
374000/800167 [=============>................] - ETA: 17s - loss: 0.8805 - mean_absolute_error: 0.7446
376000/800167 [=============>................] - ETA: 17s - loss: 0.8804 - mean_absolute_error: 0.7446
378000/800167 [=============>................] - ETA: 17s - loss: 0.8804 - mean_absolute_error: 0.7446
380000/800167 [=============>................] - ETA: 17s - loss: 0.8803 - mean_absolute_error: 0.7445
382000/800167 [=============>................] - ETA: 16s - loss: 0.8804 - mean_absolute_error: 0.7445
384000/800167 [=============>................] - ETA: 16s - loss: 0.8805 - mean_absolute_error: 0.7446
386000/800167 [=============>................] - ETA: 16s - loss: 0.8805 - mean_absolute_error: 0.7446
388000/800167 [=============>................] - ETA: 16s - loss: 0.8803 - mean_absolute_error: 0.7445
390000/800167 [=============>................] - ETA: 16s - loss: 0.8804 - mean_absolute_error: 0.7446
392000/800167 [=============>................] - ETA: 16s - loss: 0.8804 - mean_absolute_error: 0.7446
394000/800167 [=============>................] - ETA: 16s - loss: 0.8804 - mean_absolute_error: 0.7446
396000/800167 [=============>................] - ETA: 16s - loss: 0.8805 - mean_absolute_error: 0.7445
398000/800167 [=============>................] - ETA: 16s - loss: 0.8803 - mean_absolute_error: 0.7445
400000/800167 [=============>................] - ETA: 16s - loss: 0.8802 - mean_absolute_error: 0.7444
402000/800167 [==============>...............] - ETA: 16s - loss: 0.8801 - mean_absolute_error: 0.7444
404000/800167 [==============>...............] - ETA: 16s - loss: 0.8800 - mean_absolute_error: 0.7443
406000/800167 [==============>...............] - ETA: 15s - loss: 0.8800 - mean_absolute_error: 0.7443
408000/800167 [==============>...............] - ETA: 15s - loss: 0.8800 - mean_absolute_error: 0.7443
410000/800167 [==============>...............] - ETA: 15s - loss: 0.8802 - mean_absolute_error: 0.7444
412000/800167 [==============>...............] - ETA: 15s - loss: 0.8799 - mean_absolute_error: 0.7443
414000/800167 [==============>...............] - ETA: 15s - loss: 0.8799 - mean_absolute_error: 0.7443
416000/800167 [==============>...............] - ETA: 15s - loss: 0.8799 - mean_absolute_error: 0.7443
418000/800167 [==============>...............] - ETA: 15s - loss: 0.8799 - mean_absolute_error: 0.7443
420000/800167 [==============>...............] - ETA: 15s - loss: 0.8799 - mean_absolute_error: 0.7443
422000/800167 [==============>...............] - ETA: 15s - loss: 0.8799 - mean_absolute_error: 0.7444
424000/800167 [==============>...............] - ETA: 15s - loss: 0.8800 - mean_absolute_error: 0.7444
426000/800167 [==============>...............] - ETA: 15s - loss: 0.8800 - mean_absolute_error: 0.7443
428000/800167 [===============>..............] - ETA: 15s - loss: 0.8800 - mean_absolute_error: 0.7444
430000/800167 [===============>..............] - ETA: 14s - loss: 0.8800 - mean_absolute_error: 0.7444
432000/800167 [===============>..............] - ETA: 14s - loss: 0.8802 - mean_absolute_error: 0.7444
434000/800167 [===============>..............] - ETA: 14s - loss: 0.8803 - mean_absolute_error: 0.7445
436000/800167 [===============>..............] - ETA: 14s - loss: 0.8803 - mean_absolute_error: 0.7445
438000/800167 [===============>..............] - ETA: 14s - loss: 0.8805 - mean_absolute_error: 0.7445
440000/800167 [===============>..............] - ETA: 14s - loss: 0.8806 - mean_absolute_error: 0.7446
442000/800167 [===============>..............] - ETA: 14s - loss: 0.8805 - mean_absolute_error: 0.7446
444000/800167 [===============>..............] - ETA: 14s - loss: 0.8806 - mean_absolute_error: 0.7446
446000/800167 [===============>..............] - ETA: 14s - loss: 0.8805 - mean_absolute_error: 0.7446
448000/800167 [===============>..............] - ETA: 14s - loss: 0.8805 - mean_absolute_error: 0.7446
450000/800167 [===============>..............] - ETA: 14s - loss: 0.8804 - mean_absolute_error: 0.7445
452000/800167 [===============>..............] - ETA: 13s - loss: 0.8804 - mean_absolute_error: 0.7445
454000/800167 [================>.............] - ETA: 13s - loss: 0.8802 - mean_absolute_error: 0.7444
456000/800167 [================>.............] - ETA: 13s - loss: 0.8802 - mean_absolute_error: 0.7443
458000/800167 [================>.............] - ETA: 13s - loss: 0.8800 - mean_absolute_error: 0.7443
460000/800167 [================>.............] - ETA: 13s - loss: 0.8797 - mean_absolute_error: 0.7441
462000/800167 [================>.............] - ETA: 13s - loss: 0.8798 - mean_absolute_error: 0.7442
464000/800167 [================>.............] - ETA: 13s - loss: 0.8797 - mean_absolute_error: 0.7442
466000/800167 [================>.............] - ETA: 13s - loss: 0.8795 - mean_absolute_error: 0.7441
468000/800167 [================>.............] - ETA: 13s - loss: 0.8794 - mean_absolute_error: 0.7441
470000/800167 [================>.............] - ETA: 13s - loss: 0.8792 - mean_absolute_error: 0.7440
472000/800167 [================>.............] - ETA: 13s - loss: 0.8792 - mean_absolute_error: 0.7440
474000/800167 [================>.............] - ETA: 13s - loss: 0.8790 - mean_absolute_error: 0.7439
476000/800167 [================>.............] - ETA: 13s - loss: 0.8790 - mean_absolute_error: 0.7439
478000/800167 [================>.............] - ETA: 12s - loss: 0.8788 - mean_absolute_error: 0.7438
480000/800167 [================>.............] - ETA: 12s - loss: 0.8788 - mean_absolute_error: 0.7438
482000/800167 [=================>............] - ETA: 12s - loss: 0.8787 - mean_absolute_error: 0.7438
484000/800167 [=================>............] - ETA: 12s - loss: 0.8789 - mean_absolute_error: 0.7438
486000/800167 [=================>............] - ETA: 12s - loss: 0.8790 - mean_absolute_error: 0.7439
488000/800167 [=================>............] - ETA: 12s - loss: 0.8790 - mean_absolute_error: 0.7439
490000/800167 [=================>............] - ETA: 12s - loss: 0.8790 - mean_absolute_error: 0.7439
492000/800167 [=================>............] - ETA: 12s - loss: 0.8789 - mean_absolute_error: 0.7437
494000/800167 [=================>............] - ETA: 12s - loss: 0.8788 - mean_absolute_error: 0.7438
496000/800167 [=================>............] - ETA: 12s - loss: 0.8785 - mean_absolute_error: 0.7436
498000/800167 [=================>............] - ETA: 12s - loss: 0.8784 - mean_absolute_error: 0.7436
500000/800167 [=================>............] - ETA: 12s - loss: 0.8784 - mean_absolute_error: 0.7436
502000/800167 [=================>............] - ETA: 11s - loss: 0.8783 - mean_absolute_error: 0.7435
504000/800167 [=================>............] - ETA: 11s - loss: 0.8784 - mean_absolute_error: 0.7436
506000/800167 [=================>............] - ETA: 11s - loss: 0.8783 - mean_absolute_error: 0.7435
508000/800167 [==================>...........] - ETA: 11s - loss: 0.8785 - mean_absolute_error: 0.7436
510000/800167 [==================>...........] - ETA: 11s - loss: 0.8785 - mean_absolute_error: 0.7436
512000/800167 [==================>...........] - ETA: 11s - loss: 0.8783 - mean_absolute_error: 0.7435
514000/800167 [==================>...........] - ETA: 11s - loss: 0.8782 - mean_absolute_error: 0.7434
516000/800167 [==================>...........] - ETA: 11s - loss: 0.8782 - mean_absolute_error: 0.7435
518000/800167 [==================>...........] - ETA: 11s - loss: 0.8782 - mean_absolute_error: 0.7435
520000/800167 [==================>...........] - ETA: 11s - loss: 0.8780 - mean_absolute_error: 0.7434
522000/800167 [==================>...........] - ETA: 11s - loss: 0.8780 - mean_absolute_error: 0.7434
524000/800167 [==================>...........] - ETA: 11s - loss: 0.8781 - mean_absolute_error: 0.7435
526000/800167 [==================>...........] - ETA: 10s - loss: 0.8782 - mean_absolute_error: 0.7435
528000/800167 [==================>...........] - ETA: 10s - loss: 0.8782 - mean_absolute_error: 0.7435
530000/800167 [==================>...........] - ETA: 10s - loss: 0.8782 - mean_absolute_error: 0.7435
532000/800167 [==================>...........] - ETA: 10s - loss: 0.8780 - mean_absolute_error: 0.7434
534000/800167 [===================>..........] - ETA: 10s - loss: 0.8778 - mean_absolute_error: 0.7433
536000/800167 [===================>..........] - ETA: 10s - loss: 0.8780 - mean_absolute_error: 0.7434
538000/800167 [===================>..........] - ETA: 10s - loss: 0.8779 - mean_absolute_error: 0.7433
540000/800167 [===================>..........] - ETA: 10s - loss: 0.8778 - mean_absolute_error: 0.7433
542000/800167 [===================>..........] - ETA: 10s - loss: 0.8778 - mean_absolute_error: 0.7433
544000/800167 [===================>..........] - ETA: 10s - loss: 0.8778 - mean_absolute_error: 0.7433
546000/800167 [===================>..........] - ETA: 10s - loss: 0.8778 - mean_absolute_error: 0.7433
548000/800167 [===================>..........] - ETA: 10s - loss: 0.8779 - mean_absolute_error: 0.7434
550000/800167 [===================>..........] - ETA: 9s - loss: 0.8779 - mean_absolute_error: 0.7434 
552000/800167 [===================>..........] - ETA: 9s - loss: 0.8778 - mean_absolute_error: 0.7433
554000/800167 [===================>..........] - ETA: 9s - loss: 0.8775 - mean_absolute_error: 0.7432
556000/800167 [===================>..........] - ETA: 9s - loss: 0.8775 - mean_absolute_error: 0.7432
558000/800167 [===================>..........] - ETA: 9s - loss: 0.8775 - mean_absolute_error: 0.7432
560000/800167 [===================>..........] - ETA: 9s - loss: 0.8775 - mean_absolute_error: 0.7432
562000/800167 [====================>.........] - ETA: 9s - loss: 0.8775 - mean_absolute_error: 0.7432
564000/800167 [====================>.........] - ETA: 9s - loss: 0.8775 - mean_absolute_error: 0.7432
566000/800167 [====================>.........] - ETA: 9s - loss: 0.8776 - mean_absolute_error: 0.7432
568000/800167 [====================>.........] - ETA: 9s - loss: 0.8775 - mean_absolute_error: 0.7431
570000/800167 [====================>.........] - ETA: 9s - loss: 0.8774 - mean_absolute_error: 0.7431
572000/800167 [====================>.........] - ETA: 9s - loss: 0.8772 - mean_absolute_error: 0.7430
574000/800167 [====================>.........] - ETA: 9s - loss: 0.8772 - mean_absolute_error: 0.7430
576000/800167 [====================>.........] - ETA: 8s - loss: 0.8773 - mean_absolute_error: 0.7431
578000/800167 [====================>.........] - ETA: 8s - loss: 0.8773 - mean_absolute_error: 0.7431
580000/800167 [====================>.........] - ETA: 8s - loss: 0.8775 - mean_absolute_error: 0.7432
582000/800167 [====================>.........] - ETA: 8s - loss: 0.8774 - mean_absolute_error: 0.7431
584000/800167 [====================>.........] - ETA: 8s - loss: 0.8773 - mean_absolute_error: 0.7431
586000/800167 [====================>.........] - ETA: 8s - loss: 0.8773 - mean_absolute_error: 0.7430
588000/800167 [=====================>........] - ETA: 8s - loss: 0.8772 - mean_absolute_error: 0.7429
590000/800167 [=====================>........] - ETA: 8s - loss: 0.8771 - mean_absolute_error: 0.7429
592000/800167 [=====================>........] - ETA: 8s - loss: 0.8769 - mean_absolute_error: 0.7428
594000/800167 [=====================>........] - ETA: 8s - loss: 0.8769 - mean_absolute_error: 0.7428
596000/800167 [=====================>........] - ETA: 8s - loss: 0.8771 - mean_absolute_error: 0.7429
598000/800167 [=====================>........] - ETA: 8s - loss: 0.8771 - mean_absolute_error: 0.7429
600000/800167 [=====================>........] - ETA: 7s - loss: 0.8769 - mean_absolute_error: 0.7429
602000/800167 [=====================>........] - ETA: 7s - loss: 0.8768 - mean_absolute_error: 0.7429
604000/800167 [=====================>........] - ETA: 7s - loss: 0.8766 - mean_absolute_error: 0.7428
606000/800167 [=====================>........] - ETA: 7s - loss: 0.8769 - mean_absolute_error: 0.7429
608000/800167 [=====================>........] - ETA: 7s - loss: 0.8769 - mean_absolute_error: 0.7429
609000/800167 [=====================>........] - ETA: 7s - loss: 0.8767 - mean_absolute_error: 0.7428
611000/800167 [=====================>........] - ETA: 7s - loss: 0.8766 - mean_absolute_error: 0.7428
613000/800167 [=====================>........] - ETA: 7s - loss: 0.8766 - mean_absolute_error: 0.7428
615000/800167 [======================>.......] - ETA: 7s - loss: 0.8765 - mean_absolute_error: 0.7428
617000/800167 [======================>.......] - ETA: 7s - loss: 0.8766 - mean_absolute_error: 0.7428
619000/800167 [======================>.......] - ETA: 7s - loss: 0.8766 - mean_absolute_error: 0.7428
621000/800167 [======================>.......] - ETA: 7s - loss: 0.8768 - mean_absolute_error: 0.7429
622000/800167 [======================>.......] - ETA: 7s - loss: 0.8768 - mean_absolute_error: 0.7429
624000/800167 [======================>.......] - ETA: 6s - loss: 0.8769 - mean_absolute_error: 0.7430
626000/800167 [======================>.......] - ETA: 6s - loss: 0.8770 - mean_absolute_error: 0.7430
628000/800167 [======================>.......] - ETA: 6s - loss: 0.8771 - mean_absolute_error: 0.7431
630000/800167 [======================>.......] - ETA: 6s - loss: 0.8770 - mean_absolute_error: 0.7430
632000/800167 [======================>.......] - ETA: 6s - loss: 0.8769 - mean_absolute_error: 0.7430
634000/800167 [======================>.......] - ETA: 6s - loss: 0.8769 - mean_absolute_error: 0.7429
636000/800167 [======================>.......] - ETA: 6s - loss: 0.8770 - mean_absolute_error: 0.7430
638000/800167 [======================>.......] - ETA: 6s - loss: 0.8770 - mean_absolute_error: 0.7430
640000/800167 [======================>.......] - ETA: 6s - loss: 0.8771 - mean_absolute_error: 0.7430
642000/800167 [=======================>......] - ETA: 6s - loss: 0.8771 - mean_absolute_error: 0.7431
644000/800167 [=======================>......] - ETA: 6s - loss: 0.8771 - mean_absolute_error: 0.7431
646000/800167 [=======================>......] - ETA: 6s - loss: 0.8774 - mean_absolute_error: 0.7431
648000/800167 [=======================>......] - ETA: 6s - loss: 0.8773 - mean_absolute_error: 0.7432
650000/800167 [=======================>......] - ETA: 5s - loss: 0.8774 - mean_absolute_error: 0.7432
652000/800167 [=======================>......] - ETA: 5s - loss: 0.8774 - mean_absolute_error: 0.7432
654000/800167 [=======================>......] - ETA: 5s - loss: 0.8772 - mean_absolute_error: 0.7431
656000/800167 [=======================>......] - ETA: 5s - loss: 0.8772 - mean_absolute_error: 0.7431
658000/800167 [=======================>......] - ETA: 5s - loss: 0.8772 - mean_absolute_error: 0.7431
660000/800167 [=======================>......] - ETA: 5s - loss: 0.8770 - mean_absolute_error: 0.7431
662000/800167 [=======================>......] - ETA: 5s - loss: 0.8768 - mean_absolute_error: 0.7430
664000/800167 [=======================>......] - ETA: 5s - loss: 0.8768 - mean_absolute_error: 0.7430
666000/800167 [=======================>......] - ETA: 5s - loss: 0.8768 - mean_absolute_error: 0.7430
668000/800167 [========================>.....] - ETA: 5s - loss: 0.8766 - mean_absolute_error: 0.7429
670000/800167 [========================>.....] - ETA: 5s - loss: 0.8768 - mean_absolute_error: 0.7430
672000/800167 [========================>.....] - ETA: 5s - loss: 0.8768 - mean_absolute_error: 0.7430
674000/800167 [========================>.....] - ETA: 4s - loss: 0.8767 - mean_absolute_error: 0.7430
676000/800167 [========================>.....] - ETA: 4s - loss: 0.8767 - mean_absolute_error: 0.7429
678000/800167 [========================>.....] - ETA: 4s - loss: 0.8767 - mean_absolute_error: 0.7429
680000/800167 [========================>.....] - ETA: 4s - loss: 0.8767 - mean_absolute_error: 0.7429
682000/800167 [========================>.....] - ETA: 4s - loss: 0.8767 - mean_absolute_error: 0.7429
684000/800167 [========================>.....] - ETA: 4s - loss: 0.8768 - mean_absolute_error: 0.7429
686000/800167 [========================>.....] - ETA: 4s - loss: 0.8767 - mean_absolute_error: 0.7429
688000/800167 [========================>.....] - ETA: 4s - loss: 0.8765 - mean_absolute_error: 0.7428
690000/800167 [========================>.....] - ETA: 4s - loss: 0.8764 - mean_absolute_error: 0.7427
692000/800167 [========================>.....] - ETA: 4s - loss: 0.8764 - mean_absolute_error: 0.7427
694000/800167 [=========================>....] - ETA: 4s - loss: 0.8763 - mean_absolute_error: 0.7427
696000/800167 [=========================>....] - ETA: 4s - loss: 0.8762 - mean_absolute_error: 0.7427
698000/800167 [=========================>....] - ETA: 4s - loss: 0.8761 - mean_absolute_error: 0.7426
700000/800167 [=========================>....] - ETA: 3s - loss: 0.8761 - mean_absolute_error: 0.7426
702000/800167 [=========================>....] - ETA: 3s - loss: 0.8759 - mean_absolute_error: 0.7425
704000/800167 [=========================>....] - ETA: 3s - loss: 0.8760 - mean_absolute_error: 0.7425
706000/800167 [=========================>....] - ETA: 3s - loss: 0.8760 - mean_absolute_error: 0.7425
708000/800167 [=========================>....] - ETA: 3s - loss: 0.8760 - mean_absolute_error: 0.7425
710000/800167 [=========================>....] - ETA: 3s - loss: 0.8760 - mean_absolute_error: 0.7425
712000/800167 [=========================>....] - ETA: 3s - loss: 0.8760 - mean_absolute_error: 0.7425
714000/800167 [=========================>....] - ETA: 3s - loss: 0.8760 - mean_absolute_error: 0.7425
716000/800167 [=========================>....] - ETA: 3s - loss: 0.8759 - mean_absolute_error: 0.7425
718000/800167 [=========================>....] - ETA: 3s - loss: 0.8760 - mean_absolute_error: 0.7425
720000/800167 [=========================>....] - ETA: 3s - loss: 0.8759 - mean_absolute_error: 0.7425
722000/800167 [==========================>...] - ETA: 3s - loss: 0.8760 - mean_absolute_error: 0.7425
724000/800167 [==========================>...] - ETA: 3s - loss: 0.8760 - mean_absolute_error: 0.7425
726000/800167 [==========================>...] - ETA: 2s - loss: 0.8759 - mean_absolute_error: 0.7425
728000/800167 [==========================>...] - ETA: 2s - loss: 0.8759 - mean_absolute_error: 0.7424
730000/800167 [==========================>...] - ETA: 2s - loss: 0.8758 - mean_absolute_error: 0.7424
732000/800167 [==========================>...] - ETA: 2s - loss: 0.8756 - mean_absolute_error: 0.7423
734000/800167 [==========================>...] - ETA: 2s - loss: 0.8756 - mean_absolute_error: 0.7423
736000/800167 [==========================>...] - ETA: 2s - loss: 0.8755 - mean_absolute_error: 0.7423
738000/800167 [==========================>...] - ETA: 2s - loss: 0.8755 - mean_absolute_error: 0.7423
740000/800167 [==========================>...] - ETA: 2s - loss: 0.8754 - mean_absolute_error: 0.7422
742000/800167 [==========================>...] - ETA: 2s - loss: 0.8755 - mean_absolute_error: 0.7423
744000/800167 [==========================>...] - ETA: 2s - loss: 0.8754 - mean_absolute_error: 0.7422
746000/800167 [==========================>...] - ETA: 2s - loss: 0.8753 - mean_absolute_error: 0.7422
748000/800167 [===========================>..] - ETA: 2s - loss: 0.8753 - mean_absolute_error: 0.7422
750000/800167 [===========================>..] - ETA: 1s - loss: 0.8752 - mean_absolute_error: 0.7422
752000/800167 [===========================>..] - ETA: 1s - loss: 0.8752 - mean_absolute_error: 0.7421
754000/800167 [===========================>..] - ETA: 1s - loss: 0.8750 - mean_absolute_error: 0.7421
756000/800167 [===========================>..] - ETA: 1s - loss: 0.8751 - mean_absolute_error: 0.7421
758000/800167 [===========================>..] - ETA: 1s - loss: 0.8750 - mean_absolute_error: 0.7421
760000/800167 [===========================>..] - ETA: 1s - loss: 0.8749 - mean_absolute_error: 0.7420
762000/800167 [===========================>..] - ETA: 1s - loss: 0.8749 - mean_absolute_error: 0.7420
764000/800167 [===========================>..] - ETA: 1s - loss: 0.8749 - mean_absolute_error: 0.7420
766000/800167 [===========================>..] - ETA: 1s - loss: 0.8749 - mean_absolute_error: 0.7420
768000/800167 [===========================>..] - ETA: 1s - loss: 0.8749 - mean_absolute_error: 0.7420
770000/800167 [===========================>..] - ETA: 1s - loss: 0.8748 - mean_absolute_error: 0.7420
772000/800167 [===========================>..] - ETA: 1s - loss: 0.8747 - mean_absolute_error: 0.7420
774000/800167 [============================>.] - ETA: 1s - loss: 0.8747 - mean_absolute_error: 0.7419
776000/800167 [============================>.] - ETA: 0s - loss: 0.8746 - mean_absolute_error: 0.7419
778000/800167 [============================>.] - ETA: 0s - loss: 0.8746 - mean_absolute_error: 0.7419
780000/800167 [============================>.] - ETA: 0s - loss: 0.8745 - mean_absolute_error: 0.7419
782000/800167 [============================>.] - ETA: 0s - loss: 0.8744 - mean_absolute_error: 0.7418
784000/800167 [============================>.] - ETA: 0s - loss: 0.8743 - mean_absolute_error: 0.7418
786000/800167 [============================>.] - ETA: 0s - loss: 0.8743 - mean_absolute_error: 0.7418
788000/800167 [============================>.] - ETA: 0s - loss: 0.8742 - mean_absolute_error: 0.7418
790000/800167 [============================>.] - ETA: 0s - loss: 0.8743 - mean_absolute_error: 0.7418
792000/800167 [============================>.] - ETA: 0s - loss: 0.8742 - mean_absolute_error: 0.7418
794000/800167 [============================>.] - ETA: 0s - loss: 0.8742 - mean_absolute_error: 0.7418
796000/800167 [============================>.] - ETA: 0s - loss: 0.8743 - mean_absolute_error: 0.7418
798000/800167 [============================>.] - ETA: 0s - loss: 0.8743 - mean_absolute_error: 0.7418
800000/800167 [============================>.] - ETA: 0s - loss: 0.8742 - mean_absolute_error: 0.7418
800167/800167 [==============================] - 34s 42us/step - loss: 0.8742 - mean_absolute_error: 0.7418 - val_loss: 0.8050 - val_mean_absolute_error: 0.7070
Epoch 4/6

  1000/800167 [..............................] - ETA: 27s - loss: 0.9046 - mean_absolute_error: 0.7488
  3000/800167 [..............................] - ETA: 28s - loss: 0.8508 - mean_absolute_error: 0.7383
  5000/800167 [..............................] - ETA: 29s - loss: 0.8667 - mean_absolute_error: 0.7417
  7000/800167 [..............................] - ETA: 30s - loss: 0.8524 - mean_absolute_error: 0.7345
  9000/800167 [..............................] - ETA: 30s - loss: 0.8582 - mean_absolute_error: 0.7367
 11000/800167 [..............................] - ETA: 30s - loss: 0.8579 - mean_absolute_error: 0.7361
 13000/800167 [..............................] - ETA: 30s - loss: 0.8628 - mean_absolute_error: 0.7384
 15000/800167 [..............................] - ETA: 31s - loss: 0.8625 - mean_absolute_error: 0.7385
 17000/800167 [..............................] - ETA: 31s - loss: 0.8592 - mean_absolute_error: 0.7369
 19000/800167 [..............................] - ETA: 30s - loss: 0.8595 - mean_absolute_error: 0.7368
 21000/800167 [..............................] - ETA: 30s - loss: 0.8603 - mean_absolute_error: 0.7365
 23000/800167 [..............................] - ETA: 30s - loss: 0.8578 - mean_absolute_error: 0.7352
 25000/800167 [..............................] - ETA: 30s - loss: 0.8600 - mean_absolute_error: 0.7361
 27000/800167 [>.............................] - ETA: 30s - loss: 0.8591 - mean_absolute_error: 0.7351
 29000/800167 [>.............................] - ETA: 30s - loss: 0.8587 - mean_absolute_error: 0.7351
 31000/800167 [>.............................] - ETA: 30s - loss: 0.8571 - mean_absolute_error: 0.7343
 33000/800167 [>.............................] - ETA: 30s - loss: 0.8599 - mean_absolute_error: 0.7353
 35000/800167 [>.............................] - ETA: 29s - loss: 0.8601 - mean_absolute_error: 0.7354
 37000/800167 [>.............................] - ETA: 29s - loss: 0.8595 - mean_absolute_error: 0.7355
 39000/800167 [>.............................] - ETA: 29s - loss: 0.8592 - mean_absolute_error: 0.7350
 41000/800167 [>.............................] - ETA: 29s - loss: 0.8598 - mean_absolute_error: 0.7355
 43000/800167 [>.............................] - ETA: 29s - loss: 0.8599 - mean_absolute_error: 0.7356
 45000/800167 [>.............................] - ETA: 29s - loss: 0.8604 - mean_absolute_error: 0.7354
 47000/800167 [>.............................] - ETA: 29s - loss: 0.8582 - mean_absolute_error: 0.7350
 49000/800167 [>.............................] - ETA: 29s - loss: 0.8605 - mean_absolute_error: 0.7363
 51000/800167 [>.............................] - ETA: 28s - loss: 0.8600 - mean_absolute_error: 0.7359
 53000/800167 [>.............................] - ETA: 28s - loss: 0.8587 - mean_absolute_error: 0.7356
 55000/800167 [=>............................] - ETA: 28s - loss: 0.8616 - mean_absolute_error: 0.7371
 57000/800167 [=>............................] - ETA: 28s - loss: 0.8605 - mean_absolute_error: 0.7367
 59000/800167 [=>............................] - ETA: 28s - loss: 0.8599 - mean_absolute_error: 0.7362
 61000/800167 [=>............................] - ETA: 28s - loss: 0.8613 - mean_absolute_error: 0.7369
 63000/800167 [=>............................] - ETA: 28s - loss: 0.8613 - mean_absolute_error: 0.7371
 65000/800167 [=>............................] - ETA: 28s - loss: 0.8591 - mean_absolute_error: 0.7362
 67000/800167 [=>............................] - ETA: 28s - loss: 0.8596 - mean_absolute_error: 0.7362
 69000/800167 [=>............................] - ETA: 28s - loss: 0.8588 - mean_absolute_error: 0.7359
 71000/800167 [=>............................] - ETA: 28s - loss: 0.8595 - mean_absolute_error: 0.7360
 73000/800167 [=>............................] - ETA: 28s - loss: 0.8595 - mean_absolute_error: 0.7359
 75000/800167 [=>............................] - ETA: 27s - loss: 0.8595 - mean_absolute_error: 0.7358
 77000/800167 [=>............................] - ETA: 27s - loss: 0.8586 - mean_absolute_error: 0.7354
 79000/800167 [=>............................] - ETA: 27s - loss: 0.8592 - mean_absolute_error: 0.7356
 81000/800167 [==>...........................] - ETA: 27s - loss: 0.8588 - mean_absolute_error: 0.7353
 83000/800167 [==>...........................] - ETA: 27s - loss: 0.8587 - mean_absolute_error: 0.7352
 85000/800167 [==>...........................] - ETA: 27s - loss: 0.8587 - mean_absolute_error: 0.7352
 87000/800167 [==>...........................] - ETA: 27s - loss: 0.8591 - mean_absolute_error: 0.7353
 89000/800167 [==>...........................] - ETA: 27s - loss: 0.8594 - mean_absolute_error: 0.7356
 91000/800167 [==>...........................] - ETA: 27s - loss: 0.8591 - mean_absolute_error: 0.7356
 93000/800167 [==>...........................] - ETA: 27s - loss: 0.8600 - mean_absolute_error: 0.7357
 95000/800167 [==>...........................] - ETA: 27s - loss: 0.8587 - mean_absolute_error: 0.7353
 97000/800167 [==>...........................] - ETA: 27s - loss: 0.8577 - mean_absolute_error: 0.7350
 99000/800167 [==>...........................] - ETA: 26s - loss: 0.8571 - mean_absolute_error: 0.7346
101000/800167 [==>...........................] - ETA: 26s - loss: 0.8571 - mean_absolute_error: 0.7345
103000/800167 [==>...........................] - ETA: 26s - loss: 0.8566 - mean_absolute_error: 0.7344
105000/800167 [==>...........................] - ETA: 26s - loss: 0.8567 - mean_absolute_error: 0.7342
107000/800167 [===>..........................] - ETA: 26s - loss: 0.8561 - mean_absolute_error: 0.7340
109000/800167 [===>..........................] - ETA: 26s - loss: 0.8558 - mean_absolute_error: 0.7339
111000/800167 [===>..........................] - ETA: 26s - loss: 0.8558 - mean_absolute_error: 0.7341
113000/800167 [===>..........................] - ETA: 26s - loss: 0.8555 - mean_absolute_error: 0.7339
115000/800167 [===>..........................] - ETA: 26s - loss: 0.8549 - mean_absolute_error: 0.7336
117000/800167 [===>..........................] - ETA: 26s - loss: 0.8557 - mean_absolute_error: 0.7341
119000/800167 [===>..........................] - ETA: 26s - loss: 0.8551 - mean_absolute_error: 0.7338
121000/800167 [===>..........................] - ETA: 26s - loss: 0.8548 - mean_absolute_error: 0.7335
123000/800167 [===>..........................] - ETA: 26s - loss: 0.8548 - mean_absolute_error: 0.7335
125000/800167 [===>..........................] - ETA: 26s - loss: 0.8543 - mean_absolute_error: 0.7333
127000/800167 [===>..........................] - ETA: 25s - loss: 0.8547 - mean_absolute_error: 0.7334
129000/800167 [===>..........................] - ETA: 25s - loss: 0.8549 - mean_absolute_error: 0.7335
131000/800167 [===>..........................] - ETA: 25s - loss: 0.8551 - mean_absolute_error: 0.7335
133000/800167 [===>..........................] - ETA: 25s - loss: 0.8555 - mean_absolute_error: 0.7338
135000/800167 [====>.........................] - ETA: 25s - loss: 0.8558 - mean_absolute_error: 0.7339
137000/800167 [====>.........................] - ETA: 25s - loss: 0.8562 - mean_absolute_error: 0.7343
139000/800167 [====>.........................] - ETA: 25s - loss: 0.8553 - mean_absolute_error: 0.7340
141000/800167 [====>.........................] - ETA: 25s - loss: 0.8553 - mean_absolute_error: 0.7341
143000/800167 [====>.........................] - ETA: 25s - loss: 0.8554 - mean_absolute_error: 0.7343
145000/800167 [====>.........................] - ETA: 25s - loss: 0.8556 - mean_absolute_error: 0.7343
147000/800167 [====>.........................] - ETA: 25s - loss: 0.8561 - mean_absolute_error: 0.7343
149000/800167 [====>.........................] - ETA: 25s - loss: 0.8562 - mean_absolute_error: 0.7345
151000/800167 [====>.........................] - ETA: 25s - loss: 0.8557 - mean_absolute_error: 0.7343
153000/800167 [====>.........................] - ETA: 25s - loss: 0.8557 - mean_absolute_error: 0.7341
155000/800167 [====>.........................] - ETA: 24s - loss: 0.8556 - mean_absolute_error: 0.7339
157000/800167 [====>.........................] - ETA: 24s - loss: 0.8549 - mean_absolute_error: 0.7336
159000/800167 [====>.........................] - ETA: 24s - loss: 0.8547 - mean_absolute_error: 0.7336
161000/800167 [=====>........................] - ETA: 24s - loss: 0.8544 - mean_absolute_error: 0.7333
163000/800167 [=====>........................] - ETA: 24s - loss: 0.8544 - mean_absolute_error: 0.7334
165000/800167 [=====>........................] - ETA: 24s - loss: 0.8545 - mean_absolute_error: 0.7335
167000/800167 [=====>........................] - ETA: 24s - loss: 0.8543 - mean_absolute_error: 0.7333
169000/800167 [=====>........................] - ETA: 24s - loss: 0.8540 - mean_absolute_error: 0.7332
171000/800167 [=====>........................] - ETA: 24s - loss: 0.8538 - mean_absolute_error: 0.7331
173000/800167 [=====>........................] - ETA: 24s - loss: 0.8541 - mean_absolute_error: 0.7332
175000/800167 [=====>........................] - ETA: 24s - loss: 0.8536 - mean_absolute_error: 0.7330
177000/800167 [=====>........................] - ETA: 23s - loss: 0.8536 - mean_absolute_error: 0.7331
179000/800167 [=====>........................] - ETA: 23s - loss: 0.8538 - mean_absolute_error: 0.7331
181000/800167 [=====>........................] - ETA: 23s - loss: 0.8542 - mean_absolute_error: 0.7333
183000/800167 [=====>........................] - ETA: 23s - loss: 0.8546 - mean_absolute_error: 0.7336
185000/800167 [=====>........................] - ETA: 23s - loss: 0.8543 - mean_absolute_error: 0.7335
187000/800167 [======>.......................] - ETA: 23s - loss: 0.8540 - mean_absolute_error: 0.7334
189000/800167 [======>.......................] - ETA: 23s - loss: 0.8539 - mean_absolute_error: 0.7335
191000/800167 [======>.......................] - ETA: 23s - loss: 0.8536 - mean_absolute_error: 0.7334
193000/800167 [======>.......................] - ETA: 23s - loss: 0.8536 - mean_absolute_error: 0.7334
195000/800167 [======>.......................] - ETA: 23s - loss: 0.8533 - mean_absolute_error: 0.7332
197000/800167 [======>.......................] - ETA: 23s - loss: 0.8533 - mean_absolute_error: 0.7332
199000/800167 [======>.......................] - ETA: 23s - loss: 0.8533 - mean_absolute_error: 0.7332
201000/800167 [======>.......................] - ETA: 22s - loss: 0.8533 - mean_absolute_error: 0.7332
203000/800167 [======>.......................] - ETA: 22s - loss: 0.8534 - mean_absolute_error: 0.7332
205000/800167 [======>.......................] - ETA: 22s - loss: 0.8535 - mean_absolute_error: 0.7332
207000/800167 [======>.......................] - ETA: 22s - loss: 0.8535 - mean_absolute_error: 0.7331
209000/800167 [======>.......................] - ETA: 22s - loss: 0.8535 - mean_absolute_error: 0.7331
211000/800167 [======>.......................] - ETA: 22s - loss: 0.8538 - mean_absolute_error: 0.7332
212000/800167 [======>.......................] - ETA: 22s - loss: 0.8534 - mean_absolute_error: 0.7330
214000/800167 [=======>......................] - ETA: 22s - loss: 0.8535 - mean_absolute_error: 0.7330
216000/800167 [=======>......................] - ETA: 22s - loss: 0.8534 - mean_absolute_error: 0.7329
218000/800167 [=======>......................] - ETA: 22s - loss: 0.8534 - mean_absolute_error: 0.7329
220000/800167 [=======>......................] - ETA: 22s - loss: 0.8530 - mean_absolute_error: 0.7328
222000/800167 [=======>......................] - ETA: 22s - loss: 0.8531 - mean_absolute_error: 0.7329
224000/800167 [=======>......................] - ETA: 22s - loss: 0.8531 - mean_absolute_error: 0.7329
226000/800167 [=======>......................] - ETA: 22s - loss: 0.8531 - mean_absolute_error: 0.7329
228000/800167 [=======>......................] - ETA: 21s - loss: 0.8530 - mean_absolute_error: 0.7329
230000/800167 [=======>......................] - ETA: 21s - loss: 0.8526 - mean_absolute_error: 0.7326
232000/800167 [=======>......................] - ETA: 21s - loss: 0.8528 - mean_absolute_error: 0.7328
234000/800167 [=======>......................] - ETA: 21s - loss: 0.8526 - mean_absolute_error: 0.7327
236000/800167 [=======>......................] - ETA: 21s - loss: 0.8525 - mean_absolute_error: 0.7326
238000/800167 [=======>......................] - ETA: 21s - loss: 0.8523 - mean_absolute_error: 0.7325
240000/800167 [=======>......................] - ETA: 21s - loss: 0.8520 - mean_absolute_error: 0.7324
242000/800167 [========>.....................] - ETA: 21s - loss: 0.8521 - mean_absolute_error: 0.7325
244000/800167 [========>.....................] - ETA: 21s - loss: 0.8519 - mean_absolute_error: 0.7323
246000/800167 [========>.....................] - ETA: 21s - loss: 0.8518 - mean_absolute_error: 0.7323
248000/800167 [========>.....................] - ETA: 21s - loss: 0.8515 - mean_absolute_error: 0.7321
250000/800167 [========>.....................] - ETA: 21s - loss: 0.8512 - mean_absolute_error: 0.7319
252000/800167 [========>.....................] - ETA: 20s - loss: 0.8510 - mean_absolute_error: 0.7319
254000/800167 [========>.....................] - ETA: 20s - loss: 0.8506 - mean_absolute_error: 0.7317
256000/800167 [========>.....................] - ETA: 20s - loss: 0.8503 - mean_absolute_error: 0.7316
258000/800167 [========>.....................] - ETA: 20s - loss: 0.8503 - mean_absolute_error: 0.7316
260000/800167 [========>.....................] - ETA: 20s - loss: 0.8500 - mean_absolute_error: 0.7315
262000/800167 [========>.....................] - ETA: 20s - loss: 0.8497 - mean_absolute_error: 0.7314
264000/800167 [========>.....................] - ETA: 20s - loss: 0.8497 - mean_absolute_error: 0.7314
266000/800167 [========>.....................] - ETA: 20s - loss: 0.8497 - mean_absolute_error: 0.7314
268000/800167 [=========>....................] - ETA: 20s - loss: 0.8496 - mean_absolute_error: 0.7313
270000/800167 [=========>....................] - ETA: 20s - loss: 0.8495 - mean_absolute_error: 0.7312
272000/800167 [=========>....................] - ETA: 20s - loss: 0.8492 - mean_absolute_error: 0.7311
274000/800167 [=========>....................] - ETA: 20s - loss: 0.8491 - mean_absolute_error: 0.7309
275000/800167 [=========>....................] - ETA: 20s - loss: 0.8489 - mean_absolute_error: 0.7309
277000/800167 [=========>....................] - ETA: 20s - loss: 0.8490 - mean_absolute_error: 0.7309
279000/800167 [=========>....................] - ETA: 20s - loss: 0.8490 - mean_absolute_error: 0.7310
281000/800167 [=========>....................] - ETA: 19s - loss: 0.8492 - mean_absolute_error: 0.7311
283000/800167 [=========>....................] - ETA: 19s - loss: 0.8496 - mean_absolute_error: 0.7313
285000/800167 [=========>....................] - ETA: 19s - loss: 0.8496 - mean_absolute_error: 0.7313
287000/800167 [=========>....................] - ETA: 19s - loss: 0.8492 - mean_absolute_error: 0.7311
288000/800167 [=========>....................] - ETA: 19s - loss: 0.8492 - mean_absolute_error: 0.7311
289000/800167 [=========>....................] - ETA: 19s - loss: 0.8491 - mean_absolute_error: 0.7310
290000/800167 [=========>....................] - ETA: 19s - loss: 0.8491 - mean_absolute_error: 0.7310
292000/800167 [=========>....................] - ETA: 19s - loss: 0.8488 - mean_absolute_error: 0.7309
293000/800167 [=========>....................] - ETA: 19s - loss: 0.8490 - mean_absolute_error: 0.7310
294000/800167 [==========>...................] - ETA: 19s - loss: 0.8491 - mean_absolute_error: 0.7310
295000/800167 [==========>...................] - ETA: 19s - loss: 0.8488 - mean_absolute_error: 0.7309
296000/800167 [==========>...................] - ETA: 20s - loss: 0.8488 - mean_absolute_error: 0.7310
297000/800167 [==========>...................] - ETA: 20s - loss: 0.8486 - mean_absolute_error: 0.7308
299000/800167 [==========>...................] - ETA: 20s - loss: 0.8485 - mean_absolute_error: 0.7308
301000/800167 [==========>...................] - ETA: 19s - loss: 0.8485 - mean_absolute_error: 0.7308
303000/800167 [==========>...................] - ETA: 19s - loss: 0.8483 - mean_absolute_error: 0.7307
305000/800167 [==========>...................] - ETA: 19s - loss: 0.8483 - mean_absolute_error: 0.7307
307000/800167 [==========>...................] - ETA: 19s - loss: 0.8480 - mean_absolute_error: 0.7305
309000/800167 [==========>...................] - ETA: 19s - loss: 0.8479 - mean_absolute_error: 0.7305
311000/800167 [==========>...................] - ETA: 19s - loss: 0.8481 - mean_absolute_error: 0.7305
313000/800167 [==========>...................] - ETA: 19s - loss: 0.8480 - mean_absolute_error: 0.7305
315000/800167 [==========>...................] - ETA: 19s - loss: 0.8483 - mean_absolute_error: 0.7307
317000/800167 [==========>...................] - ETA: 19s - loss: 0.8484 - mean_absolute_error: 0.7307
319000/800167 [==========>...................] - ETA: 19s - loss: 0.8487 - mean_absolute_error: 0.7308
321000/800167 [===========>..................] - ETA: 19s - loss: 0.8485 - mean_absolute_error: 0.7308
323000/800167 [===========>..................] - ETA: 19s - loss: 0.8482 - mean_absolute_error: 0.7306
325000/800167 [===========>..................] - ETA: 18s - loss: 0.8480 - mean_absolute_error: 0.7305
327000/800167 [===========>..................] - ETA: 18s - loss: 0.8479 - mean_absolute_error: 0.7304
329000/800167 [===========>..................] - ETA: 18s - loss: 0.8480 - mean_absolute_error: 0.7305
331000/800167 [===========>..................] - ETA: 18s - loss: 0.8480 - mean_absolute_error: 0.7305
333000/800167 [===========>..................] - ETA: 18s - loss: 0.8479 - mean_absolute_error: 0.7305
335000/800167 [===========>..................] - ETA: 18s - loss: 0.8479 - mean_absolute_error: 0.7305
337000/800167 [===========>..................] - ETA: 18s - loss: 0.8479 - mean_absolute_error: 0.7305
339000/800167 [===========>..................] - ETA: 18s - loss: 0.8479 - mean_absolute_error: 0.7305
341000/800167 [===========>..................] - ETA: 18s - loss: 0.8478 - mean_absolute_error: 0.7304
343000/800167 [===========>..................] - ETA: 18s - loss: 0.8479 - mean_absolute_error: 0.7305
345000/800167 [===========>..................] - ETA: 18s - loss: 0.8478 - mean_absolute_error: 0.7305
347000/800167 [============>.................] - ETA: 18s - loss: 0.8479 - mean_absolute_error: 0.7305
349000/800167 [============>.................] - ETA: 17s - loss: 0.8480 - mean_absolute_error: 0.7305
351000/800167 [============>.................] - ETA: 17s - loss: 0.8483 - mean_absolute_error: 0.7305
353000/800167 [============>.................] - ETA: 17s - loss: 0.8483 - mean_absolute_error: 0.7305
355000/800167 [============>.................] - ETA: 17s - loss: 0.8485 - mean_absolute_error: 0.7306
357000/800167 [============>.................] - ETA: 17s - loss: 0.8483 - mean_absolute_error: 0.7305
359000/800167 [============>.................] - ETA: 17s - loss: 0.8483 - mean_absolute_error: 0.7305
361000/800167 [============>.................] - ETA: 17s - loss: 0.8482 - mean_absolute_error: 0.7304
363000/800167 [============>.................] - ETA: 17s - loss: 0.8486 - mean_absolute_error: 0.7305
365000/800167 [============>.................] - ETA: 17s - loss: 0.8486 - mean_absolute_error: 0.7305
367000/800167 [============>.................] - ETA: 17s - loss: 0.8488 - mean_absolute_error: 0.7306
369000/800167 [============>.................] - ETA: 17s - loss: 0.8491 - mean_absolute_error: 0.7307
371000/800167 [============>.................] - ETA: 17s - loss: 0.8490 - mean_absolute_error: 0.7308
373000/800167 [============>.................] - ETA: 16s - loss: 0.8486 - mean_absolute_error: 0.7306
375000/800167 [=============>................] - ETA: 16s - loss: 0.8486 - mean_absolute_error: 0.7306
377000/800167 [=============>................] - ETA: 16s - loss: 0.8488 - mean_absolute_error: 0.7307
379000/800167 [=============>................] - ETA: 16s - loss: 0.8486 - mean_absolute_error: 0.7306
381000/800167 [=============>................] - ETA: 16s - loss: 0.8485 - mean_absolute_error: 0.7305
383000/800167 [=============>................] - ETA: 16s - loss: 0.8488 - mean_absolute_error: 0.7306
385000/800167 [=============>................] - ETA: 16s - loss: 0.8488 - mean_absolute_error: 0.7308
387000/800167 [=============>................] - ETA: 16s - loss: 0.8487 - mean_absolute_error: 0.7307
389000/800167 [=============>................] - ETA: 16s - loss: 0.8488 - mean_absolute_error: 0.7308
391000/800167 [=============>................] - ETA: 16s - loss: 0.8488 - mean_absolute_error: 0.7308
393000/800167 [=============>................] - ETA: 16s - loss: 0.8489 - mean_absolute_error: 0.7308
395000/800167 [=============>................] - ETA: 16s - loss: 0.8488 - mean_absolute_error: 0.7308
397000/800167 [=============>................] - ETA: 16s - loss: 0.8487 - mean_absolute_error: 0.7307
399000/800167 [=============>................] - ETA: 15s - loss: 0.8486 - mean_absolute_error: 0.7307
401000/800167 [==============>...............] - ETA: 15s - loss: 0.8485 - mean_absolute_error: 0.7306
403000/800167 [==============>...............] - ETA: 15s - loss: 0.8484 - mean_absolute_error: 0.7306
405000/800167 [==============>...............] - ETA: 15s - loss: 0.8483 - mean_absolute_error: 0.7305
407000/800167 [==============>...............] - ETA: 15s - loss: 0.8482 - mean_absolute_error: 0.7305
409000/800167 [==============>...............] - ETA: 15s - loss: 0.8481 - mean_absolute_error: 0.7304
411000/800167 [==============>...............] - ETA: 15s - loss: 0.8480 - mean_absolute_error: 0.7304
413000/800167 [==============>...............] - ETA: 15s - loss: 0.8479 - mean_absolute_error: 0.7304
415000/800167 [==============>...............] - ETA: 15s - loss: 0.8478 - mean_absolute_error: 0.7303
417000/800167 [==============>...............] - ETA: 15s - loss: 0.8477 - mean_absolute_error: 0.7303
419000/800167 [==============>...............] - ETA: 15s - loss: 0.8475 - mean_absolute_error: 0.7302
421000/800167 [==============>...............] - ETA: 15s - loss: 0.8475 - mean_absolute_error: 0.7302
423000/800167 [==============>...............] - ETA: 14s - loss: 0.8476 - mean_absolute_error: 0.7303
425000/800167 [==============>...............] - ETA: 14s - loss: 0.8476 - mean_absolute_error: 0.7302
427000/800167 [===============>..............] - ETA: 14s - loss: 0.8475 - mean_absolute_error: 0.7302
429000/800167 [===============>..............] - ETA: 14s - loss: 0.8476 - mean_absolute_error: 0.7302
431000/800167 [===============>..............] - ETA: 14s - loss: 0.8475 - mean_absolute_error: 0.7302
433000/800167 [===============>..............] - ETA: 14s - loss: 0.8476 - mean_absolute_error: 0.7302
435000/800167 [===============>..............] - ETA: 14s - loss: 0.8477 - mean_absolute_error: 0.7303
437000/800167 [===============>..............] - ETA: 14s - loss: 0.8476 - mean_absolute_error: 0.7302
439000/800167 [===============>..............] - ETA: 14s - loss: 0.8477 - mean_absolute_error: 0.7303
441000/800167 [===============>..............] - ETA: 14s - loss: 0.8476 - mean_absolute_error: 0.7303
443000/800167 [===============>..............] - ETA: 14s - loss: 0.8476 - mean_absolute_error: 0.7302
445000/800167 [===============>..............] - ETA: 14s - loss: 0.8476 - mean_absolute_error: 0.7302
447000/800167 [===============>..............] - ETA: 13s - loss: 0.8476 - mean_absolute_error: 0.7302
449000/800167 [===============>..............] - ETA: 13s - loss: 0.8474 - mean_absolute_error: 0.7301
451000/800167 [===============>..............] - ETA: 13s - loss: 0.8474 - mean_absolute_error: 0.7300
453000/800167 [===============>..............] - ETA: 13s - loss: 0.8474 - mean_absolute_error: 0.7300
455000/800167 [================>.............] - ETA: 13s - loss: 0.8474 - mean_absolute_error: 0.7300
457000/800167 [================>.............] - ETA: 13s - loss: 0.8474 - mean_absolute_error: 0.7301
459000/800167 [================>.............] - ETA: 13s - loss: 0.8475 - mean_absolute_error: 0.7301
461000/800167 [================>.............] - ETA: 13s - loss: 0.8472 - mean_absolute_error: 0.7300
463000/800167 [================>.............] - ETA: 13s - loss: 0.8472 - mean_absolute_error: 0.7300
465000/800167 [================>.............] - ETA: 13s - loss: 0.8472 - mean_absolute_error: 0.7300
467000/800167 [================>.............] - ETA: 13s - loss: 0.8471 - mean_absolute_error: 0.7299
469000/800167 [================>.............] - ETA: 13s - loss: 0.8469 - mean_absolute_error: 0.7298
471000/800167 [================>.............] - ETA: 12s - loss: 0.8469 - mean_absolute_error: 0.7298
473000/800167 [================>.............] - ETA: 12s - loss: 0.8469 - mean_absolute_error: 0.7298
475000/800167 [================>.............] - ETA: 12s - loss: 0.8467 - mean_absolute_error: 0.7298
477000/800167 [================>.............] - ETA: 12s - loss: 0.8466 - mean_absolute_error: 0.7297
479000/800167 [================>.............] - ETA: 12s - loss: 0.8466 - mean_absolute_error: 0.7297
481000/800167 [=================>............] - ETA: 12s - loss: 0.8465 - mean_absolute_error: 0.7297
483000/800167 [=================>............] - ETA: 12s - loss: 0.8465 - mean_absolute_error: 0.7296
485000/800167 [=================>............] - ETA: 12s - loss: 0.8467 - mean_absolute_error: 0.7297
487000/800167 [=================>............] - ETA: 12s - loss: 0.8467 - mean_absolute_error: 0.7297
489000/800167 [=================>............] - ETA: 12s - loss: 0.8467 - mean_absolute_error: 0.7297
491000/800167 [=================>............] - ETA: 12s - loss: 0.8467 - mean_absolute_error: 0.7297
493000/800167 [=================>............] - ETA: 12s - loss: 0.8466 - mean_absolute_error: 0.7297
495000/800167 [=================>............] - ETA: 12s - loss: 0.8464 - mean_absolute_error: 0.7296
497000/800167 [=================>............] - ETA: 11s - loss: 0.8462 - mean_absolute_error: 0.7295
499000/800167 [=================>............] - ETA: 11s - loss: 0.8460 - mean_absolute_error: 0.7295
501000/800167 [=================>............] - ETA: 11s - loss: 0.8458 - mean_absolute_error: 0.7294
503000/800167 [=================>............] - ETA: 11s - loss: 0.8458 - mean_absolute_error: 0.7294
505000/800167 [=================>............] - ETA: 11s - loss: 0.8458 - mean_absolute_error: 0.7294
507000/800167 [==================>...........] - ETA: 11s - loss: 0.8459 - mean_absolute_error: 0.7294
509000/800167 [==================>...........] - ETA: 11s - loss: 0.8459 - mean_absolute_error: 0.7294
511000/800167 [==================>...........] - ETA: 11s - loss: 0.8458 - mean_absolute_error: 0.7293
513000/800167 [==================>...........] - ETA: 11s - loss: 0.8457 - mean_absolute_error: 0.7293
515000/800167 [==================>...........] - ETA: 11s - loss: 0.8457 - mean_absolute_error: 0.7292
517000/800167 [==================>...........] - ETA: 11s - loss: 0.8456 - mean_absolute_error: 0.7292
519000/800167 [==================>...........] - ETA: 11s - loss: 0.8456 - mean_absolute_error: 0.7292
521000/800167 [==================>...........] - ETA: 10s - loss: 0.8455 - mean_absolute_error: 0.7292
523000/800167 [==================>...........] - ETA: 10s - loss: 0.8457 - mean_absolute_error: 0.7293
525000/800167 [==================>...........] - ETA: 10s - loss: 0.8458 - mean_absolute_error: 0.7293
527000/800167 [==================>...........] - ETA: 10s - loss: 0.8460 - mean_absolute_error: 0.7294
529000/800167 [==================>...........] - ETA: 10s - loss: 0.8460 - mean_absolute_error: 0.7293
531000/800167 [==================>...........] - ETA: 10s - loss: 0.8460 - mean_absolute_error: 0.7294
533000/800167 [==================>...........] - ETA: 10s - loss: 0.8458 - mean_absolute_error: 0.7293
535000/800167 [===================>..........] - ETA: 10s - loss: 0.8458 - mean_absolute_error: 0.7293
537000/800167 [===================>..........] - ETA: 10s - loss: 0.8458 - mean_absolute_error: 0.7293
539000/800167 [===================>..........] - ETA: 10s - loss: 0.8459 - mean_absolute_error: 0.7293
541000/800167 [===================>..........] - ETA: 10s - loss: 0.8458 - mean_absolute_error: 0.7292
543000/800167 [===================>..........] - ETA: 10s - loss: 0.8458 - mean_absolute_error: 0.7292
545000/800167 [===================>..........] - ETA: 10s - loss: 0.8459 - mean_absolute_error: 0.7293
547000/800167 [===================>..........] - ETA: 9s - loss: 0.8459 - mean_absolute_error: 0.7292 
549000/800167 [===================>..........] - ETA: 9s - loss: 0.8460 - mean_absolute_error: 0.7293
551000/800167 [===================>..........] - ETA: 9s - loss: 0.8458 - mean_absolute_error: 0.7292
553000/800167 [===================>..........] - ETA: 9s - loss: 0.8456 - mean_absolute_error: 0.7291
555000/800167 [===================>..........] - ETA: 9s - loss: 0.8455 - mean_absolute_error: 0.7290
557000/800167 [===================>..........] - ETA: 9s - loss: 0.8456 - mean_absolute_error: 0.7291
559000/800167 [===================>..........] - ETA: 9s - loss: 0.8456 - mean_absolute_error: 0.7291
561000/800167 [====================>.........] - ETA: 9s - loss: 0.8455 - mean_absolute_error: 0.7290
563000/800167 [====================>.........] - ETA: 9s - loss: 0.8455 - mean_absolute_error: 0.7290
565000/800167 [====================>.........] - ETA: 9s - loss: 0.8455 - mean_absolute_error: 0.7291
567000/800167 [====================>.........] - ETA: 9s - loss: 0.8453 - mean_absolute_error: 0.7290
569000/800167 [====================>.........] - ETA: 9s - loss: 0.8453 - mean_absolute_error: 0.7289
571000/800167 [====================>.........] - ETA: 9s - loss: 0.8450 - mean_absolute_error: 0.7288
573000/800167 [====================>.........] - ETA: 8s - loss: 0.8448 - mean_absolute_error: 0.7287
575000/800167 [====================>.........] - ETA: 8s - loss: 0.8449 - mean_absolute_error: 0.7288
577000/800167 [====================>.........] - ETA: 8s - loss: 0.8449 - mean_absolute_error: 0.7288
579000/800167 [====================>.........] - ETA: 8s - loss: 0.8448 - mean_absolute_error: 0.7287
581000/800167 [====================>.........] - ETA: 8s - loss: 0.8447 - mean_absolute_error: 0.7287
583000/800167 [====================>.........] - ETA: 8s - loss: 0.8447 - mean_absolute_error: 0.7286
585000/800167 [====================>.........] - ETA: 8s - loss: 0.8445 - mean_absolute_error: 0.7286
587000/800167 [=====================>........] - ETA: 8s - loss: 0.8445 - mean_absolute_error: 0.7286
589000/800167 [=====================>........] - ETA: 8s - loss: 0.8443 - mean_absolute_error: 0.7285
591000/800167 [=====================>........] - ETA: 8s - loss: 0.8442 - mean_absolute_error: 0.7284
593000/800167 [=====================>........] - ETA: 8s - loss: 0.8441 - mean_absolute_error: 0.7284
595000/800167 [=====================>........] - ETA: 8s - loss: 0.8442 - mean_absolute_error: 0.7284
597000/800167 [=====================>........] - ETA: 7s - loss: 0.8443 - mean_absolute_error: 0.7285
599000/800167 [=====================>........] - ETA: 7s - loss: 0.8442 - mean_absolute_error: 0.7285
601000/800167 [=====================>........] - ETA: 7s - loss: 0.8441 - mean_absolute_error: 0.7284
603000/800167 [=====================>........] - ETA: 7s - loss: 0.8440 - mean_absolute_error: 0.7284
605000/800167 [=====================>........] - ETA: 7s - loss: 0.8441 - mean_absolute_error: 0.7284
607000/800167 [=====================>........] - ETA: 7s - loss: 0.8440 - mean_absolute_error: 0.7284
609000/800167 [=====================>........] - ETA: 7s - loss: 0.8440 - mean_absolute_error: 0.7284
611000/800167 [=====================>........] - ETA: 7s - loss: 0.8438 - mean_absolute_error: 0.7283
613000/800167 [=====================>........] - ETA: 7s - loss: 0.8438 - mean_absolute_error: 0.7283
615000/800167 [======================>.......] - ETA: 7s - loss: 0.8438 - mean_absolute_error: 0.7283
617000/800167 [======================>.......] - ETA: 7s - loss: 0.8438 - mean_absolute_error: 0.7283
619000/800167 [======================>.......] - ETA: 7s - loss: 0.8437 - mean_absolute_error: 0.7283
621000/800167 [======================>.......] - ETA: 7s - loss: 0.8439 - mean_absolute_error: 0.7284
623000/800167 [======================>.......] - ETA: 6s - loss: 0.8439 - mean_absolute_error: 0.7284
625000/800167 [======================>.......] - ETA: 6s - loss: 0.8438 - mean_absolute_error: 0.7283
627000/800167 [======================>.......] - ETA: 6s - loss: 0.8439 - mean_absolute_error: 0.7283
629000/800167 [======================>.......] - ETA: 6s - loss: 0.8437 - mean_absolute_error: 0.7283
631000/800167 [======================>.......] - ETA: 6s - loss: 0.8438 - mean_absolute_error: 0.7283
633000/800167 [======================>.......] - ETA: 6s - loss: 0.8436 - mean_absolute_error: 0.7283
635000/800167 [======================>.......] - ETA: 6s - loss: 0.8437 - mean_absolute_error: 0.7283
637000/800167 [======================>.......] - ETA: 6s - loss: 0.8438 - mean_absolute_error: 0.7283
639000/800167 [======================>.......] - ETA: 6s - loss: 0.8438 - mean_absolute_error: 0.7283
641000/800167 [=======================>......] - ETA: 6s - loss: 0.8441 - mean_absolute_error: 0.7285
643000/800167 [=======================>......] - ETA: 6s - loss: 0.8440 - mean_absolute_error: 0.7284
645000/800167 [=======================>......] - ETA: 6s - loss: 0.8442 - mean_absolute_error: 0.7285
647000/800167 [=======================>......] - ETA: 5s - loss: 0.8441 - mean_absolute_error: 0.7285
649000/800167 [=======================>......] - ETA: 5s - loss: 0.8442 - mean_absolute_error: 0.7285
651000/800167 [=======================>......] - ETA: 5s - loss: 0.8443 - mean_absolute_error: 0.7285
653000/800167 [=======================>......] - ETA: 5s - loss: 0.8443 - mean_absolute_error: 0.7286
654000/800167 [=======================>......] - ETA: 5s - loss: 0.8442 - mean_absolute_error: 0.7285
656000/800167 [=======================>......] - ETA: 5s - loss: 0.8443 - mean_absolute_error: 0.7285
658000/800167 [=======================>......] - ETA: 5s - loss: 0.8443 - mean_absolute_error: 0.7285
660000/800167 [=======================>......] - ETA: 5s - loss: 0.8442 - mean_absolute_error: 0.7285
662000/800167 [=======================>......] - ETA: 5s - loss: 0.8441 - mean_absolute_error: 0.7285
664000/800167 [=======================>......] - ETA: 5s - loss: 0.8442 - mean_absolute_error: 0.7285
666000/800167 [=======================>......] - ETA: 5s - loss: 0.8441 - mean_absolute_error: 0.7285
668000/800167 [========================>.....] - ETA: 5s - loss: 0.8441 - mean_absolute_error: 0.7285
670000/800167 [========================>.....] - ETA: 5s - loss: 0.8442 - mean_absolute_error: 0.7286
672000/800167 [========================>.....] - ETA: 5s - loss: 0.8442 - mean_absolute_error: 0.7285
674000/800167 [========================>.....] - ETA: 4s - loss: 0.8442 - mean_absolute_error: 0.7285
676000/800167 [========================>.....] - ETA: 4s - loss: 0.8442 - mean_absolute_error: 0.7285
678000/800167 [========================>.....] - ETA: 4s - loss: 0.8443 - mean_absolute_error: 0.7286
680000/800167 [========================>.....] - ETA: 4s - loss: 0.8443 - mean_absolute_error: 0.7286
682000/800167 [========================>.....] - ETA: 4s - loss: 0.8443 - mean_absolute_error: 0.7286
684000/800167 [========================>.....] - ETA: 4s - loss: 0.8443 - mean_absolute_error: 0.7285
686000/800167 [========================>.....] - ETA: 4s - loss: 0.8443 - mean_absolute_error: 0.7285
688000/800167 [========================>.....] - ETA: 4s - loss: 0.8441 - mean_absolute_error: 0.7284
690000/800167 [========================>.....] - ETA: 4s - loss: 0.8441 - mean_absolute_error: 0.7284
692000/800167 [========================>.....] - ETA: 4s - loss: 0.8441 - mean_absolute_error: 0.7283
694000/800167 [=========================>....] - ETA: 4s - loss: 0.8440 - mean_absolute_error: 0.7283
696000/800167 [=========================>....] - ETA: 4s - loss: 0.8439 - mean_absolute_error: 0.7283
698000/800167 [=========================>....] - ETA: 3s - loss: 0.8438 - mean_absolute_error: 0.7283
700000/800167 [=========================>....] - ETA: 3s - loss: 0.8438 - mean_absolute_error: 0.7282
702000/800167 [=========================>....] - ETA: 3s - loss: 0.8437 - mean_absolute_error: 0.7282
704000/800167 [=========================>....] - ETA: 3s - loss: 0.8437 - mean_absolute_error: 0.7282
706000/800167 [=========================>....] - ETA: 3s - loss: 0.8437 - mean_absolute_error: 0.7282
708000/800167 [=========================>....] - ETA: 3s - loss: 0.8437 - mean_absolute_error: 0.7281
710000/800167 [=========================>....] - ETA: 3s - loss: 0.8436 - mean_absolute_error: 0.7281
712000/800167 [=========================>....] - ETA: 3s - loss: 0.8436 - mean_absolute_error: 0.7281
714000/800167 [=========================>....] - ETA: 3s - loss: 0.8436 - mean_absolute_error: 0.7281
716000/800167 [=========================>....] - ETA: 3s - loss: 0.8435 - mean_absolute_error: 0.7280
718000/800167 [=========================>....] - ETA: 3s - loss: 0.8436 - mean_absolute_error: 0.7281
720000/800167 [=========================>....] - ETA: 3s - loss: 0.8435 - mean_absolute_error: 0.7280
722000/800167 [==========================>...] - ETA: 3s - loss: 0.8435 - mean_absolute_error: 0.7280
724000/800167 [==========================>...] - ETA: 2s - loss: 0.8434 - mean_absolute_error: 0.7280
726000/800167 [==========================>...] - ETA: 2s - loss: 0.8434 - mean_absolute_error: 0.7280
728000/800167 [==========================>...] - ETA: 2s - loss: 0.8435 - mean_absolute_error: 0.7280
730000/800167 [==========================>...] - ETA: 2s - loss: 0.8433 - mean_absolute_error: 0.7279
732000/800167 [==========================>...] - ETA: 2s - loss: 0.8431 - mean_absolute_error: 0.7278
734000/800167 [==========================>...] - ETA: 2s - loss: 0.8431 - mean_absolute_error: 0.7278
736000/800167 [==========================>...] - ETA: 2s - loss: 0.8429 - mean_absolute_error: 0.7277
738000/800167 [==========================>...] - ETA: 2s - loss: 0.8428 - mean_absolute_error: 0.7277
740000/800167 [==========================>...] - ETA: 2s - loss: 0.8427 - mean_absolute_error: 0.7277
742000/800167 [==========================>...] - ETA: 2s - loss: 0.8427 - mean_absolute_error: 0.7276
744000/800167 [==========================>...] - ETA: 2s - loss: 0.8425 - mean_absolute_error: 0.7276
746000/800167 [==========================>...] - ETA: 2s - loss: 0.8424 - mean_absolute_error: 0.7276
748000/800167 [===========================>..] - ETA: 2s - loss: 0.8423 - mean_absolute_error: 0.7275
750000/800167 [===========================>..] - ETA: 1s - loss: 0.8422 - mean_absolute_error: 0.7275
752000/800167 [===========================>..] - ETA: 1s - loss: 0.8423 - mean_absolute_error: 0.7275
754000/800167 [===========================>..] - ETA: 1s - loss: 0.8422 - mean_absolute_error: 0.7274
756000/800167 [===========================>..] - ETA: 1s - loss: 0.8422 - mean_absolute_error: 0.7274
758000/800167 [===========================>..] - ETA: 1s - loss: 0.8420 - mean_absolute_error: 0.7273
760000/800167 [===========================>..] - ETA: 1s - loss: 0.8420 - mean_absolute_error: 0.7273
762000/800167 [===========================>..] - ETA: 1s - loss: 0.8419 - mean_absolute_error: 0.7273
764000/800167 [===========================>..] - ETA: 1s - loss: 0.8419 - mean_absolute_error: 0.7273
766000/800167 [===========================>..] - ETA: 1s - loss: 0.8418 - mean_absolute_error: 0.7272
768000/800167 [===========================>..] - ETA: 1s - loss: 0.8418 - mean_absolute_error: 0.7272
770000/800167 [===========================>..] - ETA: 1s - loss: 0.8417 - mean_absolute_error: 0.7272
772000/800167 [===========================>..] - ETA: 1s - loss: 0.8417 - mean_absolute_error: 0.7272
774000/800167 [============================>.] - ETA: 1s - loss: 0.8416 - mean_absolute_error: 0.7272
776000/800167 [============================>.] - ETA: 0s - loss: 0.8416 - mean_absolute_error: 0.7272
778000/800167 [============================>.] - ETA: 0s - loss: 0.8415 - mean_absolute_error: 0.7271
780000/800167 [============================>.] - ETA: 0s - loss: 0.8414 - mean_absolute_error: 0.7271
782000/800167 [============================>.] - ETA: 0s - loss: 0.8413 - mean_absolute_error: 0.7270
784000/800167 [============================>.] - ETA: 0s - loss: 0.8412 - mean_absolute_error: 0.7270
786000/800167 [============================>.] - ETA: 0s - loss: 0.8412 - mean_absolute_error: 0.7270
788000/800167 [============================>.] - ETA: 0s - loss: 0.8410 - mean_absolute_error: 0.7269
790000/800167 [============================>.] - ETA: 0s - loss: 0.8411 - mean_absolute_error: 0.7270
792000/800167 [============================>.] - ETA: 0s - loss: 0.8410 - mean_absolute_error: 0.7270
794000/800167 [============================>.] - ETA: 0s - loss: 0.8410 - mean_absolute_error: 0.7269
796000/800167 [============================>.] - ETA: 0s - loss: 0.8410 - mean_absolute_error: 0.7269
798000/800167 [============================>.] - ETA: 0s - loss: 0.8410 - mean_absolute_error: 0.7269
800000/800167 [============================>.] - ETA: 0s - loss: 0.8409 - mean_absolute_error: 0.7269
800167/800167 [==============================] - 33s 42us/step - loss: 0.8409 - mean_absolute_error: 0.7269 - val_loss: 0.8109 - val_mean_absolute_error: 0.7037
Epoch 5/6

  1000/800167 [..............................] - ETA: 31s - loss: 0.8865 - mean_absolute_error: 0.7363
  3000/800167 [..............................] - ETA: 28s - loss: 0.8142 - mean_absolute_error: 0.7130
  5000/800167 [..............................] - ETA: 29s - loss: 0.8233 - mean_absolute_error: 0.7176
  7000/800167 [..............................] - ETA: 29s - loss: 0.8153 - mean_absolute_error: 0.7142
  9000/800167 [..............................] - ETA: 30s - loss: 0.8209 - mean_absolute_error: 0.7157
 11000/800167 [..............................] - ETA: 30s - loss: 0.8212 - mean_absolute_error: 0.7168
 13000/800167 [..............................] - ETA: 30s - loss: 0.8271 - mean_absolute_error: 0.7203
 15000/800167 [..............................] - ETA: 30s - loss: 0.8286 - mean_absolute_error: 0.7199
 17000/800167 [..............................] - ETA: 30s - loss: 0.8291 - mean_absolute_error: 0.7202
 19000/800167 [..............................] - ETA: 30s - loss: 0.8255 - mean_absolute_error: 0.7191
 21000/800167 [..............................] - ETA: 30s - loss: 0.8261 - mean_absolute_error: 0.7190
 23000/800167 [..............................] - ETA: 29s - loss: 0.8243 - mean_absolute_error: 0.7185
 24000/800167 [..............................] - ETA: 30s - loss: 0.8241 - mean_absolute_error: 0.7183
 26000/800167 [..............................] - ETA: 30s - loss: 0.8243 - mean_absolute_error: 0.7179
 28000/800167 [>.............................] - ETA: 29s - loss: 0.8237 - mean_absolute_error: 0.7180
 30000/800167 [>.............................] - ETA: 29s - loss: 0.8237 - mean_absolute_error: 0.7178
 32000/800167 [>.............................] - ETA: 29s - loss: 0.8252 - mean_absolute_error: 0.7183
 34000/800167 [>.............................] - ETA: 29s - loss: 0.8259 - mean_absolute_error: 0.7186
 36000/800167 [>.............................] - ETA: 29s - loss: 0.8253 - mean_absolute_error: 0.7184
 38000/800167 [>.............................] - ETA: 29s - loss: 0.8233 - mean_absolute_error: 0.7174
 40000/800167 [>.............................] - ETA: 29s - loss: 0.8224 - mean_absolute_error: 0.7173
 42000/800167 [>.............................] - ETA: 29s - loss: 0.8213 - mean_absolute_error: 0.7165
 44000/800167 [>.............................] - ETA: 28s - loss: 0.8206 - mean_absolute_error: 0.7163
 46000/800167 [>.............................] - ETA: 28s - loss: 0.8182 - mean_absolute_error: 0.7151
 48000/800167 [>.............................] - ETA: 28s - loss: 0.8191 - mean_absolute_error: 0.7156
 50000/800167 [>.............................] - ETA: 29s - loss: 0.8193 - mean_absolute_error: 0.7159
 52000/800167 [>.............................] - ETA: 29s - loss: 0.8191 - mean_absolute_error: 0.7160
 54000/800167 [=>............................] - ETA: 29s - loss: 0.8201 - mean_absolute_error: 0.7164
 55000/800167 [=>............................] - ETA: 29s - loss: 0.8205 - mean_absolute_error: 0.7167
 57000/800167 [=>............................] - ETA: 29s - loss: 0.8191 - mean_absolute_error: 0.7163
 58000/800167 [=>............................] - ETA: 30s - loss: 0.8189 - mean_absolute_error: 0.7162
 59000/800167 [=>............................] - ETA: 31s - loss: 0.8188 - mean_absolute_error: 0.7159
 60000/800167 [=>............................] - ETA: 31s - loss: 0.8202 - mean_absolute_error: 0.7165
 61000/800167 [=>............................] - ETA: 32s - loss: 0.8203 - mean_absolute_error: 0.7165
 62000/800167 [=>............................] - ETA: 32s - loss: 0.8191 - mean_absolute_error: 0.7160
 63000/800167 [=>............................] - ETA: 32s - loss: 0.8198 - mean_absolute_error: 0.7167
 64000/800167 [=>............................] - ETA: 32s - loss: 0.8189 - mean_absolute_error: 0.7163
 65000/800167 [=>............................] - ETA: 33s - loss: 0.8177 - mean_absolute_error: 0.7157
 67000/800167 [=>............................] - ETA: 33s - loss: 0.8191 - mean_absolute_error: 0.7160
 69000/800167 [=>............................] - ETA: 33s - loss: 0.8183 - mean_absolute_error: 0.7158
 70000/800167 [=>............................] - ETA: 33s - loss: 0.8193 - mean_absolute_error: 0.7163
 72000/800167 [=>............................] - ETA: 33s - loss: 0.8195 - mean_absolute_error: 0.7164
 74000/800167 [=>............................] - ETA: 33s - loss: 0.8206 - mean_absolute_error: 0.7168
 76000/800167 [=>............................] - ETA: 33s - loss: 0.8207 - mean_absolute_error: 0.7168
 78000/800167 [=>............................] - ETA: 33s - loss: 0.8201 - mean_absolute_error: 0.7167
 79000/800167 [=>............................] - ETA: 33s - loss: 0.8206 - mean_absolute_error: 0.7167
 81000/800167 [==>...........................] - ETA: 33s - loss: 0.8200 - mean_absolute_error: 0.7165
 83000/800167 [==>...........................] - ETA: 32s - loss: 0.8198 - mean_absolute_error: 0.7163
 85000/800167 [==>...........................] - ETA: 32s - loss: 0.8193 - mean_absolute_error: 0.7161
 86000/800167 [==>...........................] - ETA: 32s - loss: 0.8196 - mean_absolute_error: 0.7162
 88000/800167 [==>...........................] - ETA: 32s - loss: 0.8194 - mean_absolute_error: 0.7163
 90000/800167 [==>...........................] - ETA: 32s - loss: 0.8198 - mean_absolute_error: 0.7166
 91000/800167 [==>...........................] - ETA: 32s - loss: 0.8199 - mean_absolute_error: 0.7166
 93000/800167 [==>...........................] - ETA: 32s - loss: 0.8211 - mean_absolute_error: 0.7168
 94000/800167 [==>...........................] - ETA: 32s - loss: 0.8196 - mean_absolute_error: 0.7161
 96000/800167 [==>...........................] - ETA: 32s - loss: 0.8195 - mean_absolute_error: 0.7163
 98000/800167 [==>...........................] - ETA: 32s - loss: 0.8186 - mean_absolute_error: 0.7157
 99000/800167 [==>...........................] - ETA: 32s - loss: 0.8189 - mean_absolute_error: 0.7160
101000/800167 [==>...........................] - ETA: 32s - loss: 0.8190 - mean_absolute_error: 0.7161
103000/800167 [==>...........................] - ETA: 32s - loss: 0.8186 - mean_absolute_error: 0.7161
105000/800167 [==>...........................] - ETA: 32s - loss: 0.8187 - mean_absolute_error: 0.7159
106000/800167 [==>...........................] - ETA: 32s - loss: 0.8184 - mean_absolute_error: 0.7158
107000/800167 [===>..........................] - ETA: 32s - loss: 0.8187 - mean_absolute_error: 0.7159
109000/800167 [===>..........................] - ETA: 32s - loss: 0.8182 - mean_absolute_error: 0.7157
111000/800167 [===>..........................] - ETA: 32s - loss: 0.8183 - mean_absolute_error: 0.7158
113000/800167 [===>..........................] - ETA: 32s - loss: 0.8178 - mean_absolute_error: 0.7155
115000/800167 [===>..........................] - ETA: 32s - loss: 0.8170 - mean_absolute_error: 0.7152
117000/800167 [===>..........................] - ETA: 32s - loss: 0.8178 - mean_absolute_error: 0.7157
118000/800167 [===>..........................] - ETA: 32s - loss: 0.8177 - mean_absolute_error: 0.7156
120000/800167 [===>..........................] - ETA: 31s - loss: 0.8167 - mean_absolute_error: 0.7151
122000/800167 [===>..........................] - ETA: 31s - loss: 0.8161 - mean_absolute_error: 0.7148
124000/800167 [===>..........................] - ETA: 31s - loss: 0.8164 - mean_absolute_error: 0.7150
125000/800167 [===>..........................] - ETA: 31s - loss: 0.8163 - mean_absolute_error: 0.7150
126000/800167 [===>..........................] - ETA: 31s - loss: 0.8162 - mean_absolute_error: 0.7149
128000/800167 [===>..........................] - ETA: 31s - loss: 0.8168 - mean_absolute_error: 0.7152
130000/800167 [===>..........................] - ETA: 31s - loss: 0.8170 - mean_absolute_error: 0.7152
132000/800167 [===>..........................] - ETA: 31s - loss: 0.8170 - mean_absolute_error: 0.7153
134000/800167 [====>.........................] - ETA: 31s - loss: 0.8178 - mean_absolute_error: 0.7156
136000/800167 [====>.........................] - ETA: 31s - loss: 0.8175 - mean_absolute_error: 0.7156
137000/800167 [====>.........................] - ETA: 31s - loss: 0.8175 - mean_absolute_error: 0.7155
139000/800167 [====>.........................] - ETA: 31s - loss: 0.8166 - mean_absolute_error: 0.7151
141000/800167 [====>.........................] - ETA: 31s - loss: 0.8171 - mean_absolute_error: 0.7154
143000/800167 [====>.........................] - ETA: 31s - loss: 0.8172 - mean_absolute_error: 0.7154
144000/800167 [====>.........................] - ETA: 31s - loss: 0.8173 - mean_absolute_error: 0.7154
146000/800167 [====>.........................] - ETA: 31s - loss: 0.8179 - mean_absolute_error: 0.7156
148000/800167 [====>.........................] - ETA: 30s - loss: 0.8183 - mean_absolute_error: 0.7158
149000/800167 [====>.........................] - ETA: 30s - loss: 0.8183 - mean_absolute_error: 0.7158
151000/800167 [====>.........................] - ETA: 30s - loss: 0.8183 - mean_absolute_error: 0.7158
152000/800167 [====>.........................] - ETA: 30s - loss: 0.8181 - mean_absolute_error: 0.7158
153000/800167 [====>.........................] - ETA: 30s - loss: 0.8182 - mean_absolute_error: 0.7158
154000/800167 [====>.........................] - ETA: 30s - loss: 0.8180 - mean_absolute_error: 0.7156
155000/800167 [====>.........................] - ETA: 30s - loss: 0.8182 - mean_absolute_error: 0.7157
156000/800167 [====>.........................] - ETA: 30s - loss: 0.8181 - mean_absolute_error: 0.7156
158000/800167 [====>.........................] - ETA: 30s - loss: 0.8179 - mean_absolute_error: 0.7155
160000/800167 [====>.........................] - ETA: 30s - loss: 0.8178 - mean_absolute_error: 0.7155
162000/800167 [=====>........................] - ETA: 30s - loss: 0.8177 - mean_absolute_error: 0.7154
164000/800167 [=====>........................] - ETA: 30s - loss: 0.8178 - mean_absolute_error: 0.7155
166000/800167 [=====>........................] - ETA: 30s - loss: 0.8178 - mean_absolute_error: 0.7156
168000/800167 [=====>........................] - ETA: 30s - loss: 0.8177 - mean_absolute_error: 0.7156
170000/800167 [=====>........................] - ETA: 30s - loss: 0.8173 - mean_absolute_error: 0.7154
172000/800167 [=====>........................] - ETA: 29s - loss: 0.8173 - mean_absolute_error: 0.7155
174000/800167 [=====>........................] - ETA: 29s - loss: 0.8170 - mean_absolute_error: 0.7153
176000/800167 [=====>........................] - ETA: 29s - loss: 0.8166 - mean_absolute_error: 0.7152
178000/800167 [=====>........................] - ETA: 29s - loss: 0.8167 - mean_absolute_error: 0.7153
180000/800167 [=====>........................] - ETA: 29s - loss: 0.8170 - mean_absolute_error: 0.7155
182000/800167 [=====>........................] - ETA: 29s - loss: 0.8171 - mean_absolute_error: 0.7155
184000/800167 [=====>........................] - ETA: 28s - loss: 0.8171 - mean_absolute_error: 0.7156
186000/800167 [=====>........................] - ETA: 28s - loss: 0.8167 - mean_absolute_error: 0.7155
188000/800167 [======>.......................] - ETA: 28s - loss: 0.8164 - mean_absolute_error: 0.7154
190000/800167 [======>.......................] - ETA: 28s - loss: 0.8161 - mean_absolute_error: 0.7153
192000/800167 [======>.......................] - ETA: 28s - loss: 0.8161 - mean_absolute_error: 0.7153
194000/800167 [======>.......................] - ETA: 28s - loss: 0.8160 - mean_absolute_error: 0.7152
196000/800167 [======>.......................] - ETA: 28s - loss: 0.8159 - mean_absolute_error: 0.7152
198000/800167 [======>.......................] - ETA: 27s - loss: 0.8158 - mean_absolute_error: 0.7152
200000/800167 [======>.......................] - ETA: 27s - loss: 0.8160 - mean_absolute_error: 0.7153
202000/800167 [======>.......................] - ETA: 27s - loss: 0.8162 - mean_absolute_error: 0.7154
204000/800167 [======>.......................] - ETA: 27s - loss: 0.8162 - mean_absolute_error: 0.7153
206000/800167 [======>.......................] - ETA: 27s - loss: 0.8159 - mean_absolute_error: 0.7152
208000/800167 [======>.......................] - ETA: 27s - loss: 0.8159 - mean_absolute_error: 0.7152
210000/800167 [======>.......................] - ETA: 27s - loss: 0.8157 - mean_absolute_error: 0.7150
212000/800167 [======>.......................] - ETA: 26s - loss: 0.8154 - mean_absolute_error: 0.7149
214000/800167 [=======>......................] - ETA: 26s - loss: 0.8155 - mean_absolute_error: 0.7149
216000/800167 [=======>......................] - ETA: 26s - loss: 0.8155 - mean_absolute_error: 0.7148
218000/800167 [=======>......................] - ETA: 26s - loss: 0.8154 - mean_absolute_error: 0.7148
220000/800167 [=======>......................] - ETA: 26s - loss: 0.8151 - mean_absolute_error: 0.7148
222000/800167 [=======>......................] - ETA: 26s - loss: 0.8152 - mean_absolute_error: 0.7147
224000/800167 [=======>......................] - ETA: 26s - loss: 0.8153 - mean_absolute_error: 0.7148
226000/800167 [=======>......................] - ETA: 25s - loss: 0.8153 - mean_absolute_error: 0.7148
228000/800167 [=======>......................] - ETA: 25s - loss: 0.8152 - mean_absolute_error: 0.7148
230000/800167 [=======>......................] - ETA: 25s - loss: 0.8152 - mean_absolute_error: 0.7148
232000/800167 [=======>......................] - ETA: 25s - loss: 0.8153 - mean_absolute_error: 0.7150
234000/800167 [=======>......................] - ETA: 25s - loss: 0.8153 - mean_absolute_error: 0.7150
236000/800167 [=======>......................] - ETA: 25s - loss: 0.8152 - mean_absolute_error: 0.7150
238000/800167 [=======>......................] - ETA: 25s - loss: 0.8150 - mean_absolute_error: 0.7148
240000/800167 [=======>......................] - ETA: 25s - loss: 0.8150 - mean_absolute_error: 0.7148
242000/800167 [========>.....................] - ETA: 24s - loss: 0.8151 - mean_absolute_error: 0.7149
244000/800167 [========>.....................] - ETA: 24s - loss: 0.8151 - mean_absolute_error: 0.7149
246000/800167 [========>.....................] - ETA: 24s - loss: 0.8151 - mean_absolute_error: 0.7149
248000/800167 [========>.....................] - ETA: 24s - loss: 0.8150 - mean_absolute_error: 0.7147
250000/800167 [========>.....................] - ETA: 24s - loss: 0.8147 - mean_absolute_error: 0.7147
252000/800167 [========>.....................] - ETA: 24s - loss: 0.8146 - mean_absolute_error: 0.7146
254000/800167 [========>.....................] - ETA: 24s - loss: 0.8142 - mean_absolute_error: 0.7145
256000/800167 [========>.....................] - ETA: 24s - loss: 0.8141 - mean_absolute_error: 0.7144
258000/800167 [========>.....................] - ETA: 24s - loss: 0.8141 - mean_absolute_error: 0.7145
260000/800167 [========>.....................] - ETA: 23s - loss: 0.8138 - mean_absolute_error: 0.7144
262000/800167 [========>.....................] - ETA: 23s - loss: 0.8135 - mean_absolute_error: 0.7142
264000/800167 [========>.....................] - ETA: 23s - loss: 0.8134 - mean_absolute_error: 0.7142
266000/800167 [========>.....................] - ETA: 23s - loss: 0.8134 - mean_absolute_error: 0.7142
268000/800167 [=========>....................] - ETA: 23s - loss: 0.8133 - mean_absolute_error: 0.7141
270000/800167 [=========>....................] - ETA: 23s - loss: 0.8132 - mean_absolute_error: 0.7141
272000/800167 [=========>....................] - ETA: 23s - loss: 0.8130 - mean_absolute_error: 0.7140
274000/800167 [=========>....................] - ETA: 23s - loss: 0.8128 - mean_absolute_error: 0.7138
276000/800167 [=========>....................] - ETA: 23s - loss: 0.8125 - mean_absolute_error: 0.7137
278000/800167 [=========>....................] - ETA: 22s - loss: 0.8127 - mean_absolute_error: 0.7138
280000/800167 [=========>....................] - ETA: 22s - loss: 0.8128 - mean_absolute_error: 0.7139
281000/800167 [=========>....................] - ETA: 22s - loss: 0.8128 - mean_absolute_error: 0.7139
283000/800167 [=========>....................] - ETA: 22s - loss: 0.8133 - mean_absolute_error: 0.7140
285000/800167 [=========>....................] - ETA: 22s - loss: 0.8133 - mean_absolute_error: 0.7140
287000/800167 [=========>....................] - ETA: 22s - loss: 0.8128 - mean_absolute_error: 0.7139
289000/800167 [=========>....................] - ETA: 22s - loss: 0.8126 - mean_absolute_error: 0.7137
291000/800167 [=========>....................] - ETA: 22s - loss: 0.8123 - mean_absolute_error: 0.7136
293000/800167 [=========>....................] - ETA: 22s - loss: 0.8124 - mean_absolute_error: 0.7137
295000/800167 [==========>...................] - ETA: 22s - loss: 0.8122 - mean_absolute_error: 0.7136
297000/800167 [==========>...................] - ETA: 22s - loss: 0.8119 - mean_absolute_error: 0.7135
299000/800167 [==========>...................] - ETA: 21s - loss: 0.8117 - mean_absolute_error: 0.7134
301000/800167 [==========>...................] - ETA: 21s - loss: 0.8117 - mean_absolute_error: 0.7134
303000/800167 [==========>...................] - ETA: 21s - loss: 0.8115 - mean_absolute_error: 0.7133
305000/800167 [==========>...................] - ETA: 21s - loss: 0.8115 - mean_absolute_error: 0.7134
307000/800167 [==========>...................] - ETA: 21s - loss: 0.8115 - mean_absolute_error: 0.7133
309000/800167 [==========>...................] - ETA: 21s - loss: 0.8113 - mean_absolute_error: 0.7133
311000/800167 [==========>...................] - ETA: 21s - loss: 0.8114 - mean_absolute_error: 0.7133
313000/800167 [==========>...................] - ETA: 21s - loss: 0.8116 - mean_absolute_error: 0.7134
315000/800167 [==========>...................] - ETA: 21s - loss: 0.8118 - mean_absolute_error: 0.7135
317000/800167 [==========>...................] - ETA: 20s - loss: 0.8121 - mean_absolute_error: 0.7136
319000/800167 [==========>...................] - ETA: 20s - loss: 0.8124 - mean_absolute_error: 0.7138
321000/800167 [===========>..................] - ETA: 20s - loss: 0.8125 - mean_absolute_error: 0.7139
323000/800167 [===========>..................] - ETA: 20s - loss: 0.8122 - mean_absolute_error: 0.7137
325000/800167 [===========>..................] - ETA: 20s - loss: 0.8123 - mean_absolute_error: 0.7137
327000/800167 [===========>..................] - ETA: 20s - loss: 0.8124 - mean_absolute_error: 0.7137
329000/800167 [===========>..................] - ETA: 20s - loss: 0.8125 - mean_absolute_error: 0.7138
331000/800167 [===========>..................] - ETA: 20s - loss: 0.8125 - mean_absolute_error: 0.7137
333000/800167 [===========>..................] - ETA: 20s - loss: 0.8125 - mean_absolute_error: 0.7138
335000/800167 [===========>..................] - ETA: 20s - loss: 0.8127 - mean_absolute_error: 0.7139
337000/800167 [===========>..................] - ETA: 19s - loss: 0.8127 - mean_absolute_error: 0.7139
339000/800167 [===========>..................] - ETA: 19s - loss: 0.8128 - mean_absolute_error: 0.7139
341000/800167 [===========>..................] - ETA: 19s - loss: 0.8126 - mean_absolute_error: 0.7138
343000/800167 [===========>..................] - ETA: 19s - loss: 0.8128 - mean_absolute_error: 0.7140
345000/800167 [===========>..................] - ETA: 19s - loss: 0.8127 - mean_absolute_error: 0.7139
347000/800167 [============>.................] - ETA: 19s - loss: 0.8126 - mean_absolute_error: 0.7139
349000/800167 [============>.................] - ETA: 19s - loss: 0.8126 - mean_absolute_error: 0.7139
351000/800167 [============>.................] - ETA: 19s - loss: 0.8129 - mean_absolute_error: 0.7139
353000/800167 [============>.................] - ETA: 19s - loss: 0.8128 - mean_absolute_error: 0.7138
355000/800167 [============>.................] - ETA: 19s - loss: 0.8129 - mean_absolute_error: 0.7139
357000/800167 [============>.................] - ETA: 18s - loss: 0.8129 - mean_absolute_error: 0.7139
359000/800167 [============>.................] - ETA: 18s - loss: 0.8129 - mean_absolute_error: 0.7139
361000/800167 [============>.................] - ETA: 18s - loss: 0.8127 - mean_absolute_error: 0.7138
363000/800167 [============>.................] - ETA: 18s - loss: 0.8131 - mean_absolute_error: 0.7139
365000/800167 [============>.................] - ETA: 18s - loss: 0.8130 - mean_absolute_error: 0.7139
367000/800167 [============>.................] - ETA: 18s - loss: 0.8133 - mean_absolute_error: 0.7140
369000/800167 [============>.................] - ETA: 18s - loss: 0.8135 - mean_absolute_error: 0.7141
371000/800167 [============>.................] - ETA: 18s - loss: 0.8135 - mean_absolute_error: 0.7141
373000/800167 [============>.................] - ETA: 18s - loss: 0.8133 - mean_absolute_error: 0.7141
375000/800167 [=============>................] - ETA: 18s - loss: 0.8133 - mean_absolute_error: 0.7140
377000/800167 [=============>................] - ETA: 17s - loss: 0.8134 - mean_absolute_error: 0.7141
379000/800167 [=============>................] - ETA: 17s - loss: 0.8134 - mean_absolute_error: 0.7142
381000/800167 [=============>................] - ETA: 17s - loss: 0.8131 - mean_absolute_error: 0.7140
383000/800167 [=============>................] - ETA: 17s - loss: 0.8134 - mean_absolute_error: 0.7141
385000/800167 [=============>................] - ETA: 17s - loss: 0.8136 - mean_absolute_error: 0.7142
387000/800167 [=============>................] - ETA: 17s - loss: 0.8137 - mean_absolute_error: 0.7143
389000/800167 [=============>................] - ETA: 17s - loss: 0.8138 - mean_absolute_error: 0.7143
391000/800167 [=============>................] - ETA: 17s - loss: 0.8137 - mean_absolute_error: 0.7143
393000/800167 [=============>................] - ETA: 17s - loss: 0.8138 - mean_absolute_error: 0.7144
395000/800167 [=============>................] - ETA: 17s - loss: 0.8138 - mean_absolute_error: 0.7144
397000/800167 [=============>................] - ETA: 17s - loss: 0.8137 - mean_absolute_error: 0.7143
399000/800167 [=============>................] - ETA: 16s - loss: 0.8137 - mean_absolute_error: 0.7142
401000/800167 [==============>...............] - ETA: 16s - loss: 0.8137 - mean_absolute_error: 0.7143
403000/800167 [==============>...............] - ETA: 16s - loss: 0.8137 - mean_absolute_error: 0.7143
405000/800167 [==============>...............] - ETA: 16s - loss: 0.8138 - mean_absolute_error: 0.7143
407000/800167 [==============>...............] - ETA: 16s - loss: 0.8138 - mean_absolute_error: 0.7143
409000/800167 [==============>...............] - ETA: 16s - loss: 0.8139 - mean_absolute_error: 0.7143
411000/800167 [==============>...............] - ETA: 16s - loss: 0.8139 - mean_absolute_error: 0.7143
413000/800167 [==============>...............] - ETA: 16s - loss: 0.8138 - mean_absolute_error: 0.7143
415000/800167 [==============>...............] - ETA: 16s - loss: 0.8138 - mean_absolute_error: 0.7143
417000/800167 [==============>...............] - ETA: 16s - loss: 0.8137 - mean_absolute_error: 0.7143
419000/800167 [==============>...............] - ETA: 16s - loss: 0.8135 - mean_absolute_error: 0.7142
421000/800167 [==============>...............] - ETA: 15s - loss: 0.8137 - mean_absolute_error: 0.7143
423000/800167 [==============>...............] - ETA: 15s - loss: 0.8138 - mean_absolute_error: 0.7143
425000/800167 [==============>...............] - ETA: 15s - loss: 0.8139 - mean_absolute_error: 0.7144
427000/800167 [===============>..............] - ETA: 15s - loss: 0.8137 - mean_absolute_error: 0.7143
429000/800167 [===============>..............] - ETA: 15s - loss: 0.8139 - mean_absolute_error: 0.7144
431000/800167 [===============>..............] - ETA: 15s - loss: 0.8139 - mean_absolute_error: 0.7144
433000/800167 [===============>..............] - ETA: 15s - loss: 0.8140 - mean_absolute_error: 0.7145
435000/800167 [===============>..............] - ETA: 15s - loss: 0.8142 - mean_absolute_error: 0.7145
437000/800167 [===============>..............] - ETA: 15s - loss: 0.8143 - mean_absolute_error: 0.7145
439000/800167 [===============>..............] - ETA: 15s - loss: 0.8144 - mean_absolute_error: 0.7146
441000/800167 [===============>..............] - ETA: 15s - loss: 0.8144 - mean_absolute_error: 0.7147
443000/800167 [===============>..............] - ETA: 14s - loss: 0.8144 - mean_absolute_error: 0.7147
445000/800167 [===============>..............] - ETA: 14s - loss: 0.8144 - mean_absolute_error: 0.7147
447000/800167 [===============>..............] - ETA: 14s - loss: 0.8145 - mean_absolute_error: 0.7148
449000/800167 [===============>..............] - ETA: 14s - loss: 0.8144 - mean_absolute_error: 0.7147
451000/800167 [===============>..............] - ETA: 14s - loss: 0.8143 - mean_absolute_error: 0.7147
453000/800167 [===============>..............] - ETA: 14s - loss: 0.8144 - mean_absolute_error: 0.7147
455000/800167 [================>.............] - ETA: 14s - loss: 0.8144 - mean_absolute_error: 0.7147
457000/800167 [================>.............] - ETA: 14s - loss: 0.8143 - mean_absolute_error: 0.7147
459000/800167 [================>.............] - ETA: 14s - loss: 0.8142 - mean_absolute_error: 0.7146
461000/800167 [================>.............] - ETA: 14s - loss: 0.8139 - mean_absolute_error: 0.7144
463000/800167 [================>.............] - ETA: 14s - loss: 0.8140 - mean_absolute_error: 0.7145
465000/800167 [================>.............] - ETA: 13s - loss: 0.8140 - mean_absolute_error: 0.7145
467000/800167 [================>.............] - ETA: 13s - loss: 0.8138 - mean_absolute_error: 0.7144
469000/800167 [================>.............] - ETA: 13s - loss: 0.8138 - mean_absolute_error: 0.7144
471000/800167 [================>.............] - ETA: 13s - loss: 0.8137 - mean_absolute_error: 0.7144
473000/800167 [================>.............] - ETA: 13s - loss: 0.8137 - mean_absolute_error: 0.7144
475000/800167 [================>.............] - ETA: 13s - loss: 0.8136 - mean_absolute_error: 0.7144
477000/800167 [================>.............] - ETA: 13s - loss: 0.8136 - mean_absolute_error: 0.7144
479000/800167 [================>.............] - ETA: 13s - loss: 0.8137 - mean_absolute_error: 0.7144
481000/800167 [=================>............] - ETA: 13s - loss: 0.8135 - mean_absolute_error: 0.7143
483000/800167 [=================>............] - ETA: 13s - loss: 0.8136 - mean_absolute_error: 0.7143
485000/800167 [=================>............] - ETA: 13s - loss: 0.8138 - mean_absolute_error: 0.7144
487000/800167 [=================>............] - ETA: 13s - loss: 0.8138 - mean_absolute_error: 0.7144
489000/800167 [=================>............] - ETA: 12s - loss: 0.8139 - mean_absolute_error: 0.7144
491000/800167 [=================>............] - ETA: 12s - loss: 0.8137 - mean_absolute_error: 0.7144
493000/800167 [=================>............] - ETA: 12s - loss: 0.8137 - mean_absolute_error: 0.7144
495000/800167 [=================>............] - ETA: 12s - loss: 0.8136 - mean_absolute_error: 0.7143
497000/800167 [=================>............] - ETA: 12s - loss: 0.8133 - mean_absolute_error: 0.7142
499000/800167 [=================>............] - ETA: 12s - loss: 0.8131 - mean_absolute_error: 0.7141
501000/800167 [=================>............] - ETA: 12s - loss: 0.8129 - mean_absolute_error: 0.7140
503000/800167 [=================>............] - ETA: 12s - loss: 0.8128 - mean_absolute_error: 0.7140
505000/800167 [=================>............] - ETA: 12s - loss: 0.8128 - mean_absolute_error: 0.7140
507000/800167 [==================>...........] - ETA: 12s - loss: 0.8127 - mean_absolute_error: 0.7139
509000/800167 [==================>...........] - ETA: 12s - loss: 0.8126 - mean_absolute_error: 0.7139
511000/800167 [==================>...........] - ETA: 11s - loss: 0.8125 - mean_absolute_error: 0.7139
513000/800167 [==================>...........] - ETA: 11s - loss: 0.8124 - mean_absolute_error: 0.7138
515000/800167 [==================>...........] - ETA: 11s - loss: 0.8123 - mean_absolute_error: 0.7137
517000/800167 [==================>...........] - ETA: 11s - loss: 0.8123 - mean_absolute_error: 0.7137
519000/800167 [==================>...........] - ETA: 11s - loss: 0.8122 - mean_absolute_error: 0.7137
521000/800167 [==================>...........] - ETA: 11s - loss: 0.8122 - mean_absolute_error: 0.7137
523000/800167 [==================>...........] - ETA: 11s - loss: 0.8122 - mean_absolute_error: 0.7137
525000/800167 [==================>...........] - ETA: 11s - loss: 0.8123 - mean_absolute_error: 0.7137
527000/800167 [==================>...........] - ETA: 11s - loss: 0.8124 - mean_absolute_error: 0.7138
529000/800167 [==================>...........] - ETA: 11s - loss: 0.8125 - mean_absolute_error: 0.7138
531000/800167 [==================>...........] - ETA: 11s - loss: 0.8125 - mean_absolute_error: 0.7139
533000/800167 [==================>...........] - ETA: 11s - loss: 0.8123 - mean_absolute_error: 0.7138
535000/800167 [===================>..........] - ETA: 10s - loss: 0.8124 - mean_absolute_error: 0.7138
537000/800167 [===================>..........] - ETA: 10s - loss: 0.8123 - mean_absolute_error: 0.7138
539000/800167 [===================>..........] - ETA: 10s - loss: 0.8123 - mean_absolute_error: 0.7137
541000/800167 [===================>..........] - ETA: 10s - loss: 0.8123 - mean_absolute_error: 0.7137
543000/800167 [===================>..........] - ETA: 10s - loss: 0.8122 - mean_absolute_error: 0.7137
545000/800167 [===================>..........] - ETA: 10s - loss: 0.8123 - mean_absolute_error: 0.7137
547000/800167 [===================>..........] - ETA: 10s - loss: 0.8124 - mean_absolute_error: 0.7138
549000/800167 [===================>..........] - ETA: 10s - loss: 0.8126 - mean_absolute_error: 0.7139
551000/800167 [===================>..........] - ETA: 10s - loss: 0.8126 - mean_absolute_error: 0.7138
553000/800167 [===================>..........] - ETA: 10s - loss: 0.8124 - mean_absolute_error: 0.7138
555000/800167 [===================>..........] - ETA: 10s - loss: 0.8122 - mean_absolute_error: 0.7137
557000/800167 [===================>..........] - ETA: 10s - loss: 0.8124 - mean_absolute_error: 0.7137
559000/800167 [===================>..........] - ETA: 9s - loss: 0.8125 - mean_absolute_error: 0.7138 
561000/800167 [====================>.........] - ETA: 9s - loss: 0.8123 - mean_absolute_error: 0.7137
563000/800167 [====================>.........] - ETA: 9s - loss: 0.8123 - mean_absolute_error: 0.7137
565000/800167 [====================>.........] - ETA: 9s - loss: 0.8123 - mean_absolute_error: 0.7137
567000/800167 [====================>.........] - ETA: 9s - loss: 0.8122 - mean_absolute_error: 0.7136
569000/800167 [====================>.........] - ETA: 9s - loss: 0.8122 - mean_absolute_error: 0.7136
571000/800167 [====================>.........] - ETA: 9s - loss: 0.8120 - mean_absolute_error: 0.7135
573000/800167 [====================>.........] - ETA: 9s - loss: 0.8119 - mean_absolute_error: 0.7135
575000/800167 [====================>.........] - ETA: 9s - loss: 0.8120 - mean_absolute_error: 0.7135
577000/800167 [====================>.........] - ETA: 9s - loss: 0.8120 - mean_absolute_error: 0.7136
579000/800167 [====================>.........] - ETA: 9s - loss: 0.8120 - mean_absolute_error: 0.7136
581000/800167 [====================>.........] - ETA: 9s - loss: 0.8119 - mean_absolute_error: 0.7135
583000/800167 [====================>.........] - ETA: 8s - loss: 0.8118 - mean_absolute_error: 0.7134
585000/800167 [====================>.........] - ETA: 8s - loss: 0.8117 - mean_absolute_error: 0.7134
587000/800167 [=====================>........] - ETA: 8s - loss: 0.8118 - mean_absolute_error: 0.7134
589000/800167 [=====================>........] - ETA: 8s - loss: 0.8117 - mean_absolute_error: 0.7134
591000/800167 [=====================>........] - ETA: 8s - loss: 0.8116 - mean_absolute_error: 0.7133
593000/800167 [=====================>........] - ETA: 8s - loss: 0.8115 - mean_absolute_error: 0.7132
595000/800167 [=====================>........] - ETA: 8s - loss: 0.8115 - mean_absolute_error: 0.7132
597000/800167 [=====================>........] - ETA: 8s - loss: 0.8117 - mean_absolute_error: 0.7133
599000/800167 [=====================>........] - ETA: 8s - loss: 0.8116 - mean_absolute_error: 0.7133
601000/800167 [=====================>........] - ETA: 8s - loss: 0.8114 - mean_absolute_error: 0.7133
603000/800167 [=====================>........] - ETA: 8s - loss: 0.8113 - mean_absolute_error: 0.7132
605000/800167 [=====================>........] - ETA: 8s - loss: 0.8112 - mean_absolute_error: 0.7131
607000/800167 [=====================>........] - ETA: 7s - loss: 0.8112 - mean_absolute_error: 0.7131
609000/800167 [=====================>........] - ETA: 7s - loss: 0.8111 - mean_absolute_error: 0.7131
611000/800167 [=====================>........] - ETA: 7s - loss: 0.8109 - mean_absolute_error: 0.7130
613000/800167 [=====================>........] - ETA: 7s - loss: 0.8109 - mean_absolute_error: 0.7130
615000/800167 [======================>.......] - ETA: 7s - loss: 0.8108 - mean_absolute_error: 0.7129
617000/800167 [======================>.......] - ETA: 7s - loss: 0.8108 - mean_absolute_error: 0.7130
619000/800167 [======================>.......] - ETA: 7s - loss: 0.8108 - mean_absolute_error: 0.7130
621000/800167 [======================>.......] - ETA: 7s - loss: 0.8109 - mean_absolute_error: 0.7130
623000/800167 [======================>.......] - ETA: 7s - loss: 0.8108 - mean_absolute_error: 0.7130
625000/800167 [======================>.......] - ETA: 7s - loss: 0.8108 - mean_absolute_error: 0.7130
627000/800167 [======================>.......] - ETA: 7s - loss: 0.8108 - mean_absolute_error: 0.7130
629000/800167 [======================>.......] - ETA: 7s - loss: 0.8107 - mean_absolute_error: 0.7129
631000/800167 [======================>.......] - ETA: 6s - loss: 0.8107 - mean_absolute_error: 0.7129
633000/800167 [======================>.......] - ETA: 6s - loss: 0.8106 - mean_absolute_error: 0.7129
635000/800167 [======================>.......] - ETA: 6s - loss: 0.8106 - mean_absolute_error: 0.7129
637000/800167 [======================>.......] - ETA: 6s - loss: 0.8107 - mean_absolute_error: 0.7129
639000/800167 [======================>.......] - ETA: 6s - loss: 0.8107 - mean_absolute_error: 0.7129
641000/800167 [=======================>......] - ETA: 6s - loss: 0.8109 - mean_absolute_error: 0.7130
643000/800167 [=======================>......] - ETA: 6s - loss: 0.8109 - mean_absolute_error: 0.7130
645000/800167 [=======================>......] - ETA: 6s - loss: 0.8110 - mean_absolute_error: 0.7131
647000/800167 [=======================>......] - ETA: 6s - loss: 0.8110 - mean_absolute_error: 0.7131
649000/800167 [=======================>......] - ETA: 6s - loss: 0.8111 - mean_absolute_error: 0.7131
651000/800167 [=======================>......] - ETA: 6s - loss: 0.8111 - mean_absolute_error: 0.7131
653000/800167 [=======================>......] - ETA: 6s - loss: 0.8112 - mean_absolute_error: 0.7131
655000/800167 [=======================>......] - ETA: 5s - loss: 0.8111 - mean_absolute_error: 0.7131
657000/800167 [=======================>......] - ETA: 5s - loss: 0.8111 - mean_absolute_error: 0.7131
659000/800167 [=======================>......] - ETA: 5s - loss: 0.8112 - mean_absolute_error: 0.7131
661000/800167 [=======================>......] - ETA: 5s - loss: 0.8110 - mean_absolute_error: 0.7131
663000/800167 [=======================>......] - ETA: 5s - loss: 0.8111 - mean_absolute_error: 0.7131
665000/800167 [=======================>......] - ETA: 5s - loss: 0.8110 - mean_absolute_error: 0.7131
667000/800167 [========================>.....] - ETA: 5s - loss: 0.8110 - mean_absolute_error: 0.7131
669000/800167 [========================>.....] - ETA: 5s - loss: 0.8109 - mean_absolute_error: 0.7131
671000/800167 [========================>.....] - ETA: 5s - loss: 0.8110 - mean_absolute_error: 0.7131
673000/800167 [========================>.....] - ETA: 5s - loss: 0.8109 - mean_absolute_error: 0.7130
675000/800167 [========================>.....] - ETA: 5s - loss: 0.8109 - mean_absolute_error: 0.7130
677000/800167 [========================>.....] - ETA: 5s - loss: 0.8110 - mean_absolute_error: 0.7130
679000/800167 [========================>.....] - ETA: 4s - loss: 0.8110 - mean_absolute_error: 0.7130
681000/800167 [========================>.....] - ETA: 4s - loss: 0.8108 - mean_absolute_error: 0.7130
683000/800167 [========================>.....] - ETA: 4s - loss: 0.8110 - mean_absolute_error: 0.7131
685000/800167 [========================>.....] - ETA: 4s - loss: 0.8109 - mean_absolute_error: 0.7130
687000/800167 [========================>.....] - ETA: 4s - loss: 0.8108 - mean_absolute_error: 0.7129
689000/800167 [========================>.....] - ETA: 4s - loss: 0.8107 - mean_absolute_error: 0.7129
691000/800167 [========================>.....] - ETA: 4s - loss: 0.8106 - mean_absolute_error: 0.7129
693000/800167 [========================>.....] - ETA: 4s - loss: 0.8106 - mean_absolute_error: 0.7128
695000/800167 [=========================>....] - ETA: 4s - loss: 0.8105 - mean_absolute_error: 0.7128
697000/800167 [=========================>....] - ETA: 4s - loss: 0.8104 - mean_absolute_error: 0.7128
699000/800167 [=========================>....] - ETA: 4s - loss: 0.8104 - mean_absolute_error: 0.7127
701000/800167 [=========================>....] - ETA: 4s - loss: 0.8103 - mean_absolute_error: 0.7127
703000/800167 [=========================>....] - ETA: 3s - loss: 0.8103 - mean_absolute_error: 0.7127
705000/800167 [=========================>....] - ETA: 3s - loss: 0.8102 - mean_absolute_error: 0.7127
707000/800167 [=========================>....] - ETA: 3s - loss: 0.8104 - mean_absolute_error: 0.7127
709000/800167 [=========================>....] - ETA: 3s - loss: 0.8102 - mean_absolute_error: 0.7126
711000/800167 [=========================>....] - ETA: 3s - loss: 0.8102 - mean_absolute_error: 0.7126
713000/800167 [=========================>....] - ETA: 3s - loss: 0.8103 - mean_absolute_error: 0.7126
715000/800167 [=========================>....] - ETA: 3s - loss: 0.8103 - mean_absolute_error: 0.7126
717000/800167 [=========================>....] - ETA: 3s - loss: 0.8103 - mean_absolute_error: 0.7126
719000/800167 [=========================>....] - ETA: 3s - loss: 0.8102 - mean_absolute_error: 0.7126
721000/800167 [==========================>...] - ETA: 3s - loss: 0.8103 - mean_absolute_error: 0.7126
723000/800167 [==========================>...] - ETA: 3s - loss: 0.8102 - mean_absolute_error: 0.7126
725000/800167 [==========================>...] - ETA: 3s - loss: 0.8102 - mean_absolute_error: 0.7126
727000/800167 [==========================>...] - ETA: 2s - loss: 0.8102 - mean_absolute_error: 0.7126
729000/800167 [==========================>...] - ETA: 2s - loss: 0.8101 - mean_absolute_error: 0.7126
731000/800167 [==========================>...] - ETA: 2s - loss: 0.8099 - mean_absolute_error: 0.7125
733000/800167 [==========================>...] - ETA: 2s - loss: 0.8099 - mean_absolute_error: 0.7125
735000/800167 [==========================>...] - ETA: 2s - loss: 0.8098 - mean_absolute_error: 0.7124
737000/800167 [==========================>...] - ETA: 2s - loss: 0.8097 - mean_absolute_error: 0.7124
739000/800167 [==========================>...] - ETA: 2s - loss: 0.8097 - mean_absolute_error: 0.7124
741000/800167 [==========================>...] - ETA: 2s - loss: 0.8096 - mean_absolute_error: 0.7124
743000/800167 [==========================>...] - ETA: 2s - loss: 0.8096 - mean_absolute_error: 0.7124
745000/800167 [==========================>...] - ETA: 2s - loss: 0.8095 - mean_absolute_error: 0.7123
747000/800167 [===========================>..] - ETA: 2s - loss: 0.8094 - mean_absolute_error: 0.7123
749000/800167 [===========================>..] - ETA: 2s - loss: 0.8093 - mean_absolute_error: 0.7123
751000/800167 [===========================>..] - ETA: 1s - loss: 0.8093 - mean_absolute_error: 0.7122
753000/800167 [===========================>..] - ETA: 1s - loss: 0.8093 - mean_absolute_error: 0.7122
755000/800167 [===========================>..] - ETA: 1s - loss: 0.8092 - mean_absolute_error: 0.7122
757000/800167 [===========================>..] - ETA: 1s - loss: 0.8091 - mean_absolute_error: 0.7121
759000/800167 [===========================>..] - ETA: 1s - loss: 0.8091 - mean_absolute_error: 0.7121
761000/800167 [===========================>..] - ETA: 1s - loss: 0.8090 - mean_absolute_error: 0.7121
763000/800167 [===========================>..] - ETA: 1s - loss: 0.8089 - mean_absolute_error: 0.7120
765000/800167 [===========================>..] - ETA: 1s - loss: 0.8089 - mean_absolute_error: 0.7120
766000/800167 [===========================>..] - ETA: 1s - loss: 0.8088 - mean_absolute_error: 0.7120
767000/800167 [===========================>..] - ETA: 1s - loss: 0.8088 - mean_absolute_error: 0.7119
769000/800167 [===========================>..] - ETA: 1s - loss: 0.8087 - mean_absolute_error: 0.7119
771000/800167 [===========================>..] - ETA: 1s - loss: 0.8087 - mean_absolute_error: 0.7119
773000/800167 [===========================>..] - ETA: 1s - loss: 0.8088 - mean_absolute_error: 0.7120
775000/800167 [============================>.] - ETA: 1s - loss: 0.8086 - mean_absolute_error: 0.7119
777000/800167 [============================>.] - ETA: 0s - loss: 0.8086 - mean_absolute_error: 0.7119
779000/800167 [============================>.] - ETA: 0s - loss: 0.8086 - mean_absolute_error: 0.7119
781000/800167 [============================>.] - ETA: 0s - loss: 0.8085 - mean_absolute_error: 0.7118
783000/800167 [============================>.] - ETA: 0s - loss: 0.8084 - mean_absolute_error: 0.7118
785000/800167 [============================>.] - ETA: 0s - loss: 0.8084 - mean_absolute_error: 0.7118
787000/800167 [============================>.] - ETA: 0s - loss: 0.8083 - mean_absolute_error: 0.7117
789000/800167 [============================>.] - ETA: 0s - loss: 0.8082 - mean_absolute_error: 0.7117
791000/800167 [============================>.] - ETA: 0s - loss: 0.8082 - mean_absolute_error: 0.7117
793000/800167 [============================>.] - ETA: 0s - loss: 0.8083 - mean_absolute_error: 0.7117
795000/800167 [============================>.] - ETA: 0s - loss: 0.8083 - mean_absolute_error: 0.7117
797000/800167 [============================>.] - ETA: 0s - loss: 0.8082 - mean_absolute_error: 0.7117
799000/800167 [============================>.] - ETA: 0s - loss: 0.8082 - mean_absolute_error: 0.7117
800000/800167 [============================>.] - ETA: 0s - loss: 0.8082 - mean_absolute_error: 0.7117
800167/800167 [==============================] - 35s 43us/step - loss: 0.8081 - mean_absolute_error: 0.7117 - val_loss: 0.7918 - val_mean_absolute_error: 0.7035
Epoch 6/6

  1000/800167 [..............................] - ETA: 27s - loss: 0.8250 - mean_absolute_error: 0.7161
  3000/800167 [..............................] - ETA: 28s - loss: 0.7676 - mean_absolute_error: 0.7007
  5000/800167 [..............................] - ETA: 28s - loss: 0.7773 - mean_absolute_error: 0.7005
  7000/800167 [..............................] - ETA: 29s - loss: 0.7719 - mean_absolute_error: 0.6985
  9000/800167 [..............................] - ETA: 29s - loss: 0.7761 - mean_absolute_error: 0.6987
 11000/800167 [..............................] - ETA: 29s - loss: 0.7813 - mean_absolute_error: 0.7006
 13000/800167 [..............................] - ETA: 29s - loss: 0.7866 - mean_absolute_error: 0.7024
 15000/800167 [..............................] - ETA: 29s - loss: 0.7865 - mean_absolute_error: 0.7018
 17000/800167 [..............................] - ETA: 28s - loss: 0.7866 - mean_absolute_error: 0.7016
 19000/800167 [..............................] - ETA: 28s - loss: 0.7850 - mean_absolute_error: 0.7019
 21000/800167 [..............................] - ETA: 28s - loss: 0.7858 - mean_absolute_error: 0.7018
 23000/800167 [..............................] - ETA: 28s - loss: 0.7845 - mean_absolute_error: 0.7010
 25000/800167 [..............................] - ETA: 29s - loss: 0.7859 - mean_absolute_error: 0.7014
 27000/800167 [>.............................] - ETA: 29s - loss: 0.7849 - mean_absolute_error: 0.7004
 29000/800167 [>.............................] - ETA: 28s - loss: 0.7864 - mean_absolute_error: 0.7012
 31000/800167 [>.............................] - ETA: 28s - loss: 0.7869 - mean_absolute_error: 0.7018
 33000/800167 [>.............................] - ETA: 28s - loss: 0.7903 - mean_absolute_error: 0.7035
 35000/800167 [>.............................] - ETA: 28s - loss: 0.7913 - mean_absolute_error: 0.7040
 37000/800167 [>.............................] - ETA: 28s - loss: 0.7911 - mean_absolute_error: 0.7038
 39000/800167 [>.............................] - ETA: 28s - loss: 0.7905 - mean_absolute_error: 0.7032
 41000/800167 [>.............................] - ETA: 28s - loss: 0.7911 - mean_absolute_error: 0.7035
 43000/800167 [>.............................] - ETA: 28s - loss: 0.7912 - mean_absolute_error: 0.7032
 45000/800167 [>.............................] - ETA: 28s - loss: 0.7907 - mean_absolute_error: 0.7027
 47000/800167 [>.............................] - ETA: 28s - loss: 0.7895 - mean_absolute_error: 0.7025
 49000/800167 [>.............................] - ETA: 28s - loss: 0.7923 - mean_absolute_error: 0.7040
 51000/800167 [>.............................] - ETA: 28s - loss: 0.7912 - mean_absolute_error: 0.7034
 53000/800167 [>.............................] - ETA: 28s - loss: 0.7912 - mean_absolute_error: 0.7034
 55000/800167 [=>............................] - ETA: 28s - loss: 0.7933 - mean_absolute_error: 0.7043
 57000/800167 [=>............................] - ETA: 27s - loss: 0.7929 - mean_absolute_error: 0.7045
 59000/800167 [=>............................] - ETA: 27s - loss: 0.7925 - mean_absolute_error: 0.7040
 61000/800167 [=>............................] - ETA: 27s - loss: 0.7944 - mean_absolute_error: 0.7049
 63000/800167 [=>............................] - ETA: 27s - loss: 0.7950 - mean_absolute_error: 0.7054
 65000/800167 [=>............................] - ETA: 27s - loss: 0.7932 - mean_absolute_error: 0.7048
 67000/800167 [=>............................] - ETA: 27s - loss: 0.7939 - mean_absolute_error: 0.7049
 69000/800167 [=>............................] - ETA: 27s - loss: 0.7937 - mean_absolute_error: 0.7047
 71000/800167 [=>............................] - ETA: 27s - loss: 0.7944 - mean_absolute_error: 0.7049
 73000/800167 [=>............................] - ETA: 27s - loss: 0.7949 - mean_absolute_error: 0.7051
 74000/800167 [=>............................] - ETA: 27s - loss: 0.7956 - mean_absolute_error: 0.7054
 76000/800167 [=>............................] - ETA: 27s - loss: 0.7960 - mean_absolute_error: 0.7053
 78000/800167 [=>............................] - ETA: 27s - loss: 0.7959 - mean_absolute_error: 0.7053
 80000/800167 [=>............................] - ETA: 27s - loss: 0.7960 - mean_absolute_error: 0.7053
 82000/800167 [==>...........................] - ETA: 27s - loss: 0.7952 - mean_absolute_error: 0.7050
 84000/800167 [==>...........................] - ETA: 27s - loss: 0.7958 - mean_absolute_error: 0.7051
 86000/800167 [==>...........................] - ETA: 27s - loss: 0.7971 - mean_absolute_error: 0.7058
 88000/800167 [==>...........................] - ETA: 27s - loss: 0.7969 - mean_absolute_error: 0.7057
 90000/800167 [==>...........................] - ETA: 27s - loss: 0.7975 - mean_absolute_error: 0.7061
 92000/800167 [==>...........................] - ETA: 26s - loss: 0.7974 - mean_absolute_error: 0.7059
 94000/800167 [==>...........................] - ETA: 26s - loss: 0.7971 - mean_absolute_error: 0.7058
 96000/800167 [==>...........................] - ETA: 26s - loss: 0.7965 - mean_absolute_error: 0.7057
 98000/800167 [==>...........................] - ETA: 26s - loss: 0.7954 - mean_absolute_error: 0.7052
100000/800167 [==>...........................] - ETA: 26s - loss: 0.7960 - mean_absolute_error: 0.7056
102000/800167 [==>...........................] - ETA: 26s - loss: 0.7949 - mean_absolute_error: 0.7053
104000/800167 [==>...........................] - ETA: 26s - loss: 0.7954 - mean_absolute_error: 0.7056
106000/800167 [==>...........................] - ETA: 26s - loss: 0.7951 - mean_absolute_error: 0.7053
108000/800167 [===>..........................] - ETA: 26s - loss: 0.7955 - mean_absolute_error: 0.7056
110000/800167 [===>..........................] - ETA: 26s - loss: 0.7951 - mean_absolute_error: 0.7056
112000/800167 [===>..........................] - ETA: 26s - loss: 0.7950 - mean_absolute_error: 0.7057
114000/800167 [===>..........................] - ETA: 26s - loss: 0.7943 - mean_absolute_error: 0.7053
116000/800167 [===>..........................] - ETA: 26s - loss: 0.7946 - mean_absolute_error: 0.7055
118000/800167 [===>..........................] - ETA: 25s - loss: 0.7950 - mean_absolute_error: 0.7057
120000/800167 [===>..........................] - ETA: 25s - loss: 0.7940 - mean_absolute_error: 0.7053
122000/800167 [===>..........................] - ETA: 25s - loss: 0.7935 - mean_absolute_error: 0.7049
124000/800167 [===>..........................] - ETA: 25s - loss: 0.7937 - mean_absolute_error: 0.7048
126000/800167 [===>..........................] - ETA: 25s - loss: 0.7934 - mean_absolute_error: 0.7048
128000/800167 [===>..........................] - ETA: 25s - loss: 0.7937 - mean_absolute_error: 0.7050
130000/800167 [===>..........................] - ETA: 25s - loss: 0.7936 - mean_absolute_error: 0.7048
132000/800167 [===>..........................] - ETA: 25s - loss: 0.7937 - mean_absolute_error: 0.7047
134000/800167 [====>.........................] - ETA: 25s - loss: 0.7944 - mean_absolute_error: 0.7051
136000/800167 [====>.........................] - ETA: 25s - loss: 0.7943 - mean_absolute_error: 0.7051
138000/800167 [====>.........................] - ETA: 25s - loss: 0.7942 - mean_absolute_error: 0.7051
140000/800167 [====>.........................] - ETA: 24s - loss: 0.7941 - mean_absolute_error: 0.7049
142000/800167 [====>.........................] - ETA: 24s - loss: 0.7942 - mean_absolute_error: 0.7050
144000/800167 [====>.........................] - ETA: 24s - loss: 0.7942 - mean_absolute_error: 0.7051
146000/800167 [====>.........................] - ETA: 24s - loss: 0.7944 - mean_absolute_error: 0.7051
148000/800167 [====>.........................] - ETA: 24s - loss: 0.7947 - mean_absolute_error: 0.7053
150000/800167 [====>.........................] - ETA: 24s - loss: 0.7946 - mean_absolute_error: 0.7054
152000/800167 [====>.........................] - ETA: 24s - loss: 0.7942 - mean_absolute_error: 0.7053
154000/800167 [====>.........................] - ETA: 24s - loss: 0.7941 - mean_absolute_error: 0.7051
156000/800167 [====>.........................] - ETA: 24s - loss: 0.7939 - mean_absolute_error: 0.7050
158000/800167 [====>.........................] - ETA: 24s - loss: 0.7938 - mean_absolute_error: 0.7050
160000/800167 [====>.........................] - ETA: 24s - loss: 0.7934 - mean_absolute_error: 0.7049
162000/800167 [=====>........................] - ETA: 24s - loss: 0.7933 - mean_absolute_error: 0.7048
164000/800167 [=====>........................] - ETA: 23s - loss: 0.7934 - mean_absolute_error: 0.7047
166000/800167 [=====>........................] - ETA: 23s - loss: 0.7936 - mean_absolute_error: 0.7048
168000/800167 [=====>........................] - ETA: 23s - loss: 0.7932 - mean_absolute_error: 0.7047
170000/800167 [=====>........................] - ETA: 23s - loss: 0.7928 - mean_absolute_error: 0.7046
172000/800167 [=====>........................] - ETA: 23s - loss: 0.7930 - mean_absolute_error: 0.7046
174000/800167 [=====>........................] - ETA: 23s - loss: 0.7930 - mean_absolute_error: 0.7047
176000/800167 [=====>........................] - ETA: 23s - loss: 0.7924 - mean_absolute_error: 0.7045
178000/800167 [=====>........................] - ETA: 23s - loss: 0.7922 - mean_absolute_error: 0.7044
180000/800167 [=====>........................] - ETA: 23s - loss: 0.7927 - mean_absolute_error: 0.7047
182000/800167 [=====>........................] - ETA: 23s - loss: 0.7929 - mean_absolute_error: 0.7048
184000/800167 [=====>........................] - ETA: 23s - loss: 0.7930 - mean_absolute_error: 0.7049
186000/800167 [=====>........................] - ETA: 23s - loss: 0.7926 - mean_absolute_error: 0.7047
188000/800167 [======>.......................] - ETA: 23s - loss: 0.7919 - mean_absolute_error: 0.7044
190000/800167 [======>.......................] - ETA: 22s - loss: 0.7918 - mean_absolute_error: 0.7044
192000/800167 [======>.......................] - ETA: 22s - loss: 0.7917 - mean_absolute_error: 0.7044
194000/800167 [======>.......................] - ETA: 22s - loss: 0.7915 - mean_absolute_error: 0.7043
196000/800167 [======>.......................] - ETA: 22s - loss: 0.7913 - mean_absolute_error: 0.7042
198000/800167 [======>.......................] - ETA: 22s - loss: 0.7912 - mean_absolute_error: 0.7041
200000/800167 [======>.......................] - ETA: 22s - loss: 0.7914 - mean_absolute_error: 0.7043
202000/800167 [======>.......................] - ETA: 22s - loss: 0.7916 - mean_absolute_error: 0.7044
204000/800167 [======>.......................] - ETA: 22s - loss: 0.7915 - mean_absolute_error: 0.7042
206000/800167 [======>.......................] - ETA: 22s - loss: 0.7913 - mean_absolute_error: 0.7041
208000/800167 [======>.......................] - ETA: 22s - loss: 0.7913 - mean_absolute_error: 0.7041
209000/800167 [======>.......................] - ETA: 22s - loss: 0.7912 - mean_absolute_error: 0.7041
211000/800167 [======>.......................] - ETA: 22s - loss: 0.7912 - mean_absolute_error: 0.7040
213000/800167 [======>.......................] - ETA: 22s - loss: 0.7907 - mean_absolute_error: 0.7038
215000/800167 [=======>......................] - ETA: 22s - loss: 0.7907 - mean_absolute_error: 0.7038
217000/800167 [=======>......................] - ETA: 21s - loss: 0.7908 - mean_absolute_error: 0.7038
219000/800167 [=======>......................] - ETA: 21s - loss: 0.7907 - mean_absolute_error: 0.7038
221000/800167 [=======>......................] - ETA: 21s - loss: 0.7906 - mean_absolute_error: 0.7038
223000/800167 [=======>......................] - ETA: 21s - loss: 0.7909 - mean_absolute_error: 0.7039
225000/800167 [=======>......................] - ETA: 21s - loss: 0.7906 - mean_absolute_error: 0.7038
227000/800167 [=======>......................] - ETA: 21s - loss: 0.7908 - mean_absolute_error: 0.7039
229000/800167 [=======>......................] - ETA: 21s - loss: 0.7905 - mean_absolute_error: 0.7037
231000/800167 [=======>......................] - ETA: 21s - loss: 0.7904 - mean_absolute_error: 0.7037
233000/800167 [=======>......................] - ETA: 21s - loss: 0.7904 - mean_absolute_error: 0.7037
235000/800167 [=======>......................] - ETA: 21s - loss: 0.7902 - mean_absolute_error: 0.7036
237000/800167 [=======>......................] - ETA: 21s - loss: 0.7900 - mean_absolute_error: 0.7035
239000/800167 [=======>......................] - ETA: 21s - loss: 0.7898 - mean_absolute_error: 0.7034
241000/800167 [========>.....................] - ETA: 21s - loss: 0.7897 - mean_absolute_error: 0.7034
243000/800167 [========>.....................] - ETA: 20s - loss: 0.7897 - mean_absolute_error: 0.7034
245000/800167 [========>.....................] - ETA: 20s - loss: 0.7895 - mean_absolute_error: 0.7033
247000/800167 [========>.....................] - ETA: 20s - loss: 0.7892 - mean_absolute_error: 0.7031
249000/800167 [========>.....................] - ETA: 20s - loss: 0.7888 - mean_absolute_error: 0.7029
251000/800167 [========>.....................] - ETA: 20s - loss: 0.7886 - mean_absolute_error: 0.7028
253000/800167 [========>.....................] - ETA: 20s - loss: 0.7884 - mean_absolute_error: 0.7027
255000/800167 [========>.....................] - ETA: 20s - loss: 0.7882 - mean_absolute_error: 0.7027
256000/800167 [========>.....................] - ETA: 20s - loss: 0.7879 - mean_absolute_error: 0.7025
258000/800167 [========>.....................] - ETA: 20s - loss: 0.7879 - mean_absolute_error: 0.7025
260000/800167 [========>.....................] - ETA: 20s - loss: 0.7876 - mean_absolute_error: 0.7024
262000/800167 [========>.....................] - ETA: 20s - loss: 0.7872 - mean_absolute_error: 0.7022
264000/800167 [========>.....................] - ETA: 20s - loss: 0.7870 - mean_absolute_error: 0.7021
266000/800167 [========>.....................] - ETA: 20s - loss: 0.7870 - mean_absolute_error: 0.7021
267000/800167 [=========>....................] - ETA: 20s - loss: 0.7866 - mean_absolute_error: 0.7019
268000/800167 [=========>....................] - ETA: 20s - loss: 0.7867 - mean_absolute_error: 0.7019
269000/800167 [=========>....................] - ETA: 20s - loss: 0.7866 - mean_absolute_error: 0.7019
270000/800167 [=========>....................] - ETA: 20s - loss: 0.7864 - mean_absolute_error: 0.7017
271000/800167 [=========>....................] - ETA: 20s - loss: 0.7863 - mean_absolute_error: 0.7017
273000/800167 [=========>....................] - ETA: 20s - loss: 0.7861 - mean_absolute_error: 0.7016
275000/800167 [=========>....................] - ETA: 20s - loss: 0.7859 - mean_absolute_error: 0.7015
277000/800167 [=========>....................] - ETA: 20s - loss: 0.7858 - mean_absolute_error: 0.7014
278000/800167 [=========>....................] - ETA: 20s - loss: 0.7858 - mean_absolute_error: 0.7014
280000/800167 [=========>....................] - ETA: 20s - loss: 0.7860 - mean_absolute_error: 0.7016
282000/800167 [=========>....................] - ETA: 20s - loss: 0.7861 - mean_absolute_error: 0.7016
283000/800167 [=========>....................] - ETA: 20s - loss: 0.7863 - mean_absolute_error: 0.7016
285000/800167 [=========>....................] - ETA: 20s - loss: 0.7863 - mean_absolute_error: 0.7016
287000/800167 [=========>....................] - ETA: 19s - loss: 0.7859 - mean_absolute_error: 0.7014
289000/800167 [=========>....................] - ETA: 19s - loss: 0.7854 - mean_absolute_error: 0.7012
290000/800167 [=========>....................] - ETA: 19s - loss: 0.7853 - mean_absolute_error: 0.7011
292000/800167 [=========>....................] - ETA: 19s - loss: 0.7851 - mean_absolute_error: 0.7011
294000/800167 [==========>...................] - ETA: 19s - loss: 0.7852 - mean_absolute_error: 0.7011
296000/800167 [==========>...................] - ETA: 19s - loss: 0.7848 - mean_absolute_error: 0.7010
298000/800167 [==========>...................] - ETA: 19s - loss: 0.7846 - mean_absolute_error: 0.7009
300000/800167 [==========>...................] - ETA: 19s - loss: 0.7845 - mean_absolute_error: 0.7008
302000/800167 [==========>...................] - ETA: 19s - loss: 0.7847 - mean_absolute_error: 0.7009
304000/800167 [==========>...................] - ETA: 19s - loss: 0.7845 - mean_absolute_error: 0.7008
305000/800167 [==========>...................] - ETA: 19s - loss: 0.7845 - mean_absolute_error: 0.7008
307000/800167 [==========>...................] - ETA: 19s - loss: 0.7843 - mean_absolute_error: 0.7007
309000/800167 [==========>...................] - ETA: 19s - loss: 0.7844 - mean_absolute_error: 0.7008
310000/800167 [==========>...................] - ETA: 19s - loss: 0.7844 - mean_absolute_error: 0.7008
312000/800167 [==========>...................] - ETA: 19s - loss: 0.7842 - mean_absolute_error: 0.7007
314000/800167 [==========>...................] - ETA: 19s - loss: 0.7846 - mean_absolute_error: 0.7009
316000/800167 [==========>...................] - ETA: 18s - loss: 0.7847 - mean_absolute_error: 0.7009
318000/800167 [==========>...................] - ETA: 18s - loss: 0.7850 - mean_absolute_error: 0.7011
320000/800167 [==========>...................] - ETA: 18s - loss: 0.7850 - mean_absolute_error: 0.7011
321000/800167 [===========>..................] - ETA: 18s - loss: 0.7850 - mean_absolute_error: 0.7011
323000/800167 [===========>..................] - ETA: 18s - loss: 0.7847 - mean_absolute_error: 0.7009
325000/800167 [===========>..................] - ETA: 18s - loss: 0.7847 - mean_absolute_error: 0.7008
327000/800167 [===========>..................] - ETA: 18s - loss: 0.7847 - mean_absolute_error: 0.7009
328000/800167 [===========>..................] - ETA: 18s - loss: 0.7849 - mean_absolute_error: 0.7010
330000/800167 [===========>..................] - ETA: 18s - loss: 0.7848 - mean_absolute_error: 0.7010
332000/800167 [===========>..................] - ETA: 18s - loss: 0.7848 - mean_absolute_error: 0.7009
334000/800167 [===========>..................] - ETA: 18s - loss: 0.7848 - mean_absolute_error: 0.7009
336000/800167 [===========>..................] - ETA: 18s - loss: 0.7845 - mean_absolute_error: 0.7008
338000/800167 [===========>..................] - ETA: 18s - loss: 0.7846 - mean_absolute_error: 0.7009
340000/800167 [===========>..................] - ETA: 18s - loss: 0.7846 - mean_absolute_error: 0.7008
342000/800167 [===========>..................] - ETA: 18s - loss: 0.7845 - mean_absolute_error: 0.7008
344000/800167 [===========>..................] - ETA: 17s - loss: 0.7846 - mean_absolute_error: 0.7008
346000/800167 [===========>..................] - ETA: 17s - loss: 0.7844 - mean_absolute_error: 0.7008
348000/800167 [============>.................] - ETA: 17s - loss: 0.7844 - mean_absolute_error: 0.7008
350000/800167 [============>.................] - ETA: 17s - loss: 0.7846 - mean_absolute_error: 0.7008
352000/800167 [============>.................] - ETA: 17s - loss: 0.7845 - mean_absolute_error: 0.7007
354000/800167 [============>.................] - ETA: 17s - loss: 0.7846 - mean_absolute_error: 0.7008
356000/800167 [============>.................] - ETA: 17s - loss: 0.7845 - mean_absolute_error: 0.7007
358000/800167 [============>.................] - ETA: 17s - loss: 0.7844 - mean_absolute_error: 0.7006
360000/800167 [============>.................] - ETA: 17s - loss: 0.7842 - mean_absolute_error: 0.7005
361000/800167 [============>.................] - ETA: 17s - loss: 0.7842 - mean_absolute_error: 0.7004
362000/800167 [============>.................] - ETA: 17s - loss: 0.7844 - mean_absolute_error: 0.7006
363000/800167 [============>.................] - ETA: 17s - loss: 0.7846 - mean_absolute_error: 0.7006
364000/800167 [============>.................] - ETA: 17s - loss: 0.7845 - mean_absolute_error: 0.7006
365000/800167 [============>.................] - ETA: 17s - loss: 0.7845 - mean_absolute_error: 0.7006
366000/800167 [============>.................] - ETA: 17s - loss: 0.7847 - mean_absolute_error: 0.7006
368000/800167 [============>.................] - ETA: 17s - loss: 0.7847 - mean_absolute_error: 0.7006
369000/800167 [============>.................] - ETA: 17s - loss: 0.7848 - mean_absolute_error: 0.7007
370000/800167 [============>.................] - ETA: 17s - loss: 0.7848 - mean_absolute_error: 0.7007
371000/800167 [============>.................] - ETA: 17s - loss: 0.7849 - mean_absolute_error: 0.7007
372000/800167 [============>.................] - ETA: 17s - loss: 0.7847 - mean_absolute_error: 0.7007
373000/800167 [============>.................] - ETA: 17s - loss: 0.7846 - mean_absolute_error: 0.7007
374000/800167 [=============>................] - ETA: 17s - loss: 0.7846 - mean_absolute_error: 0.7006
376000/800167 [=============>................] - ETA: 17s - loss: 0.7846 - mean_absolute_error: 0.7006
378000/800167 [=============>................] - ETA: 16s - loss: 0.7847 - mean_absolute_error: 0.7006
380000/800167 [=============>................] - ETA: 16s - loss: 0.7847 - mean_absolute_error: 0.7007
382000/800167 [=============>................] - ETA: 16s - loss: 0.7849 - mean_absolute_error: 0.7008
384000/800167 [=============>................] - ETA: 16s - loss: 0.7849 - mean_absolute_error: 0.7008
386000/800167 [=============>................] - ETA: 16s - loss: 0.7849 - mean_absolute_error: 0.7008
388000/800167 [=============>................] - ETA: 16s - loss: 0.7849 - mean_absolute_error: 0.7008
390000/800167 [=============>................] - ETA: 16s - loss: 0.7850 - mean_absolute_error: 0.7009
392000/800167 [=============>................] - ETA: 16s - loss: 0.7850 - mean_absolute_error: 0.7009
394000/800167 [=============>................] - ETA: 16s - loss: 0.7850 - mean_absolute_error: 0.7009
396000/800167 [=============>................] - ETA: 16s - loss: 0.7851 - mean_absolute_error: 0.7009
398000/800167 [=============>................] - ETA: 16s - loss: 0.7848 - mean_absolute_error: 0.7007
400000/800167 [=============>................] - ETA: 16s - loss: 0.7847 - mean_absolute_error: 0.7007
402000/800167 [==============>...............] - ETA: 15s - loss: 0.7849 - mean_absolute_error: 0.7008
404000/800167 [==============>...............] - ETA: 15s - loss: 0.7849 - mean_absolute_error: 0.7008
406000/800167 [==============>...............] - ETA: 15s - loss: 0.7849 - mean_absolute_error: 0.7008
408000/800167 [==============>...............] - ETA: 15s - loss: 0.7849 - mean_absolute_error: 0.7008
410000/800167 [==============>...............] - ETA: 15s - loss: 0.7852 - mean_absolute_error: 0.7009
411000/800167 [==============>...............] - ETA: 15s - loss: 0.7851 - mean_absolute_error: 0.7009
412000/800167 [==============>...............] - ETA: 15s - loss: 0.7849 - mean_absolute_error: 0.7008
413000/800167 [==============>...............] - ETA: 15s - loss: 0.7849 - mean_absolute_error: 0.7009
414000/800167 [==============>...............] - ETA: 15s - loss: 0.7850 - mean_absolute_error: 0.7009
415000/800167 [==============>...............] - ETA: 15s - loss: 0.7849 - mean_absolute_error: 0.7009
417000/800167 [==============>...............] - ETA: 15s - loss: 0.7849 - mean_absolute_error: 0.7009
419000/800167 [==============>...............] - ETA: 15s - loss: 0.7847 - mean_absolute_error: 0.7008
420000/800167 [==============>...............] - ETA: 15s - loss: 0.7849 - mean_absolute_error: 0.7009
421000/800167 [==============>...............] - ETA: 15s - loss: 0.7847 - mean_absolute_error: 0.7008
422000/800167 [==============>...............] - ETA: 15s - loss: 0.7848 - mean_absolute_error: 0.7008
423000/800167 [==============>...............] - ETA: 15s - loss: 0.7848 - mean_absolute_error: 0.7008
424000/800167 [==============>...............] - ETA: 15s - loss: 0.7848 - mean_absolute_error: 0.7008
426000/800167 [==============>...............] - ETA: 15s - loss: 0.7848 - mean_absolute_error: 0.7008
427000/800167 [===============>..............] - ETA: 15s - loss: 0.7847 - mean_absolute_error: 0.7008
429000/800167 [===============>..............] - ETA: 15s - loss: 0.7849 - mean_absolute_error: 0.7008
431000/800167 [===============>..............] - ETA: 15s - loss: 0.7849 - mean_absolute_error: 0.7008
432000/800167 [===============>..............] - ETA: 15s - loss: 0.7849 - mean_absolute_error: 0.7008
433000/800167 [===============>..............] - ETA: 15s - loss: 0.7848 - mean_absolute_error: 0.7008
435000/800167 [===============>..............] - ETA: 15s - loss: 0.7849 - mean_absolute_error: 0.7009
437000/800167 [===============>..............] - ETA: 15s - loss: 0.7849 - mean_absolute_error: 0.7008
439000/800167 [===============>..............] - ETA: 14s - loss: 0.7849 - mean_absolute_error: 0.7008
441000/800167 [===============>..............] - ETA: 14s - loss: 0.7849 - mean_absolute_error: 0.7009
442000/800167 [===============>..............] - ETA: 14s - loss: 0.7850 - mean_absolute_error: 0.7009
444000/800167 [===============>..............] - ETA: 14s - loss: 0.7849 - mean_absolute_error: 0.7009
446000/800167 [===============>..............] - ETA: 14s - loss: 0.7849 - mean_absolute_error: 0.7008
448000/800167 [===============>..............] - ETA: 14s - loss: 0.7847 - mean_absolute_error: 0.7007
450000/800167 [===============>..............] - ETA: 14s - loss: 0.7846 - mean_absolute_error: 0.7007
452000/800167 [===============>..............] - ETA: 14s - loss: 0.7846 - mean_absolute_error: 0.7007
454000/800167 [================>.............] - ETA: 14s - loss: 0.7844 - mean_absolute_error: 0.7006
456000/800167 [================>.............] - ETA: 14s - loss: 0.7845 - mean_absolute_error: 0.7006
458000/800167 [================>.............] - ETA: 14s - loss: 0.7845 - mean_absolute_error: 0.7006
460000/800167 [================>.............] - ETA: 14s - loss: 0.7843 - mean_absolute_error: 0.7005
462000/800167 [================>.............] - ETA: 13s - loss: 0.7842 - mean_absolute_error: 0.7005
464000/800167 [================>.............] - ETA: 13s - loss: 0.7843 - mean_absolute_error: 0.7006
466000/800167 [================>.............] - ETA: 13s - loss: 0.7842 - mean_absolute_error: 0.7005
467000/800167 [================>.............] - ETA: 13s - loss: 0.7843 - mean_absolute_error: 0.7005
468000/800167 [================>.............] - ETA: 13s - loss: 0.7843 - mean_absolute_error: 0.7005
469000/800167 [================>.............] - ETA: 13s - loss: 0.7842 - mean_absolute_error: 0.7005
471000/800167 [================>.............] - ETA: 13s - loss: 0.7841 - mean_absolute_error: 0.7005
473000/800167 [================>.............] - ETA: 13s - loss: 0.7842 - mean_absolute_error: 0.7005
475000/800167 [================>.............] - ETA: 13s - loss: 0.7841 - mean_absolute_error: 0.7004
477000/800167 [================>.............] - ETA: 13s - loss: 0.7841 - mean_absolute_error: 0.7005
479000/800167 [================>.............] - ETA: 13s - loss: 0.7842 - mean_absolute_error: 0.7005
481000/800167 [=================>............] - ETA: 13s - loss: 0.7841 - mean_absolute_error: 0.7005
483000/800167 [=================>............] - ETA: 13s - loss: 0.7841 - mean_absolute_error: 0.7004
485000/800167 [=================>............] - ETA: 13s - loss: 0.7843 - mean_absolute_error: 0.7005
487000/800167 [=================>............] - ETA: 13s - loss: 0.7844 - mean_absolute_error: 0.7006
489000/800167 [=================>............] - ETA: 12s - loss: 0.7845 - mean_absolute_error: 0.7006
491000/800167 [=================>............] - ETA: 12s - loss: 0.7845 - mean_absolute_error: 0.7006
492000/800167 [=================>............] - ETA: 12s - loss: 0.7845 - mean_absolute_error: 0.7005
493000/800167 [=================>............] - ETA: 12s - loss: 0.7844 - mean_absolute_error: 0.7005
494000/800167 [=================>............] - ETA: 12s - loss: 0.7843 - mean_absolute_error: 0.7005
495000/800167 [=================>............] - ETA: 12s - loss: 0.7842 - mean_absolute_error: 0.7004
497000/800167 [=================>............] - ETA: 12s - loss: 0.7840 - mean_absolute_error: 0.7003
499000/800167 [=================>............] - ETA: 12s - loss: 0.7838 - mean_absolute_error: 0.7003
501000/800167 [=================>............] - ETA: 12s - loss: 0.7836 - mean_absolute_error: 0.7002
503000/800167 [=================>............] - ETA: 12s - loss: 0.7835 - mean_absolute_error: 0.7001
505000/800167 [=================>............] - ETA: 12s - loss: 0.7836 - mean_absolute_error: 0.7001
507000/800167 [==================>...........] - ETA: 12s - loss: 0.7834 - mean_absolute_error: 0.7000
509000/800167 [==================>...........] - ETA: 12s - loss: 0.7833 - mean_absolute_error: 0.7000
511000/800167 [==================>...........] - ETA: 12s - loss: 0.7832 - mean_absolute_error: 0.7000
513000/800167 [==================>...........] - ETA: 11s - loss: 0.7831 - mean_absolute_error: 0.6999
515000/800167 [==================>...........] - ETA: 11s - loss: 0.7830 - mean_absolute_error: 0.6998
517000/800167 [==================>...........] - ETA: 11s - loss: 0.7829 - mean_absolute_error: 0.6998
519000/800167 [==================>...........] - ETA: 11s - loss: 0.7828 - mean_absolute_error: 0.6998
521000/800167 [==================>...........] - ETA: 11s - loss: 0.7827 - mean_absolute_error: 0.6997
523000/800167 [==================>...........] - ETA: 11s - loss: 0.7827 - mean_absolute_error: 0.6997
525000/800167 [==================>...........] - ETA: 11s - loss: 0.7828 - mean_absolute_error: 0.6998
527000/800167 [==================>...........] - ETA: 11s - loss: 0.7828 - mean_absolute_error: 0.6998
529000/800167 [==================>...........] - ETA: 11s - loss: 0.7829 - mean_absolute_error: 0.6998
531000/800167 [==================>...........] - ETA: 11s - loss: 0.7829 - mean_absolute_error: 0.6998
533000/800167 [==================>...........] - ETA: 11s - loss: 0.7827 - mean_absolute_error: 0.6997
535000/800167 [===================>..........] - ETA: 11s - loss: 0.7827 - mean_absolute_error: 0.6998
537000/800167 [===================>..........] - ETA: 10s - loss: 0.7827 - mean_absolute_error: 0.6997
539000/800167 [===================>..........] - ETA: 10s - loss: 0.7827 - mean_absolute_error: 0.6997
541000/800167 [===================>..........] - ETA: 10s - loss: 0.7827 - mean_absolute_error: 0.6997
543000/800167 [===================>..........] - ETA: 10s - loss: 0.7826 - mean_absolute_error: 0.6997
545000/800167 [===================>..........] - ETA: 10s - loss: 0.7827 - mean_absolute_error: 0.6997
547000/800167 [===================>..........] - ETA: 10s - loss: 0.7827 - mean_absolute_error: 0.6998
549000/800167 [===================>..........] - ETA: 10s - loss: 0.7829 - mean_absolute_error: 0.6999
551000/800167 [===================>..........] - ETA: 10s - loss: 0.7829 - mean_absolute_error: 0.6998
553000/800167 [===================>..........] - ETA: 10s - loss: 0.7827 - mean_absolute_error: 0.6998
555000/800167 [===================>..........] - ETA: 10s - loss: 0.7826 - mean_absolute_error: 0.6997
557000/800167 [===================>..........] - ETA: 10s - loss: 0.7827 - mean_absolute_error: 0.6997
559000/800167 [===================>..........] - ETA: 10s - loss: 0.7827 - mean_absolute_error: 0.6997
561000/800167 [====================>.........] - ETA: 9s - loss: 0.7826 - mean_absolute_error: 0.6997 
563000/800167 [====================>.........] - ETA: 9s - loss: 0.7826 - mean_absolute_error: 0.6997
565000/800167 [====================>.........] - ETA: 9s - loss: 0.7826 - mean_absolute_error: 0.6997
567000/800167 [====================>.........] - ETA: 9s - loss: 0.7825 - mean_absolute_error: 0.6996
569000/800167 [====================>.........] - ETA: 9s - loss: 0.7825 - mean_absolute_error: 0.6996
571000/800167 [====================>.........] - ETA: 9s - loss: 0.7822 - mean_absolute_error: 0.6995
573000/800167 [====================>.........] - ETA: 9s - loss: 0.7821 - mean_absolute_error: 0.6995
575000/800167 [====================>.........] - ETA: 9s - loss: 0.7822 - mean_absolute_error: 0.6995
577000/800167 [====================>.........] - ETA: 9s - loss: 0.7822 - mean_absolute_error: 0.6995
579000/800167 [====================>.........] - ETA: 9s - loss: 0.7822 - mean_absolute_error: 0.6995
581000/800167 [====================>.........] - ETA: 9s - loss: 0.7821 - mean_absolute_error: 0.6995
583000/800167 [====================>.........] - ETA: 8s - loss: 0.7821 - mean_absolute_error: 0.6994
585000/800167 [====================>.........] - ETA: 8s - loss: 0.7819 - mean_absolute_error: 0.6994
587000/800167 [=====================>........] - ETA: 8s - loss: 0.7819 - mean_absolute_error: 0.6993
589000/800167 [=====================>........] - ETA: 8s - loss: 0.7818 - mean_absolute_error: 0.6993
591000/800167 [=====================>........] - ETA: 8s - loss: 0.7817 - mean_absolute_error: 0.6992
593000/800167 [=====================>........] - ETA: 8s - loss: 0.7816 - mean_absolute_error: 0.6991
595000/800167 [=====================>........] - ETA: 8s - loss: 0.7816 - mean_absolute_error: 0.6992
597000/800167 [=====================>........] - ETA: 8s - loss: 0.7817 - mean_absolute_error: 0.6992
599000/800167 [=====================>........] - ETA: 8s - loss: 0.7816 - mean_absolute_error: 0.6992
601000/800167 [=====================>........] - ETA: 8s - loss: 0.7814 - mean_absolute_error: 0.6991
603000/800167 [=====================>........] - ETA: 8s - loss: 0.7813 - mean_absolute_error: 0.6991
605000/800167 [=====================>........] - ETA: 8s - loss: 0.7813 - mean_absolute_error: 0.6991
607000/800167 [=====================>........] - ETA: 7s - loss: 0.7812 - mean_absolute_error: 0.6990
609000/800167 [=====================>........] - ETA: 7s - loss: 0.7811 - mean_absolute_error: 0.6990
611000/800167 [=====================>........] - ETA: 7s - loss: 0.7809 - mean_absolute_error: 0.6989
613000/800167 [=====================>........] - ETA: 7s - loss: 0.7808 - mean_absolute_error: 0.6988
615000/800167 [======================>.......] - ETA: 7s - loss: 0.7808 - mean_absolute_error: 0.6988
617000/800167 [======================>.......] - ETA: 7s - loss: 0.7807 - mean_absolute_error: 0.6988
619000/800167 [======================>.......] - ETA: 7s - loss: 0.7806 - mean_absolute_error: 0.6988
621000/800167 [======================>.......] - ETA: 7s - loss: 0.7807 - mean_absolute_error: 0.6988
623000/800167 [======================>.......] - ETA: 7s - loss: 0.7807 - mean_absolute_error: 0.6988
625000/800167 [======================>.......] - ETA: 7s - loss: 0.7806 - mean_absolute_error: 0.6987
627000/800167 [======================>.......] - ETA: 7s - loss: 0.7806 - mean_absolute_error: 0.6987
629000/800167 [======================>.......] - ETA: 7s - loss: 0.7805 - mean_absolute_error: 0.6987
631000/800167 [======================>.......] - ETA: 6s - loss: 0.7805 - mean_absolute_error: 0.6987
633000/800167 [======================>.......] - ETA: 6s - loss: 0.7803 - mean_absolute_error: 0.6986
635000/800167 [======================>.......] - ETA: 6s - loss: 0.7803 - mean_absolute_error: 0.6987
637000/800167 [======================>.......] - ETA: 6s - loss: 0.7803 - mean_absolute_error: 0.6986
639000/800167 [======================>.......] - ETA: 6s - loss: 0.7803 - mean_absolute_error: 0.6987
641000/800167 [=======================>......] - ETA: 6s - loss: 0.7805 - mean_absolute_error: 0.6988
643000/800167 [=======================>......] - ETA: 6s - loss: 0.7805 - mean_absolute_error: 0.6987
645000/800167 [=======================>......] - ETA: 6s - loss: 0.7806 - mean_absolute_error: 0.6988
647000/800167 [=======================>......] - ETA: 6s - loss: 0.7806 - mean_absolute_error: 0.6988
649000/800167 [=======================>......] - ETA: 6s - loss: 0.7807 - mean_absolute_error: 0.6989
651000/800167 [=======================>......] - ETA: 6s - loss: 0.7808 - mean_absolute_error: 0.6989
653000/800167 [=======================>......] - ETA: 6s - loss: 0.7808 - mean_absolute_error: 0.6989
655000/800167 [=======================>......] - ETA: 5s - loss: 0.7808 - mean_absolute_error: 0.6989
657000/800167 [=======================>......] - ETA: 5s - loss: 0.7808 - mean_absolute_error: 0.6989
659000/800167 [=======================>......] - ETA: 5s - loss: 0.7809 - mean_absolute_error: 0.6989
661000/800167 [=======================>......] - ETA: 5s - loss: 0.7807 - mean_absolute_error: 0.6989
663000/800167 [=======================>......] - ETA: 5s - loss: 0.7808 - mean_absolute_error: 0.6989
665000/800167 [=======================>......] - ETA: 5s - loss: 0.7807 - mean_absolute_error: 0.6989
667000/800167 [========================>.....] - ETA: 5s - loss: 0.7807 - mean_absolute_error: 0.6989
669000/800167 [========================>.....] - ETA: 5s - loss: 0.7807 - mean_absolute_error: 0.6989
670000/800167 [========================>.....] - ETA: 5s - loss: 0.7807 - mean_absolute_error: 0.6989
672000/800167 [========================>.....] - ETA: 5s - loss: 0.7806 - mean_absolute_error: 0.6988
673000/800167 [========================>.....] - ETA: 5s - loss: 0.7806 - mean_absolute_error: 0.6988
675000/800167 [========================>.....] - ETA: 5s - loss: 0.7806 - mean_absolute_error: 0.6988
677000/800167 [========================>.....] - ETA: 5s - loss: 0.7806 - mean_absolute_error: 0.6988
679000/800167 [========================>.....] - ETA: 4s - loss: 0.7806 - mean_absolute_error: 0.6988
681000/800167 [========================>.....] - ETA: 4s - loss: 0.7804 - mean_absolute_error: 0.6987
683000/800167 [========================>.....] - ETA: 4s - loss: 0.7805 - mean_absolute_error: 0.6988
685000/800167 [========================>.....] - ETA: 4s - loss: 0.7803 - mean_absolute_error: 0.6987
687000/800167 [========================>.....] - ETA: 4s - loss: 0.7803 - mean_absolute_error: 0.6987
689000/800167 [========================>.....] - ETA: 4s - loss: 0.7802 - mean_absolute_error: 0.6986
691000/800167 [========================>.....] - ETA: 4s - loss: 0.7801 - mean_absolute_error: 0.6986
693000/800167 [========================>.....] - ETA: 4s - loss: 0.7800 - mean_absolute_error: 0.6985
695000/800167 [=========================>....] - ETA: 4s - loss: 0.7799 - mean_absolute_error: 0.6985
697000/800167 [=========================>....] - ETA: 4s - loss: 0.7798 - mean_absolute_error: 0.6984
699000/800167 [=========================>....] - ETA: 4s - loss: 0.7797 - mean_absolute_error: 0.6984
701000/800167 [=========================>....] - ETA: 4s - loss: 0.7796 - mean_absolute_error: 0.6983
703000/800167 [=========================>....] - ETA: 3s - loss: 0.7796 - mean_absolute_error: 0.6983
705000/800167 [=========================>....] - ETA: 3s - loss: 0.7795 - mean_absolute_error: 0.6983
707000/800167 [=========================>....] - ETA: 3s - loss: 0.7796 - mean_absolute_error: 0.6983
709000/800167 [=========================>....] - ETA: 3s - loss: 0.7794 - mean_absolute_error: 0.6982
711000/800167 [=========================>....] - ETA: 3s - loss: 0.7794 - mean_absolute_error: 0.6982
713000/800167 [=========================>....] - ETA: 3s - loss: 0.7794 - mean_absolute_error: 0.6982
715000/800167 [=========================>....] - ETA: 3s - loss: 0.7794 - mean_absolute_error: 0.6982
717000/800167 [=========================>....] - ETA: 3s - loss: 0.7795 - mean_absolute_error: 0.6982
719000/800167 [=========================>....] - ETA: 3s - loss: 0.7793 - mean_absolute_error: 0.6982
721000/800167 [==========================>...] - ETA: 3s - loss: 0.7794 - mean_absolute_error: 0.6982
723000/800167 [==========================>...] - ETA: 3s - loss: 0.7794 - mean_absolute_error: 0.6982
725000/800167 [==========================>...] - ETA: 3s - loss: 0.7793 - mean_absolute_error: 0.6981
727000/800167 [==========================>...] - ETA: 2s - loss: 0.7793 - mean_absolute_error: 0.6981
729000/800167 [==========================>...] - ETA: 2s - loss: 0.7792 - mean_absolute_error: 0.6981
731000/800167 [==========================>...] - ETA: 2s - loss: 0.7791 - mean_absolute_error: 0.6980
733000/800167 [==========================>...] - ETA: 2s - loss: 0.7790 - mean_absolute_error: 0.6980
735000/800167 [==========================>...] - ETA: 2s - loss: 0.7789 - mean_absolute_error: 0.6979
737000/800167 [==========================>...] - ETA: 2s - loss: 0.7789 - mean_absolute_error: 0.6979
739000/800167 [==========================>...] - ETA: 2s - loss: 0.7788 - mean_absolute_error: 0.6979
741000/800167 [==========================>...] - ETA: 2s - loss: 0.7787 - mean_absolute_error: 0.6979
743000/800167 [==========================>...] - ETA: 2s - loss: 0.7787 - mean_absolute_error: 0.6978
745000/800167 [==========================>...] - ETA: 2s - loss: 0.7786 - mean_absolute_error: 0.6978
747000/800167 [===========================>..] - ETA: 2s - loss: 0.7785 - mean_absolute_error: 0.6978
749000/800167 [===========================>..] - ETA: 2s - loss: 0.7783 - mean_absolute_error: 0.6977
751000/800167 [===========================>..] - ETA: 1s - loss: 0.7782 - mean_absolute_error: 0.6977
753000/800167 [===========================>..] - ETA: 1s - loss: 0.7782 - mean_absolute_error: 0.6977
755000/800167 [===========================>..] - ETA: 1s - loss: 0.7782 - mean_absolute_error: 0.6976
757000/800167 [===========================>..] - ETA: 1s - loss: 0.7781 - mean_absolute_error: 0.6976
759000/800167 [===========================>..] - ETA: 1s - loss: 0.7780 - mean_absolute_error: 0.6976
761000/800167 [===========================>..] - ETA: 1s - loss: 0.7779 - mean_absolute_error: 0.6975
763000/800167 [===========================>..] - ETA: 1s - loss: 0.7778 - mean_absolute_error: 0.6975
765000/800167 [===========================>..] - ETA: 1s - loss: 0.7778 - mean_absolute_error: 0.6974
767000/800167 [===========================>..] - ETA: 1s - loss: 0.7778 - mean_absolute_error: 0.6974
769000/800167 [===========================>..] - ETA: 1s - loss: 0.7777 - mean_absolute_error: 0.6974
771000/800167 [===========================>..] - ETA: 1s - loss: 0.7777 - mean_absolute_error: 0.6974
773000/800167 [===========================>..] - ETA: 1s - loss: 0.7778 - mean_absolute_error: 0.6974
775000/800167 [============================>.] - ETA: 1s - loss: 0.7776 - mean_absolute_error: 0.6974
777000/800167 [============================>.] - ETA: 0s - loss: 0.7776 - mean_absolute_error: 0.6973
779000/800167 [============================>.] - ETA: 0s - loss: 0.7775 - mean_absolute_error: 0.6973
781000/800167 [============================>.] - ETA: 0s - loss: 0.7774 - mean_absolute_error: 0.6973
783000/800167 [============================>.] - ETA: 0s - loss: 0.7773 - mean_absolute_error: 0.6972
785000/800167 [============================>.] - ETA: 0s - loss: 0.7773 - mean_absolute_error: 0.6972
787000/800167 [============================>.] - ETA: 0s - loss: 0.7771 - mean_absolute_error: 0.6971
789000/800167 [============================>.] - ETA: 0s - loss: 0.7771 - mean_absolute_error: 0.6971
791000/800167 [============================>.] - ETA: 0s - loss: 0.7771 - mean_absolute_error: 0.6971
793000/800167 [============================>.] - ETA: 0s - loss: 0.7771 - mean_absolute_error: 0.6971
795000/800167 [============================>.] - ETA: 0s - loss: 0.7771 - mean_absolute_error: 0.6972
797000/800167 [============================>.] - ETA: 0s - loss: 0.7771 - mean_absolute_error: 0.6971
799000/800167 [============================>.] - ETA: 0s - loss: 0.7770 - mean_absolute_error: 0.6971
800167/800167 [==============================] - 34s 43us/step - loss: 0.7769 - mean_absolute_error: 0.6971 - val_loss: 0.7850 - val_mean_absolute_error: 0.6995

Process finished with exit code 0
